[1.831s] Invoking command in '/home/jeff/theimc_robot/src/theimc_bringup': PYTHONPATH=/home/jeff/theimc_robot/build/theimc_bringup/prefix_override:/usr/lib/python3/dist-packages/colcon_core/task/python/colcon_distutils_commands:/home/jeff/theimc_robot/install/theimc_bringup/lib/python3.10/site-packages:${PYTHONPATH} /usr/bin/python3 -W ignore:setup.py install is deprecated -W ignore:easy_install command is deprecated setup.py egg_info --egg-base ../../build/theimc_bringup build --build-base /home/jeff/theimc_robot/build/theimc_bringup/build install --record /home/jeff/theimc_robot/build/theimc_bringup/install.log --install-scripts $base/lib/theimc_bringup --single-version-externally-managed install_data
[3.391s] running egg_info
[3.393s] creating ../../build/theimc_bringup/theimc_bringup.egg-info
[3.405s] writing ../../build/theimc_bringup/theimc_bringup.egg-info/PKG-INFO
[3.405s] writing dependency_links to ../../build/theimc_bringup/theimc_bringup.egg-info/dependency_links.txt
[3.405s] writing entry points to ../../build/theimc_bringup/theimc_bringup.egg-info/entry_points.txt
[3.405s] writing requirements to ../../build/theimc_bringup/theimc_bringup.egg-info/requires.txt
[3.406s] writing top-level names to ../../build/theimc_bringup/theimc_bringup.egg-info/top_level.txt
[3.406s] writing manifest file '../../build/theimc_bringup/theimc_bringup.egg-info/SOURCES.txt'
[3.409s] reading manifest file '../../build/theimc_bringup/theimc_bringup.egg-info/SOURCES.txt'
[3.415s] writing manifest file '../../build/theimc_bringup/theimc_bringup.egg-info/SOURCES.txt'
[3.421s] running build
[3.421s] running build_py
[3.422s] creating /home/jeff/theimc_robot/build/theimc_bringup/build
[3.423s] creating /home/jeff/theimc_robot/build/theimc_bringup/build/lib
[3.423s] creating /home/jeff/theimc_robot/build/theimc_bringup/build/lib/theimc_bringup
[3.423s] copying theimc_bringup/__init__.py -> /home/jeff/theimc_robot/build/theimc_bringup/build/lib/theimc_bringup
[3.424s] copying theimc_bringup/isaac_vslam_odom_adapter_node.py -> /home/jeff/theimc_robot/build/theimc_bringup/build/lib/theimc_bringup
[3.429s] copying theimc_bringup/theimc_bringup.py -> /home/jeff/theimc_robot/build/theimc_bringup/build/lib/theimc_bringup
[3.430s] copying theimc_bringup/rtabmap_pose_validator_node.py -> /home/jeff/theimc_robot/build/theimc_bringup/build/lib/theimc_bringup
[3.431s] copying theimc_bringup/last_pose_manager_node.py -> /home/jeff/theimc_robot/build/theimc_bringup/build/lib/theimc_bringup
[3.437s] copying theimc_bringup/robot_agent_node.py -> /home/jeff/theimc_robot/build/theimc_bringup/build/lib/theimc_bringup
[3.439s] running install
[3.440s] running install_lib
[3.442s] creating /home/jeff/theimc_robot/install/theimc_bringup/lib/python3.10/site-packages/theimc_bringup
[3.443s] copying /home/jeff/theimc_robot/build/theimc_bringup/build/lib/theimc_bringup/__init__.py -> /home/jeff/theimc_robot/install/theimc_bringup/lib/python3.10/site-packages/theimc_bringup
[3.443s] copying /home/jeff/theimc_robot/build/theimc_bringup/build/lib/theimc_bringup/isaac_vslam_odom_adapter_node.py -> /home/jeff/theimc_robot/install/theimc_bringup/lib/python3.10/site-packages/theimc_bringup
[3.444s] copying /home/jeff/theimc_robot/build/theimc_bringup/build/lib/theimc_bringup/theimc_bringup.py -> /home/jeff/theimc_robot/install/theimc_bringup/lib/python3.10/site-packages/theimc_bringup
[3.444s] copying /home/jeff/theimc_robot/build/theimc_bringup/build/lib/theimc_bringup/rtabmap_pose_validator_node.py -> /home/jeff/theimc_robot/install/theimc_bringup/lib/python3.10/site-packages/theimc_bringup
[3.445s] copying /home/jeff/theimc_robot/build/theimc_bringup/build/lib/theimc_bringup/last_pose_manager_node.py -> /home/jeff/theimc_robot/install/theimc_bringup/lib/python3.10/site-packages/theimc_bringup
[3.446s] copying /home/jeff/theimc_robot/build/theimc_bringup/build/lib/theimc_bringup/robot_agent_node.py -> /home/jeff/theimc_robot/install/theimc_bringup/lib/python3.10/site-packages/theimc_bringup
[3.448s] byte-compiling /home/jeff/theimc_robot/install/theimc_bringup/lib/python3.10/site-packages/theimc_bringup/__init__.py to __init__.cpython-310.pyc
[3.457s] byte-compiling /home/jeff/theimc_robot/install/theimc_bringup/lib/python3.10/site-packages/theimc_bringup/isaac_vslam_odom_adapter_node.py to isaac_vslam_odom_adapter_node.cpython-310.pyc
[3.461s] byte-compiling /home/jeff/theimc_robot/install/theimc_bringup/lib/python3.10/site-packages/theimc_bringup/theimc_bringup.py to theimc_bringup.cpython-310.pyc
[3.475s] byte-compiling /home/jeff/theimc_robot/install/theimc_bringup/lib/python3.10/site-packages/theimc_bringup/rtabmap_pose_validator_node.py to rtabmap_pose_validator_node.cpython-310.pyc
[3.501s] byte-compiling /home/jeff/theimc_robot/install/theimc_bringup/lib/python3.10/site-packages/theimc_bringup/last_pose_manager_node.py to last_pose_manager_node.cpython-310.pyc
[3.505s] byte-compiling /home/jeff/theimc_robot/install/theimc_bringup/lib/python3.10/site-packages/theimc_bringup/robot_agent_node.py to robot_agent_node.cpython-310.pyc
[3.536s] running install_data
[3.557s] creating /home/jeff/theimc_robot/install/theimc_bringup/share/ament_index
[3.557s] creating /home/jeff/theimc_robot/install/theimc_bringup/share/ament_index/resource_index
[3.558s] creating /home/jeff/theimc_robot/install/theimc_bringup/share/ament_index/resource_index/packages
[3.558s] copying resource/theimc_bringup -> /home/jeff/theimc_robot/install/theimc_bringup/share/ament_index/resource_index/packages
[3.558s] copying package.xml -> /home/jeff/theimc_robot/install/theimc_bringup/share/theimc_bringup
[3.558s] creating /home/jeff/theimc_robot/install/theimc_bringup/share/theimc_bringup/launch
[3.558s] copying launch/rtabmap_handheld_mapping.launch.py -> /home/jeff/theimc_robot/install/theimc_bringup/share/theimc_bringup/launch
[3.565s] copying launch/bringup_record.launch.py -> /home/jeff/theimc_robot/install/theimc_bringup/share/theimc_bringup/launch
[3.573s] copying launch/rtabmap_localization.launch.py -> /home/jeff/theimc_robot/install/theimc_bringup/share/theimc_bringup/launch
[3.573s] copying launch/mission_bt_runner.launch.py -> /home/jeff/theimc_robot/install/theimc_bringup/share/theimc_bringup/launch
[3.574s] copying launch/camera.launch.py -> /home/jeff/theimc_robot/install/theimc_bringup/share/theimc_bringup/launch
[3.574s] copying launch/theimc_full.launch.py -> /home/jeff/theimc_robot/install/theimc_bringup/share/theimc_bringup/launch
[3.575s] copying launch/nav2.launch.py -> /home/jeff/theimc_robot/install/theimc_bringup/share/theimc_bringup/launch
[3.575s] copying launch/base_bringup_withcam.launch.py -> /home/jeff/theimc_robot/install/theimc_bringup/share/theimc_bringup/launch
[3.576s] copying launch/rtabmap_mapping.launch.py -> /home/jeff/theimc_robot/install/theimc_bringup/share/theimc_bringup/launch
[3.576s] copying launch/base_bringup.launch.py -> /home/jeff/theimc_robot/install/theimc_bringup/share/theimc_bringup/launch
[3.577s] creating /home/jeff/theimc_robot/install/theimc_bringup/share/theimc_bringup/params
[3.577s] copying params/test_wheel_ekf.yaml -> /home/jeff/theimc_robot/install/theimc_bringup/share/theimc_bringup/params
[3.577s] copying params/ekf.yaml -> /home/jeff/theimc_robot/install/theimc_bringup/share/theimc_bringup/params
[3.578s] copying params/ekf_basic.yaml -> /home/jeff/theimc_robot/install/theimc_bringup/share/theimc_bringup/params
[3.578s] copying params/ekf_isaac_vslam_only.yaml -> /home/jeff/theimc_robot/install/theimc_bringup/share/theimc_bringup/params
[3.578s] copying params/twist_mux_params.yaml -> /home/jeff/theimc_robot/install/theimc_bringup/share/theimc_bringup/params
[3.579s] copying params/scan_filter.yaml -> /home/jeff/theimc_robot/install/theimc_bringup/share/theimc_bringup/params
[3.579s] copying params/test_wheel_camera_ekf.yaml -> /home/jeff/theimc_robot/install/theimc_bringup/share/theimc_bringup/params
[3.580s] copying params/test_wheel_imu_ekf.yaml -> /home/jeff/theimc_robot/install/theimc_bringup/share/theimc_bringup/params
[3.580s] copying params/test_wheel_camera_imu_ekf.yaml -> /home/jeff/theimc_robot/install/theimc_bringup/share/theimc_bringup/params
[3.581s] copying params/theimc_ydlidar.yaml -> /home/jeff/theimc_robot/install/theimc_bringup/share/theimc_bringup/params
[3.581s] copying params/ekf_jinyoung.yaml -> /home/jeff/theimc_robot/install/theimc_bringup/share/theimc_bringup/params
[3.581s] copying params/vehicle_scan_filter.yaml -> /home/jeff/theimc_robot/install/theimc_bringup/share/theimc_bringup/params
[3.589s] creating /home/jeff/theimc_robot/install/theimc_bringup/share/theimc_bringup/rviz
[3.590s] copying rviz/rtabmap_handheld_mapping.rviz -> /home/jeff/theimc_robot/install/theimc_bringup/share/theimc_bringup/rviz
[3.603s] copying rviz/theimc_bringup.rviz -> /home/jeff/theimc_robot/install/theimc_bringup/share/theimc_bringup/rviz
[3.603s] creating /home/jeff/theimc_robot/install/theimc_bringup/share/theimc_bringup/config
[3.603s] running install_egg_info
[3.604s] Copying ../../build/theimc_bringup/theimc_bringup.egg-info to /home/jeff/theimc_robot/install/theimc_bringup/lib/python3.10/site-packages/theimc_bringup-7.0.0-py3.10.egg-info
[3.604s] running install_scripts
[3.725s] Installing bringup_node script to /home/jeff/theimc_robot/install/theimc_bringup/lib/theimc_bringup
[3.725s] Installing isaac_vslam_odom_adapter_node script to /home/jeff/theimc_robot/install/theimc_bringup/lib/theimc_bringup
[3.726s] Installing last_pose_manager_node script to /home/jeff/theimc_robot/install/theimc_bringup/lib/theimc_bringup
[3.726s] Installing robot_agent_node script to /home/jeff/theimc_robot/install/theimc_bringup/lib/theimc_bringup
[3.726s] Installing rtabmap_pose_validator_node script to /home/jeff/theimc_robot/install/theimc_bringup/lib/theimc_bringup
[3.727s] writing list of installed files to '/home/jeff/theimc_robot/build/theimc_bringup/install.log'
[4.040s] Invoked command in '/home/jeff/theimc_robot/src/theimc_bringup' returned '0': PYTHONPATH=/home/jeff/theimc_robot/build/theimc_bringup/prefix_override:/usr/lib/python3/dist-packages/colcon_core/task/python/colcon_distutils_commands:/home/jeff/theimc_robot/install/theimc_bringup/lib/python3.10/site-packages:${PYTHONPATH} /usr/bin/python3 -W ignore:setup.py install is deprecated -W ignore:easy_install command is deprecated setup.py egg_info --egg-base ../../build/theimc_bringup build --build-base /home/jeff/theimc_robot/build/theimc_bringup/build install --record /home/jeff/theimc_robot/build/theimc_bringup/install.log --install-scripts $base/lib/theimc_bringup --single-version-externally-managed install_data
