[4.886s] Invoking command in '/home/jeff/theimc_robot/build/camera_perception_pkg': PYTHONPATH=/home/jeff/theimc_robot/build/camera_perception_pkg/prefix_override:/usr/lib/python3/dist-packages/colcon_core/task/python/colcon_distutils_commands:/home/jeff/theimc_robot/install/camera_perception_pkg/lib/python3.10/site-packages:${PYTHONPATH} /usr/bin/python3 -W ignore:setup.py install is deprecated -W ignore:easy_install command is deprecated setup.py develop --editable --build-directory /home/jeff/theimc_robot/build/camera_perception_pkg/build --no-deps symlink_data --force
[5.814s] running develop
[6.598s] running egg_info
[6.598s] writing camera_perception_pkg.egg-info/PKG-INFO
[6.599s] writing dependency_links to camera_perception_pkg.egg-info/dependency_links.txt
[6.599s] writing entry points to camera_perception_pkg.egg-info/entry_points.txt
[6.600s] writing requirements to camera_perception_pkg.egg-info/requires.txt
[6.600s] writing top-level names to camera_perception_pkg.egg-info/top_level.txt
[6.605s] reading manifest file 'camera_perception_pkg.egg-info/SOURCES.txt'
[6.607s] writing manifest file 'camera_perception_pkg.egg-info/SOURCES.txt'
[6.615s] running build_ext
[6.615s] Creating /home/jeff/theimc_robot/install/camera_perception_pkg/lib/python3.10/site-packages/camera-perception-pkg.egg-link (link to .)
[6.618s] Installing aruco_detector_node script to /home/jeff/theimc_robot/install/camera_perception_pkg/lib/camera_perception_pkg
[6.620s] Installing image_publisher_node script to /home/jeff/theimc_robot/install/camera_perception_pkg/lib/camera_perception_pkg
[6.621s] Installing rail_info_extractor_node script to /home/jeff/theimc_robot/install/camera_perception_pkg/lib/camera_perception_pkg
[6.622s] Installing yolov8_node script to /home/jeff/theimc_robot/install/camera_perception_pkg/lib/camera_perception_pkg
[6.625s] 
[6.625s] Installed /home/jeff/theimc_robot/build/camera_perception_pkg
[6.625s] running symlink_data
[6.627s] symbolically linking /home/jeff/theimc_robot/build/camera_perception_pkg/resource/camera_perception_pkg -> /home/jeff/theimc_robot/install/camera_perception_pkg/share/ament_index/resource_index/packages
[6.628s] symbolically linking /home/jeff/theimc_robot/build/camera_perception_pkg/package.xml -> /home/jeff/theimc_robot/install/camera_perception_pkg/share/camera_perception_pkg
