[2.266s] Invoking command in '/home/jeff/theimc_robot/build/theimc_bringup': PYTHONPATH=/home/jeff/theimc_robot/build/theimc_bringup/prefix_override:/usr/lib/python3/dist-packages/colcon_core/task/python/colcon_distutils_commands:/home/jeff/theimc_robot/install/theimc_bringup/lib/python3.10/site-packages:${PYTHONPATH} /usr/bin/python3 -W ignore:setup.py install is deprecated -W ignore:easy_install command is deprecated setup.py develop --editable --build-directory /home/jeff/theimc_robot/build/theimc_bringup/build --no-deps symlink_data
[2.890s] running develop
[3.286s] running egg_info
[3.288s] writing theimc_bringup.egg-info/PKG-INFO
[3.289s] writing dependency_links to theimc_bringup.egg-info/dependency_links.txt
[3.289s] writing entry points to theimc_bringup.egg-info/entry_points.txt
[3.289s] writing requirements to theimc_bringup.egg-info/requires.txt
[3.290s] writing top-level names to theimc_bringup.egg-info/top_level.txt
[3.295s] reading manifest file 'theimc_bringup.egg-info/SOURCES.txt'
[3.296s] writing manifest file 'theimc_bringup.egg-info/SOURCES.txt'
[3.300s] running build_ext
[3.301s] Creating /home/jeff/theimc_robot/install/theimc_bringup/lib/python3.10/site-packages/theimc-bringup.egg-link (link to .)
[3.303s] Installing bringup_node script to /home/jeff/theimc_robot/install/theimc_bringup/lib/theimc_bringup
[3.305s] Installing isaac_vslam_odom_adapter_node script to /home/jeff/theimc_robot/install/theimc_bringup/lib/theimc_bringup
[3.306s] Installing last_pose_manager_node script to /home/jeff/theimc_robot/install/theimc_bringup/lib/theimc_bringup
[3.307s] Installing robot_agent_node script to /home/jeff/theimc_robot/install/theimc_bringup/lib/theimc_bringup
[3.309s] Installing rtabmap_pose_validator_node script to /home/jeff/theimc_robot/install/theimc_bringup/lib/theimc_bringup
[3.309s] 
[3.310s] Installed /home/jeff/theimc_robot/build/theimc_bringup
[3.311s] running symlink_data
[3.312s] error: can't copy '/home/jeff/theimc_robot/build/theimc_bringup/launch/rtabmap_handheld_mapping.launch.py': doesn't exist or not a regular file
[3.399s] Invoked command in '/home/jeff/theimc_robot/build/theimc_bringup' returned '1': PYTHONPATH=/home/jeff/theimc_robot/build/theimc_bringup/prefix_override:/usr/lib/python3/dist-packages/colcon_core/task/python/colcon_distutils_commands:/home/jeff/theimc_robot/install/theimc_bringup/lib/python3.10/site-packages:${PYTHONPATH} /usr/bin/python3 -W ignore:setup.py install is deprecated -W ignore:easy_install command is deprecated setup.py develop --editable --build-directory /home/jeff/theimc_robot/build/theimc_bringup/build --no-deps symlink_data
