[100%] Built target check_button_condition_plugin
-- Install configuration: ""
-- Execute custom install script
-- Symlinking: /home/jeff/theimc_robot/install/theimc_navigation2/lib/libcheck_button_condition_plugin.so
-- Symlinking: /home/jeff/theimc_robot/install/theimc_navigation2/lib/theimc_navigation2/button_publisher.py
-- Symlinking: /home/jeff/theimc_robot/install/theimc_navigation2/share/theimc_navigation2/launch/_bringup_all.launch.py
-- Symlinking: /home/jeff/theimc_robot/install/theimc_navigation2/share/theimc_navigation2/launch/_theimc_cmd_mux.launch.py
-- Symlinking: /home/jeff/theimc_robot/install/theimc_navigation2/share/theimc_navigation2/launch/theimc_nav2_without_obstacle.launch.py
-- Symlinking: /home/jeff/theimc_robot/install/theimc_navigation2/share/theimc_navigation2/maps/2f/keepout_map.pgm
-- Symlinking: /home/jeff/theimc_robot/install/theimc_navigation2/share/theimc_navigation2/maps/2f/map.pgm
-- Symlinking: /home/jeff/theimc_robot/install/theimc_navigation2/share/theimc_navigation2/maps/2f/map.png
-- Symlinking: /home/jeff/theimc_robot/install/theimc_navigation2/share/theimc_navigation2/maps/2f/map.yaml
-- Symlinking: /home/jeff/theimc_robot/install/theimc_navigation2/share/theimc_navigation2/maps/__keepout_map.pgm
-- Symlinking: /home/jeff/theimc_robot/install/theimc_navigation2/share/theimc_navigation2/maps/keepout_map.pgm
-- Symlinking: /home/jeff/theimc_robot/install/theimc_navigation2/share/theimc_navigation2/maps/keepout_map.yaml
-- Symlinking: /home/jeff/theimc_robot/install/theimc_navigation2/share/theimc_navigation2/maps/map.pgm
-- Symlinking: /home/jeff/theimc_robot/install/theimc_navigation2/share/theimc_navigation2/maps/map.yaml
-- Symlinking: /home/jeff/theimc_robot/install/theimc_navigation2/share/theimc_navigation2/maps/route_graph.geojson
-- Symlinking: /home/jeff/theimc_robot/install/theimc_navigation2/share/theimc_navigation2/params/keepout_filter.yaml
-- Symlinking: /home/jeff/theimc_robot/install/theimc_navigation2/share/theimc_navigation2/params/theimc_nav2_obstacle_avoidance_params copy.yaml
-- Symlinking: /home/jeff/theimc_robot/install/theimc_navigation2/share/theimc_navigation2/params/theimc_nav2_obstacle_avoidance_params.yaml
-- Symlinking: /home/jeff/theimc_robot/install/theimc_navigation2/share/theimc_navigation2/params/theimc_nav2_obstacle_avoidance_params.yaml.bak-before-mppi-20260724
-- Symlinking: /home/jeff/theimc_robot/install/theimc_navigation2/share/theimc_navigation2/params/theimc_nav2_params.yaml
-- Symlinking: /home/jeff/theimc_robot/install/theimc_navigation2/share/theimc_navigation2/params/theimc_nav2_params_RPP.yaml
-- Symlinking: /home/jeff/theimc_robot/install/theimc_navigation2/share/theimc_navigation2/params/theimc_nav2_params_mppi.yaml
-- Symlinking: /home/jeff/theimc_robot/install/theimc_navigation2/share/theimc_navigation2/params/waypoints.yaml
-- Symlinking: /home/jeff/theimc_robot/install/theimc_navigation2/share/theimc_navigation2/rviz/demo_robot.rviz
-- Symlinking: /home/jeff/theimc_robot/install/theimc_navigation2/share/theimc_navigation2/scripts/button_publisher.py
-- Symlinking: /home/jeff/theimc_robot/install/theimc_navigation2/share/theimc_navigation2/scripts/example_route.py
-- Symlinking: /home/jeff/theimc_robot/install/theimc_navigation2/share/theimc_navigation2/scripts/waypoint_sender.py
-- Symlinking: /home/jeff/theimc_robot/install/theimc_navigation2/share/theimc_navigation2/behavior_trees/custom_button_bt.xml
-- Symlinking: /home/jeff/theimc_robot/install/theimc_navigation2/share/theimc_navigation2/behavior_trees/nav_through_poses_no_spin.xml
-- Symlinking: /home/jeff/theimc_robot/install/theimc_navigation2/share/theimc_navigation2/behavior_trees/nav_to_pose_no_spin.xml
-- Symlinking: /home/jeff/theimc_robot/install/theimc_navigation2/share/theimc_navigation2/behavior_trees/nav_to_pose_obstacle_avoidance.xml
-- Symlinking: /home/jeff/theimc_robot/install/theimc_navigation2/share/theimc_navigation2/behavior_trees/nav_to_pose_obstacle_avoidance.xml.bak-before-mppi-20260724
-- Symlinking: /home/jeff/theimc_robot/install/theimc_navigation2/share/theimc_navigation2/behavior_trees/nav_to_pose_with_spin.xml
-- Symlinking: /home/jeff/theimc_robot/install/theimc_navigation2/share/theimc_navigation2/behavior_trees/navigate_via_route.xml
-- Symlinking: /home/jeff/theimc_robot/install/theimc_navigation2/share/theimc_navigation2/behavior_trees/navigate_w_replanning_and_recovery.xml
-- Symlinking: /home/jeff/theimc_robot/install/theimc_navigation2/share/ament_index/resource_index/package_run_dependencies/theimc_navigation2
-- Symlinking: /home/jeff/theimc_robot/install/theimc_navigation2/share/ament_index/resource_index/parent_prefix_path/theimc_navigation2
-- Symlinking: /home/jeff/theimc_robot/install/theimc_navigation2/share/theimc_navigation2/environment/ament_prefix_path.sh
-- Symlinking: /home/jeff/theimc_robot/install/theimc_navigation2/share/theimc_navigation2/environment/ament_prefix_path.dsv
-- Symlinking: /home/jeff/theimc_robot/install/theimc_navigation2/share/theimc_navigation2/environment/path.sh
-- Symlinking: /home/jeff/theimc_robot/install/theimc_navigation2/share/theimc_navigation2/environment/path.dsv
-- Symlinking: /home/jeff/theimc_robot/install/theimc_navigation2/share/theimc_navigation2/local_setup.bash
-- Symlinking: /home/jeff/theimc_robot/install/theimc_navigation2/share/theimc_navigation2/local_setup.sh
-- Symlinking: /home/jeff/theimc_robot/install/theimc_navigation2/share/theimc_navigation2/local_setup.zsh
-- Symlinking: /home/jeff/theimc_robot/install/theimc_navigation2/share/theimc_navigation2/local_setup.dsv
-- Symlinking: /home/jeff/theimc_robot/install/theimc_navigation2/share/theimc_navigation2/package.dsv
-- Symlinking: /home/jeff/theimc_robot/install/theimc_navigation2/share/ament_index/resource_index/packages/theimc_navigation2
-- Symlinking: /home/jeff/theimc_robot/install/theimc_navigation2/share/theimc_navigation2/cmake/theimc_navigation2Config.cmake
-- Symlinking: /home/jeff/theimc_robot/install/theimc_navigation2/share/theimc_navigation2/cmake/theimc_navigation2Config-version.cmake
-- Symlinking: /home/jeff/theimc_robot/install/theimc_navigation2/share/theimc_navigation2/package.xml
