[0.027s] Invoking command in '/home/jeff/theimc_robot/build/theimc_bt_nodes': CMAKE_PREFIX_PATH=/home/jeff/theimc_robot/install/theimc_navigation2:/home/jeff/theimc_robot/install/interfaces_pkg:/home/jeff/theimc_robot/install/theimc_bt_nodes:/home/jeff/theimc_robot/install/theimc_description:/home/jeff/theimc_robot/install/sllidar_ros2:/home/jeff/theimc_robot/install/theimc_teleop:/home/jeff/theimc_robot/install/theimc_bringup:/home/jeff/theimc_robot/install/localizer_server:/home/jeff/theimc_robot/install/decision_making_pkg:/home/jeff/theimc_robot/install/debug_pkg:/home/jeff/theimc_robot/install/camera_perception_pkg:/opt/ros/humble LD_LIBRARY_PATH=/home/jeff/theimc_robot/install/theimc_navigation2/lib:/home/jeff/theimc_robot/install/interfaces_pkg/lib:/usr/local/cuda/lib64:/usr/local/cuda/lib64:/home/jeff/theimc_robot/install/theimc_bt_nodes/lib:/opt/ros/humble/opt/rviz_ogre_vendor/lib:/opt/ros/humble/lib/aarch64-linux-gnu:/opt/ros/humble/lib /usr/bin/cmake --build /home/jeff/theimc_robot/build/theimc_bt_nodes -- -j6 -l6
[0.137s] [35m[1mConsolidate compiler generated dependencies of target theimc_bt_nodes[0m
[0.147s] [ 11%] Built target mission_bt_runner
[0.250s] [ 23%] [32mBuilding CXX object CMakeFiles/theimc_bt_nodes.dir/src/register_nodes.cpp.o[0m
[0.250s] [ 23%] [32mBuilding CXX object CMakeFiles/theimc_bt_nodes.dir/src/wait_for_charge.cpp.o[0m
[5.856s] [01m[K/home/jeff/theimc_robot/src/theimc_bt_nodes/src/wait_for_charge.cpp:9:1:[m[K [01;31m[Kerror: [m[K‘[01m[KWaitForCharge[m[K’ does not name a type
[5.856s]     9 | [01;31m[KWaitForCharge[m[K::WaitForCharge(
[5.856s]       | [01;31m[K^~~~~~~~~~~~~[m[K
[5.856s] [01m[K/home/jeff/theimc_robot/src/theimc_bt_nodes/src/wait_for_charge.cpp:25:15:[m[K [01;31m[Kerror: [m[K‘[01m[KWaitForCharge[m[K’ has not been declared
[5.856s]    25 | BT::PortsList [01;31m[KWaitForCharge[m[K::providedPorts() {
[5.857s]       |               [01;31m[K^~~~~~~~~~~~~[m[K
[5.857s] [01m[K/home/jeff/theimc_robot/src/theimc_bt_nodes/src/wait_for_charge.cpp:31:16:[m[K [01;31m[Kerror: [m[K‘[01m[KWaitForCharge[m[K’ has not been declared
[5.857s]    31 | BT::NodeStatus [01;31m[KWaitForCharge[m[K::onStart() {
[5.857s]       |                [01;31m[K^~~~~~~~~~~~~[m[K
[5.871s] [01m[K/home/jeff/theimc_robot/src/theimc_bt_nodes/src/wait_for_charge.cpp:[m[K In function ‘[01m[KBT::NodeStatus theimc_bt_nodes::onStart()[m[K’:
[5.871s] [01m[K/home/jeff/theimc_robot/src/theimc_bt_nodes/src/wait_for_charge.cpp:32:37:[m[K [01;31m[Kerror: [m[K‘[01m[Ktarget_battery_[m[K’ was not declared in this scope
[5.871s]    32 |     if (!getInput("target_battery", [01;31m[Ktarget_battery_[m[K)) {
[5.871s]       |                                     [01;31m[K^~~~~~~~~~~~~~~[m[K
[5.880s] [01m[K/home/jeff/theimc_robot/src/theimc_bt_nodes/src/wait_for_charge.cpp:32:10:[m[K [01;31m[Kerror: [m[K‘[01m[KgetInput[m[K’ was not declared in this scope; did you mean ‘[01m[Kgetpt[m[K’?
[5.880s]    32 |     if (![01;31m[KgetInput[m[K("target_battery", target_battery_)) {
[5.880s]       |          [01;31m[K^~~~~~~~[m[K
[5.880s]       |          [32m[Kgetpt[m[K
[5.888s] In file included from [01m[K/opt/ros/humble/include/rclcpp/rclcpp/client.hpp:40[m[K,
[5.889s]                  from [01m[K/opt/ros/humble/include/rclcpp/rclcpp/callback_group.hpp:24[m[K,
[5.889s]                  from [01m[K/opt/ros/humble/include/rclcpp/rclcpp/any_executable.hpp:20[m[K,
[5.889s]                  from [01m[K/opt/ros/humble/include/rclcpp/rclcpp/memory_strategy.hpp:25[m[K,
[5.889s]                  from [01m[K/opt/ros/humble/include/rclcpp/rclcpp/memory_strategies.hpp:18[m[K,
[5.889s]                  from [01m[K/opt/ros/humble/include/rclcpp/rclcpp/executor_options.hpp:20[m[K,
[5.889s]                  from [01m[K/opt/ros/humble/include/rclcpp/rclcpp/executor.hpp:37[m[K,
[5.889s]                  from [01m[K/opt/ros/humble/include/rclcpp/rclcpp/executors/multi_threaded_executor.hpp:25[m[K,
[5.890s]                  from [01m[K/opt/ros/humble/include/rclcpp/rclcpp/executors.hpp:21[m[K,
[5.890s]                  from [01m[K/opt/ros/humble/include/rclcpp/rclcpp/rclcpp.hpp:155[m[K,
[5.890s]                  from [01m[K/home/jeff/theimc_robot/src/theimc_bt_nodes/src/wait_for_charge.cpp:3[m[K:
[5.890s] [01m[K/home/jeff/theimc_robot/src/theimc_bt_nodes/src/wait_for_charge.cpp:33:21:[m[K [01;31m[Kerror: [m[K‘[01m[Knode_[m[K’ was not declared in this scope; did you mean ‘[01m[Kmode_t[m[K’?
[5.890s]    33 |         RCLCPP_WARN([01;31m[Knode_[m[K->get_logger(), "WaitForCharge missing target_battery input, using default %.1f", target_battery_);
[5.890s]       |                     [01;31m[K^~~~~[m[K
[5.890s] [01m[K/home/jeff/theimc_robot/src/theimc_bt_nodes/src/wait_for_charge.cpp:33:9:[m[K [01;31m[Kerror: [m[Ktemplate argument 1 is invalid
[5.890s]    33 |         [01;31m[KRCLCPP_WARN[m[K(node_->get_logger(), "WaitForCharge missing target_battery input, using default %.1f", target_battery_);
[5.891s]       |         [01;31m[K^~~~~~~~~~~[m[K
[5.898s] [01m[K/home/jeff/theimc_robot/src/theimc_bt_nodes/src/wait_for_charge.cpp:36:17:[m[K [01;31m[Kerror: [m[K‘[01m[Knode_[m[K’ was not declared in this scope; did you mean ‘[01m[Kmode_t[m[K’?
[5.898s]    36 |     RCLCPP_INFO([01;31m[Knode_[m[K->get_logger(), "WaitForCharge started. Waiting until battery reaches: %.2f%%", target_battery_);
[5.898s]       |                 [01;31m[K^~~~~[m[K
[5.899s] [01m[K/home/jeff/theimc_robot/src/theimc_bt_nodes/src/wait_for_charge.cpp:36:5:[m[K [01;31m[Kerror: [m[Ktemplate argument 1 is invalid
[5.899s]    36 |     [01;31m[KRCLCPP_INFO[m[K(node_->get_logger(), "WaitForCharge started. Waiting until battery reaches: %.2f%%", target_battery_);
[5.899s]       |     [01;31m[K^~~~~~~~~~~[m[K
[5.911s] In file included from [01m[K/opt/ros/humble/include/rclcpp/rclcpp/logging.hpp:24[m[K,
[5.911s]                  from [01m[K/opt/ros/humble/include/rclcpp/rclcpp/client.hpp:40[m[K,
[5.911s]                  from [01m[K/opt/ros/humble/include/rclcpp/rclcpp/callback_group.hpp:24[m[K,
[5.912s]                  from [01m[K/opt/ros/humble/include/rclcpp/rclcpp/any_executable.hpp:20[m[K,
[5.912s]                  from [01m[K/opt/ros/humble/include/rclcpp/rclcpp/memory_strategy.hpp:25[m[K,
[5.912s]                  from [01m[K/opt/ros/humble/include/rclcpp/rclcpp/memory_strategies.hpp:18[m[K,
[5.912s]                  from [01m[K/opt/ros/humble/include/rclcpp/rclcpp/executor_options.hpp:20[m[K,
[5.912s]                  from [01m[K/opt/ros/humble/include/rclcpp/rclcpp/executor.hpp:37[m[K,
[5.912s]                  from [01m[K/opt/ros/humble/include/rclcpp/rclcpp/executors/multi_threaded_executor.hpp:25[m[K,
[5.912s]                  from [01m[K/opt/ros/humble/include/rclcpp/rclcpp/executors.hpp:21[m[K,
[5.913s]                  from [01m[K/opt/ros/humble/include/rclcpp/rclcpp/rclcpp.hpp:155[m[K,
[5.913s]                  from [01m[K/home/jeff/theimc_robot/src/theimc_bt_nodes/src/wait_for_charge.cpp:3[m[K:
[5.913s] [01m[K/home/jeff/theimc_robot/src/theimc_bt_nodes/src/wait_for_charge.cpp:36:102:[m[K [01;31m[Kerror: [m[K‘[01m[Ktarget_battery_[m[K’ was not declared in this scope
[5.913s]    36 |     RCLCPP_INFO(node_->get_logger(), "WaitForCharge started. Waiting until battery reaches: %.2f%%", [01;31m[Ktarget_battery_[m[K);
[5.913s]       |                                                                                                      [01;31m[K^~~~~~~~~~~~~~~[m[K
[5.913s] [01m[K/home/jeff/theimc_robot/src/theimc_bt_nodes/src/wait_for_charge.cpp:[m[K At global scope:
[5.913s] [01m[K/home/jeff/theimc_robot/src/theimc_bt_nodes/src/wait_for_charge.cpp:40:16:[m[K [01;31m[Kerror: [m[K‘[01m[KWaitForCharge[m[K’ has not been declared
[5.913s]    40 | BT::NodeStatus [01;31m[KWaitForCharge[m[K::onRunning() {
[5.914s]       |                [01;31m[K^~~~~~~~~~~~~[m[K
[5.920s] [01m[K/home/jeff/theimc_robot/src/theimc_bt_nodes/src/wait_for_charge.cpp:[m[K In function ‘[01m[KBT::NodeStatus theimc_bt_nodes::onRunning()[m[K’:
[5.920s] [01m[K/home/jeff/theimc_robot/src/theimc_bt_nodes/src/wait_for_charge.cpp:41:38:[m[K [01;31m[Kerror: [m[K‘[01m[Kmutex_[m[K’ was not declared in this scope
[5.920s]    41 |     std::lock_guard<std::mutex> lock([01;31m[Kmutex_[m[K);
[5.921s]       |                                      [01;31m[K^~~~~~[m[K
[5.933s] [01m[K/home/jeff/theimc_robot/src/theimc_bt_nodes/src/wait_for_charge.cpp:44:10:[m[K [01;31m[Kerror: [m[K‘[01m[Khas_received_data_[m[K’ was not declared in this scope
[5.933s]    44 |     if (![01;31m[Khas_received_data_[m[K) {
[5.934s]       |          [01;31m[K^~~~~~~~~~~~~~~~~~[m[K
[5.945s] [01m[K/home/jeff/theimc_robot/src/theimc_bt_nodes/src/wait_for_charge.cpp:49:9:[m[K [01;31m[Kerror: [m[K‘[01m[Kcurrent_battery_[m[K’ was not declared in this scope
[5.945s]    49 |     if ([01;31m[Kcurrent_battery_[m[K >= target_battery_) {
[5.946s]       |         [01;31m[K^~~~~~~~~~~~~~~~[m[K
[5.957s] [01m[K/home/jeff/theimc_robot/src/theimc_bt_nodes/src/wait_for_charge.cpp:49:29:[m[K [01;31m[Kerror: [m[K‘[01m[Ktarget_battery_[m[K’ was not declared in this scope
[5.957s]    49 |     if (current_battery_ >= [01;31m[Ktarget_battery_[m[K) {
[5.957s]       |                             [01;31m[K^~~~~~~~~~~~~~~[m[K
[5.965s] In file included from [01m[K/opt/ros/humble/include/rclcpp/rclcpp/client.hpp:40[m[K,
[5.965s]                  from [01m[K/opt/ros/humble/include/rclcpp/rclcpp/callback_group.hpp:24[m[K,
[5.965s]                  from [01m[K/opt/ros/humble/include/rclcpp/rclcpp/any_executable.hpp:20[m[K,
[5.965s]                  from [01m[K/opt/ros/humble/include/rclcpp/rclcpp/memory_strategy.hpp:25[m[K,
[5.965s]                  from [01m[K/opt/ros/humble/include/rclcpp/rclcpp/memory_strategies.hpp:18[m[K,
[5.965s]                  from [01m[K/opt/ros/humble/include/rclcpp/rclcpp/executor_options.hpp:20[m[K,
[5.965s]                  from [01m[K/opt/ros/humble/include/rclcpp/rclcpp/executor.hpp:37[m[K,
[5.966s]                  from [01m[K/opt/ros/humble/include/rclcpp/rclcpp/executors/multi_threaded_executor.hpp:25[m[K,
[5.966s]                  from [01m[K/opt/ros/humble/include/rclcpp/rclcpp/executors.hpp:21[m[K,
[5.966s]                  from [01m[K/opt/ros/humble/include/rclcpp/rclcpp/rclcpp.hpp:155[m[K,
[5.966s]                  from [01m[K/home/jeff/theimc_robot/src/theimc_bt_nodes/src/wait_for_charge.cpp:3[m[K:
[5.966s] [01m[K/home/jeff/theimc_robot/src/theimc_bt_nodes/src/wait_for_charge.cpp:50:21:[m[K [01;31m[Kerror: [m[K‘[01m[Knode_[m[K’ was not declared in this scope; did you mean ‘[01m[Kmode_t[m[K’?
[5.966s]    50 |         RCLCPP_INFO([01;31m[Knode_[m[K->get_logger(), "WaitForCharge complete. Current battery: %.2f%% >= Target: %.2f%%",
[5.966s]       |                     [01;31m[K^~~~~[m[K
[5.967s] [01m[K/home/jeff/theimc_robot/src/theimc_bt_nodes/src/wait_for_charge.cpp:50:9:[m[K [01;31m[Kerror: [m[Ktemplate argument 1 is invalid
[5.967s]    50 |         [01;31m[KRCLCPP_INFO[m[K(node_->get_logger(), "WaitForCharge complete. Current battery: %.2f%% >= Target: %.2f%%",
[5.967s]       |         [01;31m[K^~~~~~~~~~~[m[K
[5.973s] [01m[K/home/jeff/theimc_robot/src/theimc_bt_nodes/src/wait_for_charge.cpp:56:26:[m[K [01;31m[Kerror: [m[K‘[01m[Knode_[m[K’ was not declared in this scope; did you mean ‘[01m[Kmode_t[m[K’?
[5.974s]    56 |     RCLCPP_INFO_THROTTLE([01;31m[Knode_[m[K->get_logger(), *node_->get_clock(), 10000,
[5.974s]       |                          [01;31m[K^~~~~[m[K
[5.974s] [01m[K/home/jeff/theimc_robot/src/theimc_bt_nodes/src/wait_for_charge.cpp:56:5:[m[K [01;31m[Kerror: [m[Ktemplate argument 1 is invalid
[5.974s]    56 |     [01;31m[KRCLCPP_INFO_THROTTLE[m[K(node_->get_logger(), *node_->get_clock(), 10000,
[5.974s]       |     [01;31m[K^~~~~~~~~~~~~~~~~~~~[m[K
[5.985s] [01m[K/home/jeff/theimc_robot/src/theimc_bt_nodes/src/wait_for_charge.cpp:[m[K In lambda function:
[5.985s] [01m[K/home/jeff/theimc_robot/src/theimc_bt_nodes/src/wait_for_charge.cpp:56:5:[m[K [01;31m[Kerror: [m[K‘[01m[Kc[m[K’ was not declared in this scope
[5.985s]    56 |     [01;31m[KRCLCPP_INFO_THROTTLE[m[K(node_->get_logger(), *node_->get_clock(), 10000,
[5.986s]       |     [01;31m[K^~~~~~~~~~~~~~~~~~~~[m[K
[5.999s] In file included from [01m[K/opt/ros/humble/include/rclcpp/rclcpp/logging.hpp:24[m[K,
[5.999s]                  from [01m[K/opt/ros/humble/include/rclcpp/rclcpp/client.hpp:40[m[K,
[5.999s]                  from [01m[K/opt/ros/humble/include/rclcpp/rclcpp/callback_group.hpp:24[m[K,
[5.999s]                  from [01m[K/opt/ros/humble/include/rclcpp/rclcpp/any_executable.hpp:20[m[K,
[6.000s]                  from [01m[K/opt/ros/humble/include/rclcpp/rclcpp/memory_strategy.hpp:25[m[K,
[6.000s]                  from [01m[K/opt/ros/humble/include/rclcpp/rclcpp/memory_strategies.hpp:18[m[K,
[6.000s]                  from [01m[K/opt/ros/humble/include/rclcpp/rclcpp/executor_options.hpp:20[m[K,
[6.000s]                  from [01m[K/opt/ros/humble/include/rclcpp/rclcpp/executor.hpp:37[m[K,
[6.000s]                  from [01m[K/opt/ros/humble/include/rclcpp/rclcpp/executors/multi_threaded_executor.hpp:25[m[K,
[6.000s]                  from [01m[K/opt/ros/humble/include/rclcpp/rclcpp/executors.hpp:21[m[K,
[6.000s]                  from [01m[K/opt/ros/humble/include/rclcpp/rclcpp/rclcpp.hpp:155[m[K,
[6.000s]                  from [01m[K/home/jeff/theimc_robot/src/theimc_bt_nodes/src/wait_for_charge.cpp:3[m[K:
[6.001s] [01m[K/home/jeff/theimc_robot/src/theimc_bt_nodes/src/wait_for_charge.cpp:[m[K In function ‘[01m[KBT::NodeStatus theimc_bt_nodes::onRunning()[m[K’:
[6.001s] [01m[K/home/jeff/theimc_robot/src/theimc_bt_nodes/src/wait_for_charge.cpp:57:76:[m[K [01;31m[Kerror: [m[K‘[01m[Kcurrent_battery_[m[K’ was not declared in this scope
[6.001s]    57 |                         "Charging in progress... Current battery: %.2f%%", [01;31m[Kcurrent_battery_[m[K);
[6.001s]       |                                                                            [01;31m[K^~~~~~~~~~~~~~~~[m[K
[6.001s] [01m[K/home/jeff/theimc_robot/src/theimc_bt_nodes/src/wait_for_charge.cpp:[m[K At global scope:
[6.001s] [01m[K/home/jeff/theimc_robot/src/theimc_bt_nodes/src/wait_for_charge.cpp:62:6:[m[K [01;31m[Kerror: [m[K‘[01m[KWaitForCharge[m[K’ has not been declared
[6.001s]    62 | void [01;31m[KWaitForCharge[m[K::onHalted() {
[6.002s]       |      [01;31m[K^~~~~~~~~~~~~[m[K
[6.008s] In file included from [01m[K/opt/ros/humble/include/rclcpp/rclcpp/client.hpp:40[m[K,
[6.008s]                  from [01m[K/opt/ros/humble/include/rclcpp/rclcpp/callback_group.hpp:24[m[K,
[6.008s]                  from [01m[K/opt/ros/humble/include/rclcpp/rclcpp/any_executable.hpp:20[m[K,
[6.008s]                  from [01m[K/opt/ros/humble/include/rclcpp/rclcpp/memory_strategy.hpp:25[m[K,
[6.008s]                  from [01m[K/opt/ros/humble/include/rclcpp/rclcpp/memory_strategies.hpp:18[m[K,
[6.008s]                  from [01m[K/opt/ros/humble/include/rclcpp/rclcpp/executor_options.hpp:20[m[K,
[6.008s]                  from [01m[K/opt/ros/humble/include/rclcpp/rclcpp/executor.hpp:37[m[K,
[6.009s]                  from [01m[K/opt/ros/humble/include/rclcpp/rclcpp/executors/multi_threaded_executor.hpp:25[m[K,
[6.009s]                  from [01m[K/opt/ros/humble/include/rclcpp/rclcpp/executors.hpp:21[m[K,
[6.009s]                  from [01m[K/opt/ros/humble/include/rclcpp/rclcpp/rclcpp.hpp:155[m[K,
[6.009s]                  from [01m[K/home/jeff/theimc_robot/src/theimc_bt_nodes/src/wait_for_charge.cpp:3[m[K:
[6.009s] [01m[K/home/jeff/theimc_robot/src/theimc_bt_nodes/src/wait_for_charge.cpp:[m[K In function ‘[01m[Kvoid theimc_bt_nodes::onHalted()[m[K’:
[6.009s] [01m[K/home/jeff/theimc_robot/src/theimc_bt_nodes/src/wait_for_charge.cpp:63:17:[m[K [01;31m[Kerror: [m[K‘[01m[Knode_[m[K’ was not declared in this scope; did you mean ‘[01m[Kmode_t[m[K’?
[6.009s]    63 |     RCLCPP_WARN([01;31m[Knode_[m[K->get_logger(), "WaitForCharge halted before reaching target battery.");
[6.010s]       |                 [01;31m[K^~~~~[m[K
[6.010s] [01m[K/home/jeff/theimc_robot/src/theimc_bt_nodes/src/wait_for_charge.cpp:63:5:[m[K [01;31m[Kerror: [m[Ktemplate argument 1 is invalid
[6.010s]    63 |     [01;31m[KRCLCPP_WARN[m[K(node_->get_logger(), "WaitForCharge halted before reaching target battery.");
[6.010s]       |     [01;31m[K^~~~~~~~~~~[m[K
[7.981s] [01m[K/home/jeff/theimc_robot/src/theimc_bt_nodes/src/register_nodes.cpp:[m[K In function ‘[01m[Kvoid BT_RegisterNodesFromPlugin(BT::BehaviorTreeFactory&)[m[K’:
[7.981s] [01m[K/home/jeff/theimc_robot/src/theimc_bt_nodes/src/register_nodes.cpp:30:45:[m[K [01;31m[Kerror: [m[K‘[01m[KWaitForCharge[m[K’ is not a member of ‘[01m[Ktheimc_bt_nodes[m[K’
[7.982s]    30 |   factory.registerNodeType<theimc_bt_nodes::[01;31m[KWaitForCharge[m[K>("WaitForCharge");
[7.982s]       |                                             [01;31m[K^~~~~~~~~~~~~[m[K
[7.982s] [01m[K/home/jeff/theimc_robot/src/theimc_bt_nodes/src/register_nodes.cpp:30:59:[m[K [01;31m[Kerror: [m[Kno matching function for call to ‘[01m[KBT::BehaviorTreeFactory::registerNodeType<<expression error> >(const char [14])[m[K’
[7.982s]    30 |   [01;31m[Kfactory.registerNodeType<theimc_bt_nodes::WaitForCharge>("WaitForCharge")[m[K;
[7.982s]       |   [01;31m[K~~~~~~~~~~~~~~~~~~~~~~~~~~~~~~~~~~~~~~~~~~~~~~~~~~~~~~~~^~~~~~~~~~~~~~~~~[m[K
[7.982s] In file included from [01m[K/home/jeff/theimc_robot/src/theimc_bt_nodes/src/register_nodes.cpp:1[m[K:
[7.982s] [01m[K/opt/ros/humble/include/behaviortree_cpp_v3/bt_factory.h:364:8:[m[K [01;36m[Knote: [m[Kcandidate: ‘[01m[Ktemplate<class T> void BT::BehaviorTreeFactory::registerNodeType(const string&)[m[K’
[7.983s]   364 |   void [01;36m[KregisterNodeType[m[K(const std::string& ID)
[7.983s]       |        [01;36m[K^~~~~~~~~~~~~~~~[m[K
[7.983s] [01m[K/opt/ros/humble/include/behaviortree_cpp_v3/bt_factory.h:364:8:[m[K [01;36m[Knote: [m[K  template argument deduction/substitution failed:
[7.983s] [01m[K/home/jeff/theimc_robot/src/theimc_bt_nodes/src/register_nodes.cpp:30:59:[m[K [01;31m[Kerror: [m[Ktemplate argument 1 is invalid
[7.983s]    30 |   [01;31m[Kfactory.registerNodeType<theimc_bt_nodes::WaitForCharge>("WaitForCharge")[m[K;
[7.983s]       |   [01;31m[K~~~~~~~~~~~~~~~~~~~~~~~~~~~~~~~~~~~~~~~~~~~~~~~~~~~~~~~~^~~~~~~~~~~~~~~~~[m[K
[7.983s] In file included from [01m[K/home/jeff/theimc_robot/src/theimc_bt_nodes/src/register_nodes.cpp:1[m[K:
[7.984s] [01m[K/opt/ros/humble/include/behaviortree_cpp_v3/bt_factory.h:422:8:[m[K [01;36m[Knote: [m[Kcandidate: ‘[01m[Ktemplate<class T> void BT::BehaviorTreeFactory::registerNodeType(const string&, BT::PortsList)[m[K’
[7.984s]   422 |   void [01;36m[KregisterNodeType[m[K(const std::string& ID, PortsList ports)
[7.984s]       |        [01;36m[K^~~~~~~~~~~~~~~~[m[K
[7.984s] [01m[K/opt/ros/humble/include/behaviortree_cpp_v3/bt_factory.h:422:8:[m[K [01;36m[Knote: [m[K  template argument deduction/substitution failed:
[7.984s] [01m[K/home/jeff/theimc_robot/src/theimc_bt_nodes/src/register_nodes.cpp:30:59:[m[K [01;31m[Kerror: [m[Ktemplate argument 1 is invalid
[7.984s]    30 |   [01;31m[Kfactory.registerNodeType<theimc_bt_nodes::WaitForCharge>("WaitForCharge")[m[K;
[7.984s]       |   [01;31m[K~~~~~~~~~~~~~~~~~~~~~~~~~~~~~~~~~~~~~~~~~~~~~~~~~~~~~~~~^~~~~~~~~~~~~~~~~[m[K
[8.079s] gmake[2]: *** [CMakeFiles/theimc_bt_nodes.dir/build.make:244: CMakeFiles/theimc_bt_nodes.dir/src/wait_for_charge.cpp.o] Error 1
[8.080s] gmake[2]: *** Waiting for unfinished jobs....
[9.830s] gmake[2]: *** [CMakeFiles/theimc_bt_nodes.dir/build.make:174: CMakeFiles/theimc_bt_nodes.dir/src/register_nodes.cpp.o] Error 1
[9.830s] gmake[1]: *** [CMakeFiles/Makefile2:139: CMakeFiles/theimc_bt_nodes.dir/all] Error 2
[9.831s] gmake: *** [Makefile:146: all] Error 2
[9.837s] Invoked command in '/home/jeff/theimc_robot/build/theimc_bt_nodes' returned '2': CMAKE_PREFIX_PATH=/home/jeff/theimc_robot/install/theimc_navigation2:/home/jeff/theimc_robot/install/interfaces_pkg:/home/jeff/theimc_robot/install/theimc_bt_nodes:/home/jeff/theimc_robot/install/theimc_description:/home/jeff/theimc_robot/install/sllidar_ros2:/home/jeff/theimc_robot/install/theimc_teleop:/home/jeff/theimc_robot/install/theimc_bringup:/home/jeff/theimc_robot/install/localizer_server:/home/jeff/theimc_robot/install/decision_making_pkg:/home/jeff/theimc_robot/install/debug_pkg:/home/jeff/theimc_robot/install/camera_perception_pkg:/opt/ros/humble LD_LIBRARY_PATH=/home/jeff/theimc_robot/install/theimc_navigation2/lib:/home/jeff/theimc_robot/install/interfaces_pkg/lib:/usr/local/cuda/lib64:/usr/local/cuda/lib64:/home/jeff/theimc_robot/install/theimc_bt_nodes/lib:/opt/ros/humble/opt/rviz_ogre_vendor/lib:/opt/ros/humble/lib/aarch64-linux-gnu:/opt/ros/humble/lib /usr/bin/cmake --build /home/jeff/theimc_robot/build/theimc_bt_nodes -- -j6 -l6
