/home/jeff/theimc_robot/install/camera_perception_pkg/lib/python3.10/site-packages/camera_perception_pkg/__init__.py
/home/jeff/theimc_robot/install/camera_perception_pkg/lib/python3.10/site-packages/camera_perception_pkg/aruco_detector_node.py
/home/jeff/theimc_robot/install/camera_perception_pkg/lib/python3.10/site-packages/camera_perception_pkg/yolov8_node.py
/home/jeff/theimc_robot/install/camera_perception_pkg/lib/python3.10/site-packages/camera_perception_pkg/rail_info_extractor_node.py
/home/jeff/theimc_robot/install/camera_perception_pkg/lib/python3.10/site-packages/camera_perception_pkg/image_publisher_node.py
/home/jeff/theimc_robot/install/camera_perception_pkg/lib/python3.10/site-packages/camera_perception_pkg/lib/__init__.py
/home/jeff/theimc_robot/install/camera_perception_pkg/lib/python3.10/site-packages/camera_perception_pkg/lib/camera_perception_func_lib.py
/home/jeff/theimc_robot/install/camera_perception_pkg/lib/python3.10/site-packages/camera_perception_pkg/__pycache__/__init__.cpython-310.pyc
/home/jeff/theimc_robot/install/camera_perception_pkg/lib/python3.10/site-packages/camera_perception_pkg/__pycache__/aruco_detector_node.cpython-310.pyc
/home/jeff/theimc_robot/install/camera_perception_pkg/lib/python3.10/site-packages/camera_perception_pkg/__pycache__/yolov8_node.cpython-310.pyc
/home/jeff/theimc_robot/install/camera_perception_pkg/lib/python3.10/site-packages/camera_perception_pkg/__pycache__/rail_info_extractor_node.cpython-310.pyc
/home/jeff/theimc_robot/install/camera_perception_pkg/lib/python3.10/site-packages/camera_perception_pkg/__pycache__/image_publisher_node.cpython-310.pyc
/home/jeff/theimc_robot/install/camera_perception_pkg/lib/python3.10/site-packages/camera_perception_pkg/lib/__pycache__/__init__.cpython-310.pyc
/home/jeff/theimc_robot/install/camera_perception_pkg/lib/python3.10/site-packages/camera_perception_pkg/lib/__pycache__/camera_perception_func_lib.cpython-310.pyc
/home/jeff/theimc_robot/install/camera_perception_pkg/share/ament_index/resource_index/packages/camera_perception_pkg
/home/jeff/theimc_robot/install/camera_perception_pkg/share/camera_perception_pkg/package.xml
/home/jeff/theimc_robot/install/camera_perception_pkg/lib/python3.10/site-packages/camera_perception_pkg-0.0.0-py3.10.egg-info/top_level.txt
/home/jeff/theimc_robot/install/camera_perception_pkg/lib/python3.10/site-packages/camera_perception_pkg-0.0.0-py3.10.egg-info/zip-safe
/home/jeff/theimc_robot/install/camera_perception_pkg/lib/python3.10/site-packages/camera_perception_pkg-0.0.0-py3.10.egg-info/PKG-INFO
/home/jeff/theimc_robot/install/camera_perception_pkg/lib/python3.10/site-packages/camera_perception_pkg-0.0.0-py3.10.egg-info/SOURCES.txt
/home/jeff/theimc_robot/install/camera_perception_pkg/lib/python3.10/site-packages/camera_perception_pkg-0.0.0-py3.10.egg-info/requires.txt
/home/jeff/theimc_robot/install/camera_perception_pkg/lib/python3.10/site-packages/camera_perception_pkg-0.0.0-py3.10.egg-info/dependency_links.txt
/home/jeff/theimc_robot/install/camera_perception_pkg/lib/python3.10/site-packages/camera_perception_pkg-0.0.0-py3.10.egg-info/entry_points.txt
/home/jeff/theimc_robot/install/camera_perception_pkg/lib/camera_perception_pkg/aruco_detector_node
/home/jeff/theimc_robot/install/camera_perception_pkg/lib/camera_perception_pkg/image_publisher_node
/home/jeff/theimc_robot/install/camera_perception_pkg/lib/camera_perception_pkg/rail_info_extractor_node
/home/jeff/theimc_robot/install/camera_perception_pkg/lib/camera_perception_pkg/yolov8_node
