[2.884s] Invoking command in '/home/jeff/theimc_robot/src/camera_perception_pkg': PYTHONPATH=/home/jeff/theimc_robot/build/camera_perception_pkg/prefix_override:/usr/lib/python3/dist-packages/colcon_core/task/python/colcon_distutils_commands:/home/jeff/theimc_robot/install/camera_perception_pkg/lib/python3.10/site-packages:${PYTHONPATH} /usr/bin/python3 -W ignore:setup.py install is deprecated -W ignore:easy_install command is deprecated setup.py egg_info --egg-base ../../build/camera_perception_pkg build --build-base /home/jeff/theimc_robot/build/camera_perception_pkg/build install --record /home/jeff/theimc_robot/build/camera_perception_pkg/install.log --install-scripts $base/lib/camera_perception_pkg --single-version-externally-managed install_data
[3.667s] running egg_info
[3.667s] creating ../../build/camera_perception_pkg/camera_perception_pkg.egg-info
[3.667s] writing ../../build/camera_perception_pkg/camera_perception_pkg.egg-info/PKG-INFO
[3.668s] writing dependency_links to ../../build/camera_perception_pkg/camera_perception_pkg.egg-info/dependency_links.txt
[3.668s] writing entry points to ../../build/camera_perception_pkg/camera_perception_pkg.egg-info/entry_points.txt
[3.668s] writing requirements to ../../build/camera_perception_pkg/camera_perception_pkg.egg-info/requires.txt
[3.668s] writing top-level names to ../../build/camera_perception_pkg/camera_perception_pkg.egg-info/top_level.txt
[3.668s] writing manifest file '../../build/camera_perception_pkg/camera_perception_pkg.egg-info/SOURCES.txt'
[3.668s] reading manifest file '../../build/camera_perception_pkg/camera_perception_pkg.egg-info/SOURCES.txt'
[3.668s] writing manifest file '../../build/camera_perception_pkg/camera_perception_pkg.egg-info/SOURCES.txt'
[3.668s] running build
[3.669s] running build_py
[3.669s] creating /home/jeff/theimc_robot/build/camera_perception_pkg/build
[3.669s] creating /home/jeff/theimc_robot/build/camera_perception_pkg/build/lib
[3.669s] creating /home/jeff/theimc_robot/build/camera_perception_pkg/build/lib/camera_perception_pkg
[3.669s] copying camera_perception_pkg/__init__.py -> /home/jeff/theimc_robot/build/camera_perception_pkg/build/lib/camera_perception_pkg
[3.669s] copying camera_perception_pkg/aruco_detector_node.py -> /home/jeff/theimc_robot/build/camera_perception_pkg/build/lib/camera_perception_pkg
[3.670s] copying camera_perception_pkg/yolov8_node.py -> /home/jeff/theimc_robot/build/camera_perception_pkg/build/lib/camera_perception_pkg
[3.670s] copying camera_perception_pkg/rail_info_extractor_node.py -> /home/jeff/theimc_robot/build/camera_perception_pkg/build/lib/camera_perception_pkg
[3.670s] copying camera_perception_pkg/image_publisher_node.py -> /home/jeff/theimc_robot/build/camera_perception_pkg/build/lib/camera_perception_pkg
[3.670s] creating /home/jeff/theimc_robot/build/camera_perception_pkg/build/lib/camera_perception_pkg/lib
[3.670s] copying camera_perception_pkg/lib/__init__.py -> /home/jeff/theimc_robot/build/camera_perception_pkg/build/lib/camera_perception_pkg/lib
[3.670s] copying camera_perception_pkg/lib/camera_perception_func_lib.py -> /home/jeff/theimc_robot/build/camera_perception_pkg/build/lib/camera_perception_pkg/lib
[3.670s] running install
[3.671s] running install_lib
[3.671s] creating /home/jeff/theimc_robot/install/camera_perception_pkg/lib/python3.10/site-packages/camera_perception_pkg
[3.671s] copying /home/jeff/theimc_robot/build/camera_perception_pkg/build/lib/camera_perception_pkg/__init__.py -> /home/jeff/theimc_robot/install/camera_perception_pkg/lib/python3.10/site-packages/camera_perception_pkg
[3.671s] copying /home/jeff/theimc_robot/build/camera_perception_pkg/build/lib/camera_perception_pkg/aruco_detector_node.py -> /home/jeff/theimc_robot/install/camera_perception_pkg/lib/python3.10/site-packages/camera_perception_pkg
[3.671s] copying /home/jeff/theimc_robot/build/camera_perception_pkg/build/lib/camera_perception_pkg/yolov8_node.py -> /home/jeff/theimc_robot/install/camera_perception_pkg/lib/python3.10/site-packages/camera_perception_pkg
[3.671s] creating /home/jeff/theimc_robot/install/camera_perception_pkg/lib/python3.10/site-packages/camera_perception_pkg/lib
[3.671s] copying /home/jeff/theimc_robot/build/camera_perception_pkg/build/lib/camera_perception_pkg/lib/__init__.py -> /home/jeff/theimc_robot/install/camera_perception_pkg/lib/python3.10/site-packages/camera_perception_pkg/lib
[3.672s] copying /home/jeff/theimc_robot/build/camera_perception_pkg/build/lib/camera_perception_pkg/lib/camera_perception_func_lib.py -> /home/jeff/theimc_robot/install/camera_perception_pkg/lib/python3.10/site-packages/camera_perception_pkg/lib
[3.672s] copying /home/jeff/theimc_robot/build/camera_perception_pkg/build/lib/camera_perception_pkg/rail_info_extractor_node.py -> /home/jeff/theimc_robot/install/camera_perception_pkg/lib/python3.10/site-packages/camera_perception_pkg
[3.672s] copying /home/jeff/theimc_robot/build/camera_perception_pkg/build/lib/camera_perception_pkg/image_publisher_node.py -> /home/jeff/theimc_robot/install/camera_perception_pkg/lib/python3.10/site-packages/camera_perception_pkg
[3.672s] byte-compiling /home/jeff/theimc_robot/install/camera_perception_pkg/lib/python3.10/site-packages/camera_perception_pkg/__init__.py to __init__.cpython-310.pyc
[3.672s] byte-compiling /home/jeff/theimc_robot/install/camera_perception_pkg/lib/python3.10/site-packages/camera_perception_pkg/aruco_detector_node.py to aruco_detector_node.cpython-310.pyc
[3.672s] byte-compiling /home/jeff/theimc_robot/install/camera_perception_pkg/lib/python3.10/site-packages/camera_perception_pkg/yolov8_node.py to yolov8_node.cpython-310.pyc
[3.673s] byte-compiling /home/jeff/theimc_robot/install/camera_perception_pkg/lib/python3.10/site-packages/camera_perception_pkg/lib/__init__.py to __init__.cpython-310.pyc
[3.673s] byte-compiling /home/jeff/theimc_robot/install/camera_perception_pkg/lib/python3.10/site-packages/camera_perception_pkg/lib/camera_perception_func_lib.py to camera_perception_func_lib.cpython-310.pyc
[3.678s] byte-compiling /home/jeff/theimc_robot/install/camera_perception_pkg/lib/python3.10/site-packages/camera_perception_pkg/rail_info_extractor_node.py to rail_info_extractor_node.cpython-310.pyc
[3.680s] byte-compiling /home/jeff/theimc_robot/install/camera_perception_pkg/lib/python3.10/site-packages/camera_perception_pkg/image_publisher_node.py to image_publisher_node.cpython-310.pyc
[3.681s] running install_data
[3.683s] creating /home/jeff/theimc_robot/install/camera_perception_pkg/share/ament_index
[3.685s] creating /home/jeff/theimc_robot/install/camera_perception_pkg/share/ament_index/resource_index
[3.686s] creating /home/jeff/theimc_robot/install/camera_perception_pkg/share/ament_index/resource_index/packages
[3.686s] copying resource/camera_perception_pkg -> /home/jeff/theimc_robot/install/camera_perception_pkg/share/ament_index/resource_index/packages
[3.689s] copying package.xml -> /home/jeff/theimc_robot/install/camera_perception_pkg/share/camera_perception_pkg
[3.690s] running install_egg_info
[3.691s] Copying ../../build/camera_perception_pkg/camera_perception_pkg.egg-info to /home/jeff/theimc_robot/install/camera_perception_pkg/lib/python3.10/site-packages/camera_perception_pkg-0.0.0-py3.10.egg-info
[3.692s] running install_scripts
[3.693s] Installing aruco_detector_node script to /home/jeff/theimc_robot/install/camera_perception_pkg/lib/camera_perception_pkg
[3.699s] Installing image_publisher_node script to /home/jeff/theimc_robot/install/camera_perception_pkg/lib/camera_perception_pkg
[3.701s] Installing rail_info_extractor_node script to /home/jeff/theimc_robot/install/camera_perception_pkg/lib/camera_perception_pkg
[3.702s] Installing yolov8_node script to /home/jeff/theimc_robot/install/camera_perception_pkg/lib/camera_perception_pkg
[3.702s] writing list of installed files to '/home/jeff/theimc_robot/build/camera_perception_pkg/install.log'
[3.761s] Invoked command in '/home/jeff/theimc_robot/src/camera_perception_pkg' returned '0': PYTHONPATH=/home/jeff/theimc_robot/build/camera_perception_pkg/prefix_override:/usr/lib/python3/dist-packages/colcon_core/task/python/colcon_distutils_commands:/home/jeff/theimc_robot/install/camera_perception_pkg/lib/python3.10/site-packages:${PYTHONPATH} /usr/bin/python3 -W ignore:setup.py install is deprecated -W ignore:easy_install command is deprecated setup.py egg_info --egg-base ../../build/camera_perception_pkg build --build-base /home/jeff/theimc_robot/build/camera_perception_pkg/build install --record /home/jeff/theimc_robot/build/camera_perception_pkg/install.log --install-scripts $base/lib/camera_perception_pkg --single-version-externally-managed install_data
