running egg_info
creating ../../build/theimc_teleop/theimc_teleop.egg-info
writing ../../build/theimc_teleop/theimc_teleop.egg-info/PKG-INFO
writing dependency_links to ../../build/theimc_teleop/theimc_teleop.egg-info/dependency_links.txt
writing entry points to ../../build/theimc_teleop/theimc_teleop.egg-info/entry_points.txt
writing requirements to ../../build/theimc_teleop/theimc_teleop.egg-info/requires.txt
writing top-level names to ../../build/theimc_teleop/theimc_teleop.egg-info/top_level.txt
writing manifest file '../../build/theimc_teleop/theimc_teleop.egg-info/SOURCES.txt'
reading manifest file '../../build/theimc_teleop/theimc_teleop.egg-info/SOURCES.txt'
writing manifest file '../../build/theimc_teleop/theimc_teleop.egg-info/SOURCES.txt'
running build
running build_py
creating /home/jeff/theimc_robot/build/theimc_teleop/build
creating /home/jeff/theimc_robot/build/theimc_teleop/build/lib
creating /home/jeff/theimc_robot/build/theimc_teleop/build/lib/theimc_teleop
copying theimc_teleop/__init__.py -> /home/jeff/theimc_robot/build/theimc_teleop/build/lib/theimc_teleop
copying theimc_teleop/theimc_teleop_keyboard.py -> /home/jeff/theimc_robot/build/theimc_teleop/build/lib/theimc_teleop
running install
running install_lib
creating /home/jeff/theimc_robot/install/theimc_teleop/lib/python3.10/site-packages/theimc_teleop
copying /home/jeff/theimc_robot/build/theimc_teleop/build/lib/theimc_teleop/__init__.py -> /home/jeff/theimc_robot/install/theimc_teleop/lib/python3.10/site-packages/theimc_teleop
copying /home/jeff/theimc_robot/build/theimc_teleop/build/lib/theimc_teleop/theimc_teleop_keyboard.py -> /home/jeff/theimc_robot/install/theimc_teleop/lib/python3.10/site-packages/theimc_teleop
byte-compiling /home/jeff/theimc_robot/install/theimc_teleop/lib/python3.10/site-packages/theimc_teleop/__init__.py to __init__.cpython-310.pyc
byte-compiling /home/jeff/theimc_robot/install/theimc_teleop/lib/python3.10/site-packages/theimc_teleop/theimc_teleop_keyboard.py to theimc_teleop_keyboard.cpython-310.pyc
running install_data
creating /home/jeff/theimc_robot/install/theimc_teleop/share/ament_index
creating /home/jeff/theimc_robot/install/theimc_teleop/share/ament_index/resource_index
creating /home/jeff/theimc_robot/install/theimc_teleop/share/ament_index/resource_index/packages
copying resource/theimc_teleop -> /home/jeff/theimc_robot/install/theimc_teleop/share/ament_index/resource_index/packages
copying package.xml -> /home/jeff/theimc_robot/install/theimc_teleop/share/theimc_teleop
running install_egg_info
Copying ../../build/theimc_teleop/theimc_teleop.egg-info to /home/jeff/theimc_robot/install/theimc_teleop/lib/python3.10/site-packages/theimc_teleop-7.0.0-py3.10.egg-info
running install_scripts
Installing teleop_keyboard script to /home/jeff/theimc_robot/install/theimc_teleop/lib/theimc_teleop
writing list of installed files to '/home/jeff/theimc_robot/build/theimc_teleop/install.log'
