[2.690s] Invoking command in '/home/jeff/theimc_robot/src/theimc_teleop': PYTHONPATH=/home/jeff/theimc_robot/build/theimc_teleop/prefix_override:/usr/lib/python3/dist-packages/colcon_core/task/python/colcon_distutils_commands:/home/jeff/theimc_robot/install/theimc_teleop/lib/python3.10/site-packages:${PYTHONPATH} /usr/bin/python3 -W ignore:setup.py install is deprecated -W ignore:easy_install command is deprecated setup.py egg_info --egg-base ../../build/theimc_teleop build --build-base /home/jeff/theimc_robot/build/theimc_teleop/build install --record /home/jeff/theimc_robot/build/theimc_teleop/install.log --install-scripts $base/lib/theimc_teleop --single-version-externally-managed install_data
[3.822s] running egg_info
[3.824s] creating ../../build/theimc_teleop/theimc_teleop.egg-info
[3.825s] writing ../../build/theimc_teleop/theimc_teleop.egg-info/PKG-INFO
[3.826s] writing dependency_links to ../../build/theimc_teleop/theimc_teleop.egg-info/dependency_links.txt
[3.837s] writing entry points to ../../build/theimc_teleop/theimc_teleop.egg-info/entry_points.txt
[3.838s] writing requirements to ../../build/theimc_teleop/theimc_teleop.egg-info/requires.txt
[3.838s] writing top-level names to ../../build/theimc_teleop/theimc_teleop.egg-info/top_level.txt
[3.839s] writing manifest file '../../build/theimc_teleop/theimc_teleop.egg-info/SOURCES.txt'
[3.844s] reading manifest file '../../build/theimc_teleop/theimc_teleop.egg-info/SOURCES.txt'
[3.847s] writing manifest file '../../build/theimc_teleop/theimc_teleop.egg-info/SOURCES.txt'
[3.847s] running build
[3.848s] running build_py
[3.848s] creating /home/jeff/theimc_robot/build/theimc_teleop/build
[3.849s] creating /home/jeff/theimc_robot/build/theimc_teleop/build/lib
[3.849s] creating /home/jeff/theimc_robot/build/theimc_teleop/build/lib/theimc_teleop
[3.861s] copying theimc_teleop/__init__.py -> /home/jeff/theimc_robot/build/theimc_teleop/build/lib/theimc_teleop
[3.862s] copying theimc_teleop/theimc_teleop_keyboard.py -> /home/jeff/theimc_robot/build/theimc_teleop/build/lib/theimc_teleop
[3.872s] running install
[3.873s] running install_lib
[3.873s] creating /home/jeff/theimc_robot/install/theimc_teleop/lib/python3.10/site-packages/theimc_teleop
[3.873s] copying /home/jeff/theimc_robot/build/theimc_teleop/build/lib/theimc_teleop/__init__.py -> /home/jeff/theimc_robot/install/theimc_teleop/lib/python3.10/site-packages/theimc_teleop
[3.873s] copying /home/jeff/theimc_robot/build/theimc_teleop/build/lib/theimc_teleop/theimc_teleop_keyboard.py -> /home/jeff/theimc_robot/install/theimc_teleop/lib/python3.10/site-packages/theimc_teleop
[3.873s] byte-compiling /home/jeff/theimc_robot/install/theimc_teleop/lib/python3.10/site-packages/theimc_teleop/__init__.py to __init__.cpython-310.pyc
[3.874s] byte-compiling /home/jeff/theimc_robot/install/theimc_teleop/lib/python3.10/site-packages/theimc_teleop/theimc_teleop_keyboard.py to theimc_teleop_keyboard.cpython-310.pyc
[3.886s] running install_data
[3.886s] creating /home/jeff/theimc_robot/install/theimc_teleop/share/ament_index
[3.887s] creating /home/jeff/theimc_robot/install/theimc_teleop/share/ament_index/resource_index
[3.887s] creating /home/jeff/theimc_robot/install/theimc_teleop/share/ament_index/resource_index/packages
[3.888s] copying resource/theimc_teleop -> /home/jeff/theimc_robot/install/theimc_teleop/share/ament_index/resource_index/packages
[3.888s] copying package.xml -> /home/jeff/theimc_robot/install/theimc_teleop/share/theimc_teleop
[3.889s] running install_egg_info
[3.895s] Copying ../../build/theimc_teleop/theimc_teleop.egg-info to /home/jeff/theimc_robot/install/theimc_teleop/lib/python3.10/site-packages/theimc_teleop-7.0.0-py3.10.egg-info
[3.897s] running install_scripts
[4.007s] Installing teleop_keyboard script to /home/jeff/theimc_robot/install/theimc_teleop/lib/theimc_teleop
[4.010s] writing list of installed files to '/home/jeff/theimc_robot/build/theimc_teleop/install.log'
[4.190s] Invoked command in '/home/jeff/theimc_robot/src/theimc_teleop' returned '0': PYTHONPATH=/home/jeff/theimc_robot/build/theimc_teleop/prefix_override:/usr/lib/python3/dist-packages/colcon_core/task/python/colcon_distutils_commands:/home/jeff/theimc_robot/install/theimc_teleop/lib/python3.10/site-packages:${PYTHONPATH} /usr/bin/python3 -W ignore:setup.py install is deprecated -W ignore:easy_install command is deprecated setup.py egg_info --egg-base ../../build/theimc_teleop build --build-base /home/jeff/theimc_robot/build/theimc_teleop/build install --record /home/jeff/theimc_robot/build/theimc_teleop/install.log --install-scripts $base/lib/theimc_teleop --single-version-externally-managed install_data
