[0.660s] Invoking command in '/home/jeff/theimc_robot/build/theimc_description': CMAKE_PREFIX_PATH=${CMAKE_PREFIX_PATH}:/home/jeff/theimc_robot/install/theimc_teleop:/home/jeff/theimc_robot/install/theimc_bringup:/home/jeff/theimc_robot/install/localizer_server:/home/jeff/theimc_robot/install/decision_making_pkg:/home/jeff/theimc_robot/install/debug_pkg:/home/jeff/theimc_robot/install/camera_perception_pkg:/opt/ros/humble /usr/bin/cmake /home/jeff/theimc_robot/src/theimc_description -DAMENT_CMAKE_SYMLINK_INSTALL=1 -DCMAKE_INSTALL_PREFIX=/home/jeff/theimc_robot/install/theimc_description
[0.688s] -- Found ament_cmake: 1.3.14 (/opt/ros/humble/share/ament_cmake/cmake)
[0.998s] -- Override CMake install command with custom implementation using symlinks instead of copying resources
[1.008s] -- Found urdf: 2.6.1 (/opt/ros/humble/share/urdf/cmake)
[1.086s] -- Found xacro: 2.1.1 (/opt/ros/humble/share/xacro/cmake)
[1.088s] -- Found ament_lint_auto: 0.12.15 (/opt/ros/humble/share/ament_lint_auto/cmake)
[1.265s] -- Added test 'flake8' to check Python code syntax and style conventions
[1.266s] -- Added test 'lint_cmake' to check CMake code style
[1.267s] -- Added test 'pep257' to check Python code against some of the docstring style conventions in PEP 257
[1.269s] -- Added test 'xmllint' to check XML markup files
[1.275s] -- Configuring done
[1.296s] -- Generating done
[1.308s] -- Build files have been written to: /home/jeff/theimc_robot/build/theimc_description
[1.322s] Invoked command in '/home/jeff/theimc_robot/build/theimc_description' returned '0': CMAKE_PREFIX_PATH=${CMAKE_PREFIX_PATH}:/home/jeff/theimc_robot/install/theimc_teleop:/home/jeff/theimc_robot/install/theimc_bringup:/home/jeff/theimc_robot/install/localizer_server:/home/jeff/theimc_robot/install/decision_making_pkg:/home/jeff/theimc_robot/install/debug_pkg:/home/jeff/theimc_robot/install/camera_perception_pkg:/opt/ros/humble /usr/bin/cmake /home/jeff/theimc_robot/src/theimc_description -DAMENT_CMAKE_SYMLINK_INSTALL=1 -DCMAKE_INSTALL_PREFIX=/home/jeff/theimc_robot/install/theimc_description
[1.334s] Invoking command in '/home/jeff/theimc_robot/build/theimc_description': CMAKE_PREFIX_PATH=${CMAKE_PREFIX_PATH}:/home/jeff/theimc_robot/install/theimc_teleop:/home/jeff/theimc_robot/install/theimc_bringup:/home/jeff/theimc_robot/install/localizer_server:/home/jeff/theimc_robot/install/decision_making_pkg:/home/jeff/theimc_robot/install/debug_pkg:/home/jeff/theimc_robot/install/camera_perception_pkg:/opt/ros/humble /usr/bin/cmake --build /home/jeff/theimc_robot/build/theimc_description -- -j6 -l6
[1.424s] Invoked command in '/home/jeff/theimc_robot/build/theimc_description' returned '0': CMAKE_PREFIX_PATH=${CMAKE_PREFIX_PATH}:/home/jeff/theimc_robot/install/theimc_teleop:/home/jeff/theimc_robot/install/theimc_bringup:/home/jeff/theimc_robot/install/localizer_server:/home/jeff/theimc_robot/install/decision_making_pkg:/home/jeff/theimc_robot/install/debug_pkg:/home/jeff/theimc_robot/install/camera_perception_pkg:/opt/ros/humble /usr/bin/cmake --build /home/jeff/theimc_robot/build/theimc_description -- -j6 -l6
[1.425s] Invoking command in '/home/jeff/theimc_robot/build/theimc_description': CMAKE_PREFIX_PATH=${CMAKE_PREFIX_PATH}:/home/jeff/theimc_robot/install/theimc_teleop:/home/jeff/theimc_robot/install/theimc_bringup:/home/jeff/theimc_robot/install/localizer_server:/home/jeff/theimc_robot/install/decision_making_pkg:/home/jeff/theimc_robot/install/debug_pkg:/home/jeff/theimc_robot/install/camera_perception_pkg:/opt/ros/humble /usr/bin/cmake --install /home/jeff/theimc_robot/build/theimc_description
[1.442s] -- Install configuration: ""
[1.443s] -- Execute custom install script
[1.445s] -- Symlinking: /home/jeff/theimc_robot/install/theimc_description/share/theimc_description/launch/theimc_description.launch.py
[1.466s] -- Symlinking: /home/jeff/theimc_robot/install/theimc_description/share/theimc_description/rviz/model.rviz
[1.493s] -- Symlinking: /home/jeff/theimc_robot/install/theimc_description/share/theimc_description/rviz/theimc.rviz
[1.512s] -- Symlinking: /home/jeff/theimc_robot/install/theimc_description/share/theimc_description/urdf/theimc.urdf
[1.532s] -- Symlinking: /home/jeff/theimc_robot/install/theimc_description/share/ament_index/resource_index/package_run_dependencies/theimc_description
[1.551s] -- Symlinking: /home/jeff/theimc_robot/install/theimc_description/share/ament_index/resource_index/parent_prefix_path/theimc_description
[1.580s] -- Symlinking: /home/jeff/theimc_robot/install/theimc_description/share/theimc_description/environment/ament_prefix_path.sh
[1.613s] -- Symlinking: /home/jeff/theimc_robot/install/theimc_description/share/theimc_description/environment/ament_prefix_path.dsv
[1.641s] -- Symlinking: /home/jeff/theimc_robot/install/theimc_description/share/theimc_description/environment/path.sh
[1.672s] -- Symlinking: /home/jeff/theimc_robot/install/theimc_description/share/theimc_description/environment/path.dsv
[1.695s] -- Symlinking: /home/jeff/theimc_robot/install/theimc_description/share/theimc_description/local_setup.bash
[1.715s] -- Symlinking: /home/jeff/theimc_robot/install/theimc_description/share/theimc_description/local_setup.sh
[1.737s] -- Symlinking: /home/jeff/theimc_robot/install/theimc_description/share/theimc_description/local_setup.zsh
[1.757s] -- Symlinking: /home/jeff/theimc_robot/install/theimc_description/share/theimc_description/local_setup.dsv
[1.784s] -- Symlinking: /home/jeff/theimc_robot/install/theimc_description/share/theimc_description/package.dsv
[1.804s] -- Symlinking: /home/jeff/theimc_robot/install/theimc_description/share/ament_index/resource_index/packages/theimc_description
[1.823s] -- Symlinking: /home/jeff/theimc_robot/install/theimc_description/share/theimc_description/cmake/theimc_descriptionConfig.cmake
[1.857s] -- Symlinking: /home/jeff/theimc_robot/install/theimc_description/share/theimc_description/cmake/theimc_descriptionConfig-version.cmake
[1.883s] -- Symlinking: /home/jeff/theimc_robot/install/theimc_description/share/theimc_description/package.xml
[2.475s] Invoked command in '/home/jeff/theimc_robot/build/theimc_description' returned '0': CMAKE_PREFIX_PATH=${CMAKE_PREFIX_PATH}:/home/jeff/theimc_robot/install/theimc_teleop:/home/jeff/theimc_robot/install/theimc_bringup:/home/jeff/theimc_robot/install/localizer_server:/home/jeff/theimc_robot/install/decision_making_pkg:/home/jeff/theimc_robot/install/debug_pkg:/home/jeff/theimc_robot/install/camera_perception_pkg:/opt/ros/humble /usr/bin/cmake --install /home/jeff/theimc_robot/build/theimc_description
