[2.985s] Invoking command in '/home/jeff/theimc_robot/build/camera_perception_pkg': PYTHONPATH=/home/jeff/theimc_robot/build/camera_perception_pkg/prefix_override:/usr/lib/python3/dist-packages/colcon_core/task/python/colcon_distutils_commands:/home/jeff/theimc_robot/install/camera_perception_pkg/lib/python3.10/site-packages:${PYTHONPATH} /usr/bin/python3 -W ignore:setup.py install is deprecated -W ignore:easy_install command is deprecated setup.py develop --editable --build-directory /home/jeff/theimc_robot/build/camera_perception_pkg/build --no-deps symlink_data
[3.589s] running develop
[3.988s] running egg_info
[3.988s] writing camera_perception_pkg.egg-info/PKG-INFO
[3.989s] writing dependency_links to camera_perception_pkg.egg-info/dependency_links.txt
[3.990s] writing entry points to camera_perception_pkg.egg-info/entry_points.txt
[3.990s] writing requirements to camera_perception_pkg.egg-info/requires.txt
[3.990s] writing top-level names to camera_perception_pkg.egg-info/top_level.txt
[3.994s] reading manifest file 'camera_perception_pkg.egg-info/SOURCES.txt'
[3.996s] writing manifest file 'camera_perception_pkg.egg-info/SOURCES.txt'
[4.000s] running build_ext
[4.000s] Creating /home/jeff/theimc_robot/install/camera_perception_pkg/lib/python3.10/site-packages/camera-perception-pkg.egg-link (link to .)
[4.002s] Installing aruco_detector_node script to /home/jeff/theimc_robot/install/camera_perception_pkg/lib/camera_perception_pkg
[4.002s] Installing aruco_docker_node script to /home/jeff/theimc_robot/install/camera_perception_pkg/lib/camera_perception_pkg
[4.002s] Installing image_publisher_node script to /home/jeff/theimc_robot/install/camera_perception_pkg/lib/camera_perception_pkg
[4.003s] Installing rail_info_extractor_node script to /home/jeff/theimc_robot/install/camera_perception_pkg/lib/camera_perception_pkg
[4.003s] Installing yolov26_node script to /home/jeff/theimc_robot/install/camera_perception_pkg/lib/camera_perception_pkg
[4.004s] Installing yolov8_node script to /home/jeff/theimc_robot/install/camera_perception_pkg/lib/camera_perception_pkg
[4.004s] 
[4.004s] Installed /home/jeff/theimc_robot/build/camera_perception_pkg
[4.004s] running symlink_data
[4.094s] Invoked command in '/home/jeff/theimc_robot/build/camera_perception_pkg' returned '0': PYTHONPATH=/home/jeff/theimc_robot/build/camera_perception_pkg/prefix_override:/usr/lib/python3/dist-packages/colcon_core/task/python/colcon_distutils_commands:/home/jeff/theimc_robot/install/camera_perception_pkg/lib/python3.10/site-packages:${PYTHONPATH} /usr/bin/python3 -W ignore:setup.py install is deprecated -W ignore:easy_install command is deprecated setup.py develop --editable --build-directory /home/jeff/theimc_robot/build/camera_perception_pkg/build --no-deps symlink_data
