/home/jeff/theimc_robot/install/debug_pkg/lib/python3.10/site-packages/debug_pkg/__init__.py
/home/jeff/theimc_robot/install/debug_pkg/lib/python3.10/site-packages/debug_pkg/check_odom_straight.py
/home/jeff/theimc_robot/install/debug_pkg/lib/python3.10/site-packages/debug_pkg/ekf_test_cmd_sequence.py
/home/jeff/theimc_robot/install/debug_pkg/lib/python3.10/site-packages/debug_pkg/yolov8_visualizer_node.py
/home/jeff/theimc_robot/install/debug_pkg/lib/python3.10/site-packages/debug_pkg/lib/__init__.py
/home/jeff/theimc_robot/install/debug_pkg/lib/python3.10/site-packages/debug_pkg/__pycache__/__init__.cpython-310.pyc
/home/jeff/theimc_robot/install/debug_pkg/lib/python3.10/site-packages/debug_pkg/__pycache__/check_odom_straight.cpython-310.pyc
/home/jeff/theimc_robot/install/debug_pkg/lib/python3.10/site-packages/debug_pkg/__pycache__/ekf_test_cmd_sequence.cpython-310.pyc
/home/jeff/theimc_robot/install/debug_pkg/lib/python3.10/site-packages/debug_pkg/__pycache__/yolov8_visualizer_node.cpython-310.pyc
/home/jeff/theimc_robot/install/debug_pkg/lib/python3.10/site-packages/debug_pkg/lib/__pycache__/__init__.cpython-310.pyc
/home/jeff/theimc_robot/install/debug_pkg/share/ament_index/resource_index/packages/debug_pkg
/home/jeff/theimc_robot/install/debug_pkg/share/debug_pkg/package.xml
/home/jeff/theimc_robot/install/debug_pkg/lib/python3.10/site-packages/debug_pkg-0.0.0-py3.10.egg-info/top_level.txt
/home/jeff/theimc_robot/install/debug_pkg/lib/python3.10/site-packages/debug_pkg-0.0.0-py3.10.egg-info/zip-safe
/home/jeff/theimc_robot/install/debug_pkg/lib/python3.10/site-packages/debug_pkg-0.0.0-py3.10.egg-info/PKG-INFO
/home/jeff/theimc_robot/install/debug_pkg/lib/python3.10/site-packages/debug_pkg-0.0.0-py3.10.egg-info/SOURCES.txt
/home/jeff/theimc_robot/install/debug_pkg/lib/python3.10/site-packages/debug_pkg-0.0.0-py3.10.egg-info/requires.txt
/home/jeff/theimc_robot/install/debug_pkg/lib/python3.10/site-packages/debug_pkg-0.0.0-py3.10.egg-info/dependency_links.txt
/home/jeff/theimc_robot/install/debug_pkg/lib/python3.10/site-packages/debug_pkg-0.0.0-py3.10.egg-info/entry_points.txt
/home/jeff/theimc_robot/install/debug_pkg/lib/debug_pkg/check_odom_straight_node
/home/jeff/theimc_robot/install/debug_pkg/lib/debug_pkg/ekf_test_cmd_sequence
/home/jeff/theimc_robot/install/debug_pkg/lib/debug_pkg/yolov8_visualizer_node
