[35m[1mConsolidate compiler generated dependencies of target theimc_bt_nodes[0m
[ 11%] Built target mission_bt_runner
[ 23%] [32mBuilding CXX object CMakeFiles/theimc_bt_nodes.dir/src/wait_for_charge.cpp.o[0m
[ 23%] [32mBuilding CXX object CMakeFiles/theimc_bt_nodes.dir/src/save_current_pose.cpp.o[0m
[ 29%] [32mBuilding CXX object CMakeFiles/theimc_bt_nodes.dir/src/register_nodes.cpp.o[0m
[01m[K/home/jeff/theimc_robot/src/theimc_bt_nodes/src/wait_for_charge.cpp:5:1:[m[K [01;31m[Kerror: [m[K‘[01m[KWaitForCharge[m[K’ does not name a type
    5 | [01;31m[KWaitForCharge[m[K::WaitForCharge(
      | [01;31m[K^~~~~~~~~~~~~[m[K
[01m[K/home/jeff/theimc_robot/src/theimc_bt_nodes/src/wait_for_charge.cpp:21:1:[m[K [01;31m[Kerror: [m[K‘[01m[KBT[m[K’ does not name a type
   21 | [01;31m[KBT[m[K::PortsList WaitForCharge::providedPorts() {
      | [01;31m[K^~[m[K
[01m[K/home/jeff/theimc_robot/src/theimc_bt_nodes/src/wait_for_charge.cpp:27:1:[m[K [01;31m[Kerror: [m[K‘[01m[KBT[m[K’ does not name a type
   27 | [01;31m[KBT[m[K::NodeStatus WaitForCharge::onStart() {
      | [01;31m[K^~[m[K
[01m[K/home/jeff/theimc_robot/src/theimc_bt_nodes/src/wait_for_charge.cpp:36:1:[m[K [01;31m[Kerror: [m[K‘[01m[KBT[m[K’ does not name a type
   36 | [01;31m[KBT[m[K::NodeStatus WaitForCharge::onRunning() {
      | [01;31m[K^~[m[K
[01m[K/home/jeff/theimc_robot/src/theimc_bt_nodes/src/wait_for_charge.cpp:58:6:[m[K [01;31m[Kerror: [m[K‘[01m[KWaitForCharge[m[K’ has not been declared
   58 | void [01;31m[KWaitForCharge[m[K::onHalted() {
      |      [01;31m[K^~~~~~~~~~~~~[m[K
[01m[K/home/jeff/theimc_robot/src/theimc_bt_nodes/src/wait_for_charge.cpp:[m[K In function ‘[01m[Kvoid theimc_bt_nodes::onHalted()[m[K’:
[01m[K/home/jeff/theimc_robot/src/theimc_bt_nodes/src/wait_for_charge.cpp:59:17:[m[K [01;31m[Kerror: [m[K‘[01m[Knode_[m[K’ was not declared in this scope
   59 |     RCLCPP_WARN([01;31m[Knode_[m[K->get_logger(), "WaitForCharge halted before reaching target battery.");
      |                 [01;31m[K^~~~~[m[K
[01m[K/home/jeff/theimc_robot/src/theimc_bt_nodes/src/wait_for_charge.cpp:59:5:[m[K [01;31m[Kerror: [m[K‘[01m[KRCLCPP_WARN[m[K’ was not declared in this scope
   59 |     [01;31m[KRCLCPP_WARN[m[K(node_->get_logger(), "WaitForCharge halted before reaching target battery.");
      |     [01;31m[K^~~~~~~~~~~[m[K
gmake[2]: *** [CMakeFiles/theimc_bt_nodes.dir/build.make:244: CMakeFiles/theimc_bt_nodes.dir/src/wait_for_charge.cpp.o] Error 1
gmake[2]: *** Waiting for unfinished jobs....
[01m[K/home/jeff/theimc_robot/src/theimc_bt_nodes/src/register_nodes.cpp:[m[K In function ‘[01m[Kvoid BT_RegisterNodesFromPlugin(BT::BehaviorTreeFactory&)[m[K’:
[01m[K/home/jeff/theimc_robot/src/theimc_bt_nodes/src/register_nodes.cpp:30:45:[m[K [01;31m[Kerror: [m[K‘[01m[KWaitForCharge[m[K’ is not a member of ‘[01m[Ktheimc_bt_nodes[m[K’
   30 |   factory.registerNodeType<theimc_bt_nodes::[01;31m[KWaitForCharge[m[K>("WaitForCharge");
      |                                             [01;31m[K^~~~~~~~~~~~~[m[K
[01m[K/home/jeff/theimc_robot/src/theimc_bt_nodes/src/register_nodes.cpp:30:59:[m[K [01;31m[Kerror: [m[Kno matching function for call to ‘[01m[KBT::BehaviorTreeFactory::registerNodeType<<expression error> >(const char [14])[m[K’
   30 |   [01;31m[Kfactory.registerNodeType<theimc_bt_nodes::WaitForCharge>("WaitForCharge")[m[K;
      |   [01;31m[K~~~~~~~~~~~~~~~~~~~~~~~~~~~~~~~~~~~~~~~~~~~~~~~~~~~~~~~~^~~~~~~~~~~~~~~~~[m[K
In file included from [01m[K/home/jeff/theimc_robot/src/theimc_bt_nodes/src/register_nodes.cpp:1[m[K:
[01m[K/opt/ros/humble/include/behaviortree_cpp_v3/bt_factory.h:364:8:[m[K [01;36m[Knote: [m[Kcandidate: ‘[01m[Ktemplate<class T> void BT::BehaviorTreeFactory::registerNodeType(const string&)[m[K’
  364 |   void [01;36m[KregisterNodeType[m[K(const std::string& ID)
      |        [01;36m[K^~~~~~~~~~~~~~~~[m[K
[01m[K/opt/ros/humble/include/behaviortree_cpp_v3/bt_factory.h:364:8:[m[K [01;36m[Knote: [m[K  template argument deduction/substitution failed:
[01m[K/home/jeff/theimc_robot/src/theimc_bt_nodes/src/register_nodes.cpp:30:59:[m[K [01;31m[Kerror: [m[Ktemplate argument 1 is invalid
   30 |   [01;31m[Kfactory.registerNodeType<theimc_bt_nodes::WaitForCharge>("WaitForCharge")[m[K;
      |   [01;31m[K~~~~~~~~~~~~~~~~~~~~~~~~~~~~~~~~~~~~~~~~~~~~~~~~~~~~~~~~^~~~~~~~~~~~~~~~~[m[K
In file included from [01m[K/home/jeff/theimc_robot/src/theimc_bt_nodes/src/register_nodes.cpp:1[m[K:
[01m[K/opt/ros/humble/include/behaviortree_cpp_v3/bt_factory.h:422:8:[m[K [01;36m[Knote: [m[Kcandidate: ‘[01m[Ktemplate<class T> void BT::BehaviorTreeFactory::registerNodeType(const string&, BT::PortsList)[m[K’
  422 |   void [01;36m[KregisterNodeType[m[K(const std::string& ID, PortsList ports)
      |        [01;36m[K^~~~~~~~~~~~~~~~[m[K
[01m[K/opt/ros/humble/include/behaviortree_cpp_v3/bt_factory.h:422:8:[m[K [01;36m[Knote: [m[K  template argument deduction/substitution failed:
[01m[K/home/jeff/theimc_robot/src/theimc_bt_nodes/src/register_nodes.cpp:30:59:[m[K [01;31m[Kerror: [m[Ktemplate argument 1 is invalid
   30 |   [01;31m[Kfactory.registerNodeType<theimc_bt_nodes::WaitForCharge>("WaitForCharge")[m[K;
      |   [01;31m[K~~~~~~~~~~~~~~~~~~~~~~~~~~~~~~~~~~~~~~~~~~~~~~~~~~~~~~~~^~~~~~~~~~~~~~~~~[m[K
gmake[2]: *** [CMakeFiles/theimc_bt_nodes.dir/build.make:174: CMakeFiles/theimc_bt_nodes.dir/src/register_nodes.cpp.o] Error 1
gmake[1]: *** [CMakeFiles/Makefile2:139: CMakeFiles/theimc_bt_nodes.dir/all] Error 2
gmake: *** [Makefile:146: all] Error 2
