running egg_info
creating ../../build/localizer_server/localizer_server.egg-info
writing ../../build/localizer_server/localizer_server.egg-info/PKG-INFO
writing dependency_links to ../../build/localizer_server/localizer_server.egg-info/dependency_links.txt
writing entry points to ../../build/localizer_server/localizer_server.egg-info/entry_points.txt
writing requirements to ../../build/localizer_server/localizer_server.egg-info/requires.txt
writing top-level names to ../../build/localizer_server/localizer_server.egg-info/top_level.txt
writing manifest file '../../build/localizer_server/localizer_server.egg-info/SOURCES.txt'
reading manifest file '../../build/localizer_server/localizer_server.egg-info/SOURCES.txt'
writing manifest file '../../build/localizer_server/localizer_server.egg-info/SOURCES.txt'
running build
running build_py
creating /home/jeff/theimc_robot/build/localizer_server/build
creating /home/jeff/theimc_robot/build/localizer_server/build/lib
creating /home/jeff/theimc_robot/build/localizer_server/build/lib/localizer_server
copying localizer_server/__init__.py -> /home/jeff/theimc_robot/build/localizer_server/build/lib/localizer_server
copying localizer_server/global_localization.py -> /home/jeff/theimc_robot/build/localizer_server/build/lib/localizer_server
running install
running install_lib
creating /home/jeff/theimc_robot/install/localizer_server/lib/python3.10/site-packages/localizer_server
copying /home/jeff/theimc_robot/build/localizer_server/build/lib/localizer_server/__init__.py -> /home/jeff/theimc_robot/install/localizer_server/lib/python3.10/site-packages/localizer_server
copying /home/jeff/theimc_robot/build/localizer_server/build/lib/localizer_server/global_localization.py -> /home/jeff/theimc_robot/install/localizer_server/lib/python3.10/site-packages/localizer_server
byte-compiling /home/jeff/theimc_robot/install/localizer_server/lib/python3.10/site-packages/localizer_server/__init__.py to __init__.cpython-310.pyc
byte-compiling /home/jeff/theimc_robot/install/localizer_server/lib/python3.10/site-packages/localizer_server/global_localization.py to global_localization.cpython-310.pyc
running install_data
creating /home/jeff/theimc_robot/install/localizer_server/share/ament_index
creating /home/jeff/theimc_robot/install/localizer_server/share/ament_index/resource_index
creating /home/jeff/theimc_robot/install/localizer_server/share/ament_index/resource_index/packages
copying resource/localizer_server -> /home/jeff/theimc_robot/install/localizer_server/share/ament_index/resource_index/packages
copying package.xml -> /home/jeff/theimc_robot/install/localizer_server/share/localizer_server
running install_egg_info
Copying ../../build/localizer_server/localizer_server.egg-info to /home/jeff/theimc_robot/install/localizer_server/lib/python3.10/site-packages/localizer_server-0.0.0-py3.10.egg-info
running install_scripts
Installing global_localization script to /home/jeff/theimc_robot/install/localizer_server/lib/localizer_server
writing list of installed files to '/home/jeff/theimc_robot/build/localizer_server/install.log'
