[2.850s] Invoking command in '/home/jeff/theimc_robot/src/localizer_server': PYTHONPATH=/home/jeff/theimc_robot/build/localizer_server/prefix_override:/usr/lib/python3/dist-packages/colcon_core/task/python/colcon_distutils_commands:/home/jeff/theimc_robot/install/localizer_server/lib/python3.10/site-packages:${PYTHONPATH} /usr/bin/python3 -W ignore:setup.py install is deprecated -W ignore:easy_install command is deprecated setup.py egg_info --egg-base ../../build/localizer_server build --build-base /home/jeff/theimc_robot/build/localizer_server/build install --record /home/jeff/theimc_robot/build/localizer_server/install.log --install-scripts $base/lib/localizer_server --single-version-externally-managed install_data
[3.456s] running egg_info
[3.458s] creating ../../build/localizer_server/localizer_server.egg-info
[3.458s] writing ../../build/localizer_server/localizer_server.egg-info/PKG-INFO
[3.459s] writing dependency_links to ../../build/localizer_server/localizer_server.egg-info/dependency_links.txt
[3.459s] writing entry points to ../../build/localizer_server/localizer_server.egg-info/entry_points.txt
[3.460s] writing requirements to ../../build/localizer_server/localizer_server.egg-info/requires.txt
[3.460s] writing top-level names to ../../build/localizer_server/localizer_server.egg-info/top_level.txt
[3.461s] writing manifest file '../../build/localizer_server/localizer_server.egg-info/SOURCES.txt'
[3.465s] reading manifest file '../../build/localizer_server/localizer_server.egg-info/SOURCES.txt'
[3.467s] writing manifest file '../../build/localizer_server/localizer_server.egg-info/SOURCES.txt'
[3.467s] running build
[3.468s] running build_py
[3.468s] creating /home/jeff/theimc_robot/build/localizer_server/build
[3.468s] creating /home/jeff/theimc_robot/build/localizer_server/build/lib
[3.468s] creating /home/jeff/theimc_robot/build/localizer_server/build/lib/localizer_server
[3.469s] copying localizer_server/__init__.py -> /home/jeff/theimc_robot/build/localizer_server/build/lib/localizer_server
[3.469s] copying localizer_server/global_localization.py -> /home/jeff/theimc_robot/build/localizer_server/build/lib/localizer_server
[3.470s] running install
[3.471s] running install_lib
[3.473s] creating /home/jeff/theimc_robot/install/localizer_server/lib/python3.10/site-packages/localizer_server
[3.473s] copying /home/jeff/theimc_robot/build/localizer_server/build/lib/localizer_server/__init__.py -> /home/jeff/theimc_robot/install/localizer_server/lib/python3.10/site-packages/localizer_server
[3.473s] copying /home/jeff/theimc_robot/build/localizer_server/build/lib/localizer_server/global_localization.py -> /home/jeff/theimc_robot/install/localizer_server/lib/python3.10/site-packages/localizer_server
[3.475s] byte-compiling /home/jeff/theimc_robot/install/localizer_server/lib/python3.10/site-packages/localizer_server/__init__.py to __init__.cpython-310.pyc
[3.477s] byte-compiling /home/jeff/theimc_robot/install/localizer_server/lib/python3.10/site-packages/localizer_server/global_localization.py to global_localization.cpython-310.pyc
[3.479s] running install_data
[3.480s] creating /home/jeff/theimc_robot/install/localizer_server/share/ament_index
[3.480s] creating /home/jeff/theimc_robot/install/localizer_server/share/ament_index/resource_index
[3.480s] creating /home/jeff/theimc_robot/install/localizer_server/share/ament_index/resource_index/packages
[3.480s] copying resource/localizer_server -> /home/jeff/theimc_robot/install/localizer_server/share/ament_index/resource_index/packages
[3.482s] copying package.xml -> /home/jeff/theimc_robot/install/localizer_server/share/localizer_server
[3.482s] running install_egg_info
[3.486s] Copying ../../build/localizer_server/localizer_server.egg-info to /home/jeff/theimc_robot/install/localizer_server/lib/python3.10/site-packages/localizer_server-0.0.0-py3.10.egg-info
[3.489s] running install_scripts
[3.535s] Installing global_localization script to /home/jeff/theimc_robot/install/localizer_server/lib/localizer_server
[3.536s] writing list of installed files to '/home/jeff/theimc_robot/build/localizer_server/install.log'
[3.678s] Invoked command in '/home/jeff/theimc_robot/src/localizer_server' returned '0': PYTHONPATH=/home/jeff/theimc_robot/build/localizer_server/prefix_override:/usr/lib/python3/dist-packages/colcon_core/task/python/colcon_distutils_commands:/home/jeff/theimc_robot/install/localizer_server/lib/python3.10/site-packages:${PYTHONPATH} /usr/bin/python3 -W ignore:setup.py install is deprecated -W ignore:easy_install command is deprecated setup.py egg_info --egg-base ../../build/localizer_server build --build-base /home/jeff/theimc_robot/build/localizer_server/build install --record /home/jeff/theimc_robot/build/localizer_server/install.log --install-scripts $base/lib/localizer_server --single-version-externally-managed install_data
