[0.027s] Invoking command in '/home/jeff/theimc_robot/build/theimc_bt_nodes': CMAKE_PREFIX_PATH=/home/jeff/theimc_robot/install/theimc_navigation2:/home/jeff/theimc_robot/install/interfaces_pkg:/home/jeff/theimc_robot/install/theimc_bt_nodes:/home/jeff/theimc_robot/install/theimc_description:/home/jeff/theimc_robot/install/sllidar_ros2:/home/jeff/theimc_robot/install/theimc_teleop:/home/jeff/theimc_robot/install/theimc_bringup:/home/jeff/theimc_robot/install/localizer_server:/home/jeff/theimc_robot/install/decision_making_pkg:/home/jeff/theimc_robot/install/debug_pkg:/home/jeff/theimc_robot/install/camera_perception_pkg:/opt/ros/humble LD_LIBRARY_PATH=/home/jeff/theimc_robot/install/theimc_navigation2/lib:/home/jeff/theimc_robot/install/interfaces_pkg/lib:/usr/local/cuda/lib64:/usr/local/cuda/lib64:/home/jeff/theimc_robot/install/theimc_bt_nodes/lib:/opt/ros/humble/opt/rviz_ogre_vendor/lib:/opt/ros/humble/lib/aarch64-linux-gnu:/opt/ros/humble/lib /usr/bin/cmake --build /home/jeff/theimc_robot/build/theimc_bt_nodes -- -j6 -l6
[0.132s] [35m[1mConsolidate compiler generated dependencies of target theimc_bt_nodes[0m
[0.142s] [ 11%] Built target mission_bt_runner
[0.243s] [ 17%] [32mBuilding CXX object CMakeFiles/theimc_bt_nodes.dir/src/register_nodes.cpp.o[0m
[0.244s] [ 23%] [32mBuilding CXX object CMakeFiles/theimc_bt_nodes.dir/src/wait_for_charge.cpp.o[0m
[5.783s] [01m[K/home/jeff/theimc_robot/src/theimc_bt_nodes/src/wait_for_charge.cpp:7:1:[m[K [01;31m[Kerror: [m[K‘[01m[KWaitForCharge[m[K’ does not name a type
[5.784s]     7 | [01;31m[KWaitForCharge[m[K::WaitForCharge(
[5.784s]       | [01;31m[K^~~~~~~~~~~~~[m[K
[5.784s] [01m[K/home/jeff/theimc_robot/src/theimc_bt_nodes/src/wait_for_charge.cpp:23:15:[m[K [01;31m[Kerror: [m[K‘[01m[KWaitForCharge[m[K’ has not been declared
[5.784s]    23 | BT::PortsList [01;31m[KWaitForCharge[m[K::providedPorts() {
[5.784s]       |               [01;31m[K^~~~~~~~~~~~~[m[K
[5.784s] [01m[K/home/jeff/theimc_robot/src/theimc_bt_nodes/src/wait_for_charge.cpp:29:16:[m[K [01;31m[Kerror: [m[K‘[01m[KWaitForCharge[m[K’ has not been declared
[5.784s]    29 | BT::NodeStatus [01;31m[KWaitForCharge[m[K::onStart() {
[5.785s]       |                [01;31m[K^~~~~~~~~~~~~[m[K
[5.798s] [01m[K/home/jeff/theimc_robot/src/theimc_bt_nodes/src/wait_for_charge.cpp:[m[K In function ‘[01m[KBT::NodeStatus theimc_bt_nodes::onStart()[m[K’:
[5.798s] [01m[K/home/jeff/theimc_robot/src/theimc_bt_nodes/src/wait_for_charge.cpp:30:37:[m[K [01;31m[Kerror: [m[K‘[01m[Ktarget_battery_[m[K’ was not declared in this scope
[5.798s]    30 |     if (!getInput("target_battery", [01;31m[Ktarget_battery_[m[K)) {
[5.798s]       |                                     [01;31m[K^~~~~~~~~~~~~~~[m[K
[5.807s] [01m[K/home/jeff/theimc_robot/src/theimc_bt_nodes/src/wait_for_charge.cpp:30:10:[m[K [01;31m[Kerror: [m[K‘[01m[KgetInput[m[K’ was not declared in this scope; did you mean ‘[01m[Kgetpt[m[K’?
[5.808s]    30 |     if (![01;31m[KgetInput[m[K("target_battery", target_battery_)) {
[5.808s]       |          [01;31m[K^~~~~~~~[m[K
[5.808s]       |          [32m[Kgetpt[m[K
[5.816s] In file included from [01m[K/opt/ros/humble/include/rclcpp/rclcpp/client.hpp:40[m[K,
[5.817s]                  from [01m[K/opt/ros/humble/include/rclcpp/rclcpp/callback_group.hpp:24[m[K,
[5.817s]                  from [01m[K/opt/ros/humble/include/rclcpp/rclcpp/any_executable.hpp:20[m[K,
[5.817s]                  from [01m[K/opt/ros/humble/include/rclcpp/rclcpp/memory_strategy.hpp:25[m[K,
[5.817s]                  from [01m[K/opt/ros/humble/include/rclcpp/rclcpp/memory_strategies.hpp:18[m[K,
[5.817s]                  from [01m[K/opt/ros/humble/include/rclcpp/rclcpp/executor_options.hpp:20[m[K,
[5.817s]                  from [01m[K/opt/ros/humble/include/rclcpp/rclcpp/executor.hpp:37[m[K,
[5.817s]                  from [01m[K/opt/ros/humble/include/rclcpp/rclcpp/executors/multi_threaded_executor.hpp:25[m[K,
[5.818s]                  from [01m[K/opt/ros/humble/include/rclcpp/rclcpp/executors.hpp:21[m[K,
[5.818s]                  from [01m[K/opt/ros/humble/include/rclcpp/rclcpp/rclcpp.hpp:155[m[K,
[5.818s]                  from [01m[K/home/jeff/theimc_robot/src/theimc_bt_nodes/src/wait_for_charge.cpp:3[m[K:
[5.818s] [01m[K/home/jeff/theimc_robot/src/theimc_bt_nodes/src/wait_for_charge.cpp:31:21:[m[K [01;31m[Kerror: [m[K‘[01m[Knode_[m[K’ was not declared in this scope; did you mean ‘[01m[Kmode_t[m[K’?
[5.818s]    31 |         RCLCPP_WARN([01;31m[Knode_[m[K->get_logger(), "WaitForCharge missing target_battery input, using default %.1f", target_battery_);
[5.818s]       |                     [01;31m[K^~~~~[m[K
[5.818s] [01m[K/home/jeff/theimc_robot/src/theimc_bt_nodes/src/wait_for_charge.cpp:31:9:[m[K [01;31m[Kerror: [m[Ktemplate argument 1 is invalid
[5.819s]    31 |         [01;31m[KRCLCPP_WARN[m[K(node_->get_logger(), "WaitForCharge missing target_battery input, using default %.1f", target_battery_);
[5.819s]       |         [01;31m[K^~~~~~~~~~~[m[K
[5.826s] [01m[K/home/jeff/theimc_robot/src/theimc_bt_nodes/src/wait_for_charge.cpp:34:17:[m[K [01;31m[Kerror: [m[K‘[01m[Knode_[m[K’ was not declared in this scope; did you mean ‘[01m[Kmode_t[m[K’?
[5.826s]    34 |     RCLCPP_INFO([01;31m[Knode_[m[K->get_logger(), "WaitForCharge started. Waiting until battery reaches: %.2f%%", target_battery_);
[5.826s]       |                 [01;31m[K^~~~~[m[K
[5.826s] [01m[K/home/jeff/theimc_robot/src/theimc_bt_nodes/src/wait_for_charge.cpp:34:5:[m[K [01;31m[Kerror: [m[Ktemplate argument 1 is invalid
[5.826s]    34 |     [01;31m[KRCLCPP_INFO[m[K(node_->get_logger(), "WaitForCharge started. Waiting until battery reaches: %.2f%%", target_battery_);
[5.827s]       |     [01;31m[K^~~~~~~~~~~[m[K
[5.838s] In file included from [01m[K/opt/ros/humble/include/rclcpp/rclcpp/logging.hpp:24[m[K,
[5.839s]                  from [01m[K/opt/ros/humble/include/rclcpp/rclcpp/client.hpp:40[m[K,
[5.839s]                  from [01m[K/opt/ros/humble/include/rclcpp/rclcpp/callback_group.hpp:24[m[K,
[5.839s]                  from [01m[K/opt/ros/humble/include/rclcpp/rclcpp/any_executable.hpp:20[m[K,
[5.839s]                  from [01m[K/opt/ros/humble/include/rclcpp/rclcpp/memory_strategy.hpp:25[m[K,
[5.839s]                  from [01m[K/opt/ros/humble/include/rclcpp/rclcpp/memory_strategies.hpp:18[m[K,
[5.839s]                  from [01m[K/opt/ros/humble/include/rclcpp/rclcpp/executor_options.hpp:20[m[K,
[5.839s]                  from [01m[K/opt/ros/humble/include/rclcpp/rclcpp/executor.hpp:37[m[K,
[5.840s]                  from [01m[K/opt/ros/humble/include/rclcpp/rclcpp/executors/multi_threaded_executor.hpp:25[m[K,
[5.840s]                  from [01m[K/opt/ros/humble/include/rclcpp/rclcpp/executors.hpp:21[m[K,
[5.840s]                  from [01m[K/opt/ros/humble/include/rclcpp/rclcpp/rclcpp.hpp:155[m[K,
[5.840s]                  from [01m[K/home/jeff/theimc_robot/src/theimc_bt_nodes/src/wait_for_charge.cpp:3[m[K:
[5.840s] [01m[K/home/jeff/theimc_robot/src/theimc_bt_nodes/src/wait_for_charge.cpp:34:102:[m[K [01;31m[Kerror: [m[K‘[01m[Ktarget_battery_[m[K’ was not declared in this scope
[5.840s]    34 |     RCLCPP_INFO(node_->get_logger(), "WaitForCharge started. Waiting until battery reaches: %.2f%%", [01;31m[Ktarget_battery_[m[K);
[5.840s]       |                                                                                                      [01;31m[K^~~~~~~~~~~~~~~[m[K
[5.841s] [01m[K/home/jeff/theimc_robot/src/theimc_bt_nodes/src/wait_for_charge.cpp:[m[K At global scope:
[5.841s] [01m[K/home/jeff/theimc_robot/src/theimc_bt_nodes/src/wait_for_charge.cpp:38:16:[m[K [01;31m[Kerror: [m[K‘[01m[KWaitForCharge[m[K’ has not been declared
[5.841s]    38 | BT::NodeStatus [01;31m[KWaitForCharge[m[K::onRunning() {
[5.841s]       |                [01;31m[K^~~~~~~~~~~~~[m[K
[5.848s] [01m[K/home/jeff/theimc_robot/src/theimc_bt_nodes/src/wait_for_charge.cpp:[m[K In function ‘[01m[KBT::NodeStatus theimc_bt_nodes::onRunning()[m[K’:
[5.848s] [01m[K/home/jeff/theimc_robot/src/theimc_bt_nodes/src/wait_for_charge.cpp:39:38:[m[K [01;31m[Kerror: [m[K‘[01m[Kmutex_[m[K’ was not declared in this scope
[5.848s]    39 |     std::lock_guard<std::mutex> lock([01;31m[Kmutex_[m[K);
[5.848s]       |                                      [01;31m[K^~~~~~[m[K
[5.861s] [01m[K/home/jeff/theimc_robot/src/theimc_bt_nodes/src/wait_for_charge.cpp:42:10:[m[K [01;31m[Kerror: [m[K‘[01m[Khas_received_data_[m[K’ was not declared in this scope
[5.861s]    42 |     if (![01;31m[Khas_received_data_[m[K) {
[5.861s]       |          [01;31m[K^~~~~~~~~~~~~~~~~~[m[K
[5.873s] [01m[K/home/jeff/theimc_robot/src/theimc_bt_nodes/src/wait_for_charge.cpp:47:9:[m[K [01;31m[Kerror: [m[K‘[01m[Kcurrent_battery_[m[K’ was not declared in this scope
[5.873s]    47 |     if ([01;31m[Kcurrent_battery_[m[K >= target_battery_) {
[5.873s]       |         [01;31m[K^~~~~~~~~~~~~~~~[m[K
[5.884s] [01m[K/home/jeff/theimc_robot/src/theimc_bt_nodes/src/wait_for_charge.cpp:47:29:[m[K [01;31m[Kerror: [m[K‘[01m[Ktarget_battery_[m[K’ was not declared in this scope
[5.884s]    47 |     if (current_battery_ >= [01;31m[Ktarget_battery_[m[K) {
[5.884s]       |                             [01;31m[K^~~~~~~~~~~~~~~[m[K
[5.892s] In file included from [01m[K/opt/ros/humble/include/rclcpp/rclcpp/client.hpp:40[m[K,
[5.892s]                  from [01m[K/opt/ros/humble/include/rclcpp/rclcpp/callback_group.hpp:24[m[K,
[5.892s]                  from [01m[K/opt/ros/humble/include/rclcpp/rclcpp/any_executable.hpp:20[m[K,
[5.892s]                  from [01m[K/opt/ros/humble/include/rclcpp/rclcpp/memory_strategy.hpp:25[m[K,
[5.893s]                  from [01m[K/opt/ros/humble/include/rclcpp/rclcpp/memory_strategies.hpp:18[m[K,
[5.893s]                  from [01m[K/opt/ros/humble/include/rclcpp/rclcpp/executor_options.hpp:20[m[K,
[5.893s]                  from [01m[K/opt/ros/humble/include/rclcpp/rclcpp/executor.hpp:37[m[K,
[5.893s]                  from [01m[K/opt/ros/humble/include/rclcpp/rclcpp/executors/multi_threaded_executor.hpp:25[m[K,
[5.893s]                  from [01m[K/opt/ros/humble/include/rclcpp/rclcpp/executors.hpp:21[m[K,
[5.893s]                  from [01m[K/opt/ros/humble/include/rclcpp/rclcpp/rclcpp.hpp:155[m[K,
[5.893s]                  from [01m[K/home/jeff/theimc_robot/src/theimc_bt_nodes/src/wait_for_charge.cpp:3[m[K:
[5.894s] [01m[K/home/jeff/theimc_robot/src/theimc_bt_nodes/src/wait_for_charge.cpp:48:21:[m[K [01;31m[Kerror: [m[K‘[01m[Knode_[m[K’ was not declared in this scope; did you mean ‘[01m[Kmode_t[m[K’?
[5.894s]    48 |         RCLCPP_INFO([01;31m[Knode_[m[K->get_logger(), "WaitForCharge complete. Current battery: %.2f%% >= Target: %.2f%%",
[5.894s]       |                     [01;31m[K^~~~~[m[K
[5.894s] [01m[K/home/jeff/theimc_robot/src/theimc_bt_nodes/src/wait_for_charge.cpp:48:9:[m[K [01;31m[Kerror: [m[Ktemplate argument 1 is invalid
[5.894s]    48 |         [01;31m[KRCLCPP_INFO[m[K(node_->get_logger(), "WaitForCharge complete. Current battery: %.2f%% >= Target: %.2f%%",
[5.894s]       |         [01;31m[K^~~~~~~~~~~[m[K
[5.901s] [01m[K/home/jeff/theimc_robot/src/theimc_bt_nodes/src/wait_for_charge.cpp:54:26:[m[K [01;31m[Kerror: [m[K‘[01m[Knode_[m[K’ was not declared in this scope; did you mean ‘[01m[Kmode_t[m[K’?
[5.901s]    54 |     RCLCPP_INFO_THROTTLE([01;31m[Knode_[m[K->get_logger(), *node_->get_clock(), 10000,
[5.901s]       |                          [01;31m[K^~~~~[m[K
[5.901s] [01m[K/home/jeff/theimc_robot/src/theimc_bt_nodes/src/wait_for_charge.cpp:54:5:[m[K [01;31m[Kerror: [m[Ktemplate argument 1 is invalid
[5.901s]    54 |     [01;31m[KRCLCPP_INFO_THROTTLE[m[K(node_->get_logger(), *node_->get_clock(), 10000,
[5.901s]       |     [01;31m[K^~~~~~~~~~~~~~~~~~~~[m[K
[5.912s] [01m[K/home/jeff/theimc_robot/src/theimc_bt_nodes/src/wait_for_charge.cpp:[m[K In lambda function:
[5.912s] [01m[K/home/jeff/theimc_robot/src/theimc_bt_nodes/src/wait_for_charge.cpp:54:5:[m[K [01;31m[Kerror: [m[K‘[01m[Kc[m[K’ was not declared in this scope
[5.913s]    54 |     [01;31m[KRCLCPP_INFO_THROTTLE[m[K(node_->get_logger(), *node_->get_clock(), 10000,
[5.913s]       |     [01;31m[K^~~~~~~~~~~~~~~~~~~~[m[K
[5.926s] In file included from [01m[K/opt/ros/humble/include/rclcpp/rclcpp/logging.hpp:24[m[K,
[5.926s]                  from [01m[K/opt/ros/humble/include/rclcpp/rclcpp/client.hpp:40[m[K,
[5.926s]                  from [01m[K/opt/ros/humble/include/rclcpp/rclcpp/callback_group.hpp:24[m[K,
[5.926s]                  from [01m[K/opt/ros/humble/include/rclcpp/rclcpp/any_executable.hpp:20[m[K,
[5.926s]                  from [01m[K/opt/ros/humble/include/rclcpp/rclcpp/memory_strategy.hpp:25[m[K,
[5.927s]                  from [01m[K/opt/ros/humble/include/rclcpp/rclcpp/memory_strategies.hpp:18[m[K,
[5.927s]                  from [01m[K/opt/ros/humble/include/rclcpp/rclcpp/executor_options.hpp:20[m[K,
[5.927s]                  from [01m[K/opt/ros/humble/include/rclcpp/rclcpp/executor.hpp:37[m[K,
[5.927s]                  from [01m[K/opt/ros/humble/include/rclcpp/rclcpp/executors/multi_threaded_executor.hpp:25[m[K,
[5.927s]                  from [01m[K/opt/ros/humble/include/rclcpp/rclcpp/executors.hpp:21[m[K,
[5.927s]                  from [01m[K/opt/ros/humble/include/rclcpp/rclcpp/rclcpp.hpp:155[m[K,
[5.927s]                  from [01m[K/home/jeff/theimc_robot/src/theimc_bt_nodes/src/wait_for_charge.cpp:3[m[K:
[5.927s] [01m[K/home/jeff/theimc_robot/src/theimc_bt_nodes/src/wait_for_charge.cpp:[m[K In function ‘[01m[KBT::NodeStatus theimc_bt_nodes::onRunning()[m[K’:
[5.928s] [01m[K/home/jeff/theimc_robot/src/theimc_bt_nodes/src/wait_for_charge.cpp:55:76:[m[K [01;31m[Kerror: [m[K‘[01m[Kcurrent_battery_[m[K’ was not declared in this scope
[5.928s]    55 |                         "Charging in progress... Current battery: %.2f%%", [01;31m[Kcurrent_battery_[m[K);
[5.928s]       |                                                                            [01;31m[K^~~~~~~~~~~~~~~~[m[K
[5.928s] [01m[K/home/jeff/theimc_robot/src/theimc_bt_nodes/src/wait_for_charge.cpp:[m[K At global scope:
[5.928s] [01m[K/home/jeff/theimc_robot/src/theimc_bt_nodes/src/wait_for_charge.cpp:60:6:[m[K [01;31m[Kerror: [m[K‘[01m[KWaitForCharge[m[K’ has not been declared
[5.928s]    60 | void [01;31m[KWaitForCharge[m[K::onHalted() {
[5.928s]       |      [01;31m[K^~~~~~~~~~~~~[m[K
[5.934s] In file included from [01m[K/opt/ros/humble/include/rclcpp/rclcpp/client.hpp:40[m[K,
[5.934s]                  from [01m[K/opt/ros/humble/include/rclcpp/rclcpp/callback_group.hpp:24[m[K,
[5.935s]                  from [01m[K/opt/ros/humble/include/rclcpp/rclcpp/any_executable.hpp:20[m[K,
[5.935s]                  from [01m[K/opt/ros/humble/include/rclcpp/rclcpp/memory_strategy.hpp:25[m[K,
[5.935s]                  from [01m[K/opt/ros/humble/include/rclcpp/rclcpp/memory_strategies.hpp:18[m[K,
[5.935s]                  from [01m[K/opt/ros/humble/include/rclcpp/rclcpp/executor_options.hpp:20[m[K,
[5.935s]                  from [01m[K/opt/ros/humble/include/rclcpp/rclcpp/executor.hpp:37[m[K,
[5.935s]                  from [01m[K/opt/ros/humble/include/rclcpp/rclcpp/executors/multi_threaded_executor.hpp:25[m[K,
[5.935s]                  from [01m[K/opt/ros/humble/include/rclcpp/rclcpp/executors.hpp:21[m[K,
[5.936s]                  from [01m[K/opt/ros/humble/include/rclcpp/rclcpp/rclcpp.hpp:155[m[K,
[5.936s]                  from [01m[K/home/jeff/theimc_robot/src/theimc_bt_nodes/src/wait_for_charge.cpp:3[m[K:
[5.936s] [01m[K/home/jeff/theimc_robot/src/theimc_bt_nodes/src/wait_for_charge.cpp:[m[K In function ‘[01m[Kvoid theimc_bt_nodes::onHalted()[m[K’:
[5.936s] [01m[K/home/jeff/theimc_robot/src/theimc_bt_nodes/src/wait_for_charge.cpp:61:17:[m[K [01;31m[Kerror: [m[K‘[01m[Knode_[m[K’ was not declared in this scope; did you mean ‘[01m[Kmode_t[m[K’?
[5.936s]    61 |     RCLCPP_WARN([01;31m[Knode_[m[K->get_logger(), "WaitForCharge halted before reaching target battery.");
[5.937s]       |                 [01;31m[K^~~~~[m[K
[5.937s] [01m[K/home/jeff/theimc_robot/src/theimc_bt_nodes/src/wait_for_charge.cpp:61:5:[m[K [01;31m[Kerror: [m[Ktemplate argument 1 is invalid
[5.937s]    61 |     [01;31m[KRCLCPP_WARN[m[K(node_->get_logger(), "WaitForCharge halted before reaching target battery.");
[5.937s]       |     [01;31m[K^~~~~~~~~~~[m[K
[7.263s] gmake[2]: *** [CMakeFiles/theimc_bt_nodes.dir/build.make:244: CMakeFiles/theimc_bt_nodes.dir/src/wait_for_charge.cpp.o] Error 1
[7.264s] gmake[2]: *** Waiting for unfinished jobs....
[7.911s] [01m[K/home/jeff/theimc_robot/src/theimc_bt_nodes/src/register_nodes.cpp:[m[K In function ‘[01m[Kvoid BT_RegisterNodesFromPlugin(BT::BehaviorTreeFactory&)[m[K’:
[7.911s] [01m[K/home/jeff/theimc_robot/src/theimc_bt_nodes/src/register_nodes.cpp:30:45:[m[K [01;31m[Kerror: [m[K‘[01m[KWaitForCharge[m[K’ is not a member of ‘[01m[Ktheimc_bt_nodes[m[K’
[7.912s]    30 |   factory.registerNodeType<theimc_bt_nodes::[01;31m[KWaitForCharge[m[K>("WaitForCharge");
[7.912s]       |                                             [01;31m[K^~~~~~~~~~~~~[m[K
[7.912s] [01m[K/home/jeff/theimc_robot/src/theimc_bt_nodes/src/register_nodes.cpp:30:59:[m[K [01;31m[Kerror: [m[Kno matching function for call to ‘[01m[KBT::BehaviorTreeFactory::registerNodeType<<expression error> >(const char [14])[m[K’
[7.912s]    30 |   [01;31m[Kfactory.registerNodeType<theimc_bt_nodes::WaitForCharge>("WaitForCharge")[m[K;
[7.913s]       |   [01;31m[K~~~~~~~~~~~~~~~~~~~~~~~~~~~~~~~~~~~~~~~~~~~~~~~~~~~~~~~~^~~~~~~~~~~~~~~~~[m[K
[7.913s] In file included from [01m[K/home/jeff/theimc_robot/src/theimc_bt_nodes/src/register_nodes.cpp:1[m[K:
[7.913s] [01m[K/opt/ros/humble/include/behaviortree_cpp_v3/bt_factory.h:364:8:[m[K [01;36m[Knote: [m[Kcandidate: ‘[01m[Ktemplate<class T> void BT::BehaviorTreeFactory::registerNodeType(const string&)[m[K’
[7.913s]   364 |   void [01;36m[KregisterNodeType[m[K(const std::string& ID)
[7.914s]       |        [01;36m[K^~~~~~~~~~~~~~~~[m[K
[7.914s] [01m[K/opt/ros/humble/include/behaviortree_cpp_v3/bt_factory.h:364:8:[m[K [01;36m[Knote: [m[K  template argument deduction/substitution failed:
[7.914s] [01m[K/home/jeff/theimc_robot/src/theimc_bt_nodes/src/register_nodes.cpp:30:59:[m[K [01;31m[Kerror: [m[Ktemplate argument 1 is invalid
[7.915s]    30 |   [01;31m[Kfactory.registerNodeType<theimc_bt_nodes::WaitForCharge>("WaitForCharge")[m[K;
[7.915s]       |   [01;31m[K~~~~~~~~~~~~~~~~~~~~~~~~~~~~~~~~~~~~~~~~~~~~~~~~~~~~~~~~^~~~~~~~~~~~~~~~~[m[K
[7.915s] In file included from [01m[K/home/jeff/theimc_robot/src/theimc_bt_nodes/src/register_nodes.cpp:1[m[K:
[7.915s] [01m[K/opt/ros/humble/include/behaviortree_cpp_v3/bt_factory.h:422:8:[m[K [01;36m[Knote: [m[Kcandidate: ‘[01m[Ktemplate<class T> void BT::BehaviorTreeFactory::registerNodeType(const string&, BT::PortsList)[m[K’
[7.916s]   422 |   void [01;36m[KregisterNodeType[m[K(const std::string& ID, PortsList ports)
[7.916s]       |        [01;36m[K^~~~~~~~~~~~~~~~[m[K
[7.916s] [01m[K/opt/ros/humble/include/behaviortree_cpp_v3/bt_factory.h:422:8:[m[K [01;36m[Knote: [m[K  template argument deduction/substitution failed:
[7.916s] [01m[K/home/jeff/theimc_robot/src/theimc_bt_nodes/src/register_nodes.cpp:30:59:[m[K [01;31m[Kerror: [m[Ktemplate argument 1 is invalid
[7.916s]    30 |   [01;31m[Kfactory.registerNodeType<theimc_bt_nodes::WaitForCharge>("WaitForCharge")[m[K;
[7.917s]       |   [01;31m[K~~~~~~~~~~~~~~~~~~~~~~~~~~~~~~~~~~~~~~~~~~~~~~~~~~~~~~~~^~~~~~~~~~~~~~~~~[m[K
[9.747s] gmake[2]: *** [CMakeFiles/theimc_bt_nodes.dir/build.make:174: CMakeFiles/theimc_bt_nodes.dir/src/register_nodes.cpp.o] Error 1
[9.747s] gmake[1]: *** [CMakeFiles/Makefile2:139: CMakeFiles/theimc_bt_nodes.dir/all] Error 2
[9.748s] gmake: *** [Makefile:146: all] Error 2
[9.755s] Invoked command in '/home/jeff/theimc_robot/build/theimc_bt_nodes' returned '2': CMAKE_PREFIX_PATH=/home/jeff/theimc_robot/install/theimc_navigation2:/home/jeff/theimc_robot/install/interfaces_pkg:/home/jeff/theimc_robot/install/theimc_bt_nodes:/home/jeff/theimc_robot/install/theimc_description:/home/jeff/theimc_robot/install/sllidar_ros2:/home/jeff/theimc_robot/install/theimc_teleop:/home/jeff/theimc_robot/install/theimc_bringup:/home/jeff/theimc_robot/install/localizer_server:/home/jeff/theimc_robot/install/decision_making_pkg:/home/jeff/theimc_robot/install/debug_pkg:/home/jeff/theimc_robot/install/camera_perception_pkg:/opt/ros/humble LD_LIBRARY_PATH=/home/jeff/theimc_robot/install/theimc_navigation2/lib:/home/jeff/theimc_robot/install/interfaces_pkg/lib:/usr/local/cuda/lib64:/usr/local/cuda/lib64:/home/jeff/theimc_robot/install/theimc_bt_nodes/lib:/opt/ros/humble/opt/rviz_ogre_vendor/lib:/opt/ros/humble/lib/aarch64-linux-gnu:/opt/ros/humble/lib /usr/bin/cmake --build /home/jeff/theimc_robot/build/theimc_bt_nodes -- -j6 -l6
