[35m[1mConsolidate compiler generated dependencies of target mission_bt_runner[0m
[35m[1mConsolidate compiler generated dependencies of target theimc_bt_nodes[0m
[ 11%] Built target mission_bt_runner
[ 17%] [32mBuilding CXX object CMakeFiles/theimc_bt_nodes.dir/src/register_nodes.cpp.o[0m
[ 23%] [32mBuilding CXX object CMakeFiles/theimc_bt_nodes.dir/src/is_battery_low.cpp.o[0m
[ 29%] [32mBuilding CXX object CMakeFiles/theimc_bt_nodes.dir/src/wait_for_charge.cpp.o[0m
[01m[K/home/jeff/theimc_robot/src/theimc_bt_nodes/src/register_nodes.cpp:[m[K In function ‘[01m[Kvoid BT_RegisterNodesFromPlugin(BT::BehaviorTreeFactory&)[m[K’:
[01m[K/home/jeff/theimc_robot/src/theimc_bt_nodes/src/register_nodes.cpp:33:45:[m[K [01;31m[Kerror: [m[K‘[01m[KToggleDocking[m[K’ is not a member of ‘[01m[Ktheimc_bt_nodes[m[K’
   33 |   factory.registerNodeType<theimc_bt_nodes::[01;31m[KToggleDocking[m[K>("ToggleDocking");
      |                                             [01;31m[K^~~~~~~~~~~~~[m[K
[01m[K/home/jeff/theimc_robot/src/theimc_bt_nodes/src/register_nodes.cpp:33:59:[m[K [01;31m[Kerror: [m[Kno matching function for call to ‘[01m[KBT::BehaviorTreeFactory::registerNodeType<<expression error> >(const char [14])[m[K’
   33 |   [01;31m[Kfactory.registerNodeType<theimc_bt_nodes::ToggleDocking>("ToggleDocking")[m[K;
      |   [01;31m[K~~~~~~~~~~~~~~~~~~~~~~~~~~~~~~~~~~~~~~~~~~~~~~~~~~~~~~~~^~~~~~~~~~~~~~~~~[m[K
In file included from [01m[K/home/jeff/theimc_robot/src/theimc_bt_nodes/src/register_nodes.cpp:1[m[K:
[01m[K/opt/ros/humble/include/behaviortree_cpp_v3/bt_factory.h:364:8:[m[K [01;36m[Knote: [m[Kcandidate: ‘[01m[Ktemplate<class T> void BT::BehaviorTreeFactory::registerNodeType(const string&)[m[K’
  364 |   void [01;36m[KregisterNodeType[m[K(const std::string& ID)
      |        [01;36m[K^~~~~~~~~~~~~~~~[m[K
[01m[K/opt/ros/humble/include/behaviortree_cpp_v3/bt_factory.h:364:8:[m[K [01;36m[Knote: [m[K  template argument deduction/substitution failed:
[01m[K/home/jeff/theimc_robot/src/theimc_bt_nodes/src/register_nodes.cpp:33:59:[m[K [01;31m[Kerror: [m[Ktemplate argument 1 is invalid
   33 |   [01;31m[Kfactory.registerNodeType<theimc_bt_nodes::ToggleDocking>("ToggleDocking")[m[K;
      |   [01;31m[K~~~~~~~~~~~~~~~~~~~~~~~~~~~~~~~~~~~~~~~~~~~~~~~~~~~~~~~~^~~~~~~~~~~~~~~~~[m[K
In file included from [01m[K/home/jeff/theimc_robot/src/theimc_bt_nodes/src/register_nodes.cpp:1[m[K:
[01m[K/opt/ros/humble/include/behaviortree_cpp_v3/bt_factory.h:422:8:[m[K [01;36m[Knote: [m[Kcandidate: ‘[01m[Ktemplate<class T> void BT::BehaviorTreeFactory::registerNodeType(const string&, BT::PortsList)[m[K’
  422 |   void [01;36m[KregisterNodeType[m[K(const std::string& ID, PortsList ports)
      |        [01;36m[K^~~~~~~~~~~~~~~~[m[K
[01m[K/opt/ros/humble/include/behaviortree_cpp_v3/bt_factory.h:422:8:[m[K [01;36m[Knote: [m[K  template argument deduction/substitution failed:
[01m[K/home/jeff/theimc_robot/src/theimc_bt_nodes/src/register_nodes.cpp:33:59:[m[K [01;31m[Kerror: [m[Ktemplate argument 1 is invalid
   33 |   [01;31m[Kfactory.registerNodeType<theimc_bt_nodes::ToggleDocking>("ToggleDocking")[m[K;
      |   [01;31m[K~~~~~~~~~~~~~~~~~~~~~~~~~~~~~~~~~~~~~~~~~~~~~~~~~~~~~~~~^~~~~~~~~~~~~~~~~[m[K
gmake[2]: *** [CMakeFiles/theimc_bt_nodes.dir/build.make:174: CMakeFiles/theimc_bt_nodes.dir/src/register_nodes.cpp.o] Error 1
gmake[2]: *** Waiting for unfinished jobs....
gmake[1]: *** [CMakeFiles/Makefile2:139: CMakeFiles/theimc_bt_nodes.dir/all] Error 2
gmake: *** [Makefile:146: all] Error 2
