[0.032s] Invoking command in '/home/jeff/theimc_robot/build/theimc_bt_nodes': CMAKE_PREFIX_PATH=/home/jeff/theimc_robot/install/theimc_navigation2:/home/jeff/theimc_robot/install/interfaces_pkg:/home/jeff/theimc_robot/install/theimc_bt_nodes:/home/jeff/theimc_robot/install/theimc_description:/home/jeff/theimc_robot/install/sllidar_ros2:/home/jeff/theimc_robot/install/theimc_teleop:/home/jeff/theimc_robot/install/theimc_bringup:/home/jeff/theimc_robot/install/localizer_server:/home/jeff/theimc_robot/install/decision_making_pkg:/home/jeff/theimc_robot/install/debug_pkg:/home/jeff/theimc_robot/install/camera_perception_pkg:/opt/ros/humble LD_LIBRARY_PATH=/home/jeff/theimc_robot/install/theimc_navigation2/lib:/home/jeff/theimc_robot/install/interfaces_pkg/lib:/usr/local/cuda/lib64:/usr/local/cuda/lib64:/home/jeff/theimc_robot/install/theimc_bt_nodes/lib:/opt/ros/humble/opt/rviz_ogre_vendor/lib:/opt/ros/humble/lib/aarch64-linux-gnu:/opt/ros/humble/lib /usr/bin/cmake --build /home/jeff/theimc_robot/build/theimc_bt_nodes -- -j6 -l6
[0.144s] [35m[1mConsolidate compiler generated dependencies of target mission_bt_runner[0m
[0.159s] [35m[1mConsolidate compiler generated dependencies of target theimc_bt_nodes[0m
[0.192s] [ 11%] Built target mission_bt_runner
[0.281s] [ 17%] [32mBuilding CXX object CMakeFiles/theimc_bt_nodes.dir/src/register_nodes.cpp.o[0m
[0.282s] [ 23%] [32mBuilding CXX object CMakeFiles/theimc_bt_nodes.dir/src/is_battery_low.cpp.o[0m
[0.285s] [ 29%] [32mBuilding CXX object CMakeFiles/theimc_bt_nodes.dir/src/wait_for_charge.cpp.o[0m
[9.039s] [01m[K/home/jeff/theimc_robot/src/theimc_bt_nodes/src/register_nodes.cpp:[m[K In function ‘[01m[Kvoid BT_RegisterNodesFromPlugin(BT::BehaviorTreeFactory&)[m[K’:
[9.040s] [01m[K/home/jeff/theimc_robot/src/theimc_bt_nodes/src/register_nodes.cpp:33:45:[m[K [01;31m[Kerror: [m[K‘[01m[KToggleDocking[m[K’ is not a member of ‘[01m[Ktheimc_bt_nodes[m[K’
[9.040s]    33 |   factory.registerNodeType<theimc_bt_nodes::[01;31m[KToggleDocking[m[K>("ToggleDocking");
[9.040s]       |                                             [01;31m[K^~~~~~~~~~~~~[m[K
[9.040s] [01m[K/home/jeff/theimc_robot/src/theimc_bt_nodes/src/register_nodes.cpp:33:59:[m[K [01;31m[Kerror: [m[Kno matching function for call to ‘[01m[KBT::BehaviorTreeFactory::registerNodeType<<expression error> >(const char [14])[m[K’
[9.040s]    33 |   [01;31m[Kfactory.registerNodeType<theimc_bt_nodes::ToggleDocking>("ToggleDocking")[m[K;
[9.040s]       |   [01;31m[K~~~~~~~~~~~~~~~~~~~~~~~~~~~~~~~~~~~~~~~~~~~~~~~~~~~~~~~~^~~~~~~~~~~~~~~~~[m[K
[9.041s] In file included from [01m[K/home/jeff/theimc_robot/src/theimc_bt_nodes/src/register_nodes.cpp:1[m[K:
[9.041s] [01m[K/opt/ros/humble/include/behaviortree_cpp_v3/bt_factory.h:364:8:[m[K [01;36m[Knote: [m[Kcandidate: ‘[01m[Ktemplate<class T> void BT::BehaviorTreeFactory::registerNodeType(const string&)[m[K’
[9.041s]   364 |   void [01;36m[KregisterNodeType[m[K(const std::string& ID)
[9.041s]       |        [01;36m[K^~~~~~~~~~~~~~~~[m[K
[9.041s] [01m[K/opt/ros/humble/include/behaviortree_cpp_v3/bt_factory.h:364:8:[m[K [01;36m[Knote: [m[K  template argument deduction/substitution failed:
[9.041s] [01m[K/home/jeff/theimc_robot/src/theimc_bt_nodes/src/register_nodes.cpp:33:59:[m[K [01;31m[Kerror: [m[Ktemplate argument 1 is invalid
[9.041s]    33 |   [01;31m[Kfactory.registerNodeType<theimc_bt_nodes::ToggleDocking>("ToggleDocking")[m[K;
[9.041s]       |   [01;31m[K~~~~~~~~~~~~~~~~~~~~~~~~~~~~~~~~~~~~~~~~~~~~~~~~~~~~~~~~^~~~~~~~~~~~~~~~~[m[K
[9.042s] In file included from [01m[K/home/jeff/theimc_robot/src/theimc_bt_nodes/src/register_nodes.cpp:1[m[K:
[9.042s] [01m[K/opt/ros/humble/include/behaviortree_cpp_v3/bt_factory.h:422:8:[m[K [01;36m[Knote: [m[Kcandidate: ‘[01m[Ktemplate<class T> void BT::BehaviorTreeFactory::registerNodeType(const string&, BT::PortsList)[m[K’
[9.042s]   422 |   void [01;36m[KregisterNodeType[m[K(const std::string& ID, PortsList ports)
[9.042s]       |        [01;36m[K^~~~~~~~~~~~~~~~[m[K
[9.042s] [01m[K/opt/ros/humble/include/behaviortree_cpp_v3/bt_factory.h:422:8:[m[K [01;36m[Knote: [m[K  template argument deduction/substitution failed:
[9.042s] [01m[K/home/jeff/theimc_robot/src/theimc_bt_nodes/src/register_nodes.cpp:33:59:[m[K [01;31m[Kerror: [m[Ktemplate argument 1 is invalid
[9.042s]    33 |   [01;31m[Kfactory.registerNodeType<theimc_bt_nodes::ToggleDocking>("ToggleDocking")[m[K;
[9.042s]       |   [01;31m[K~~~~~~~~~~~~~~~~~~~~~~~~~~~~~~~~~~~~~~~~~~~~~~~~~~~~~~~~^~~~~~~~~~~~~~~~~[m[K
[11.203s] gmake[2]: *** [CMakeFiles/theimc_bt_nodes.dir/build.make:174: CMakeFiles/theimc_bt_nodes.dir/src/register_nodes.cpp.o] Error 1
[11.204s] gmake[2]: *** Waiting for unfinished jobs....
[21.843s] gmake[1]: *** [CMakeFiles/Makefile2:139: CMakeFiles/theimc_bt_nodes.dir/all] Error 2
[21.844s] gmake: *** [Makefile:146: all] Error 2
[21.850s] Invoked command in '/home/jeff/theimc_robot/build/theimc_bt_nodes' returned '2': CMAKE_PREFIX_PATH=/home/jeff/theimc_robot/install/theimc_navigation2:/home/jeff/theimc_robot/install/interfaces_pkg:/home/jeff/theimc_robot/install/theimc_bt_nodes:/home/jeff/theimc_robot/install/theimc_description:/home/jeff/theimc_robot/install/sllidar_ros2:/home/jeff/theimc_robot/install/theimc_teleop:/home/jeff/theimc_robot/install/theimc_bringup:/home/jeff/theimc_robot/install/localizer_server:/home/jeff/theimc_robot/install/decision_making_pkg:/home/jeff/theimc_robot/install/debug_pkg:/home/jeff/theimc_robot/install/camera_perception_pkg:/opt/ros/humble LD_LIBRARY_PATH=/home/jeff/theimc_robot/install/theimc_navigation2/lib:/home/jeff/theimc_robot/install/interfaces_pkg/lib:/usr/local/cuda/lib64:/usr/local/cuda/lib64:/home/jeff/theimc_robot/install/theimc_bt_nodes/lib:/opt/ros/humble/opt/rviz_ogre_vendor/lib:/opt/ros/humble/lib/aarch64-linux-gnu:/opt/ros/humble/lib /usr/bin/cmake --build /home/jeff/theimc_robot/build/theimc_bt_nodes -- -j6 -l6
