[0.688s] Invoking command in '/home/jeff/theimc_robot/build/theimc_description': CMAKE_PREFIX_PATH=${CMAKE_PREFIX_PATH}:/home/jeff/theimc_robot/install/theimc_teleop:/home/jeff/theimc_robot/install/theimc_bringup:/home/jeff/theimc_robot/install/localizer_server:/home/jeff/theimc_robot/install/decision_making_pkg:/home/jeff/theimc_robot/install/debug_pkg:/home/jeff/theimc_robot/install/camera_perception_pkg:/opt/ros/humble /usr/bin/cmake /home/jeff/theimc_robot/src/theimc_description -DCMAKE_INSTALL_PREFIX=/home/jeff/theimc_robot/install/theimc_description
[0.809s] -- The C compiler identification is GNU 11.4.0
[0.923s] -- The CXX compiler identification is GNU 11.4.0
[0.938s] -- Detecting C compiler ABI info
[1.099s] -- Detecting C compiler ABI info - done
[1.121s] -- Check for working C compiler: /usr/bin/cc - skipped
[1.121s] -- Detecting C compile features
[1.122s] -- Detecting C compile features - done
[1.129s] -- Detecting CXX compiler ABI info
[1.308s] -- Detecting CXX compiler ABI info - done
[1.321s] -- Check for working CXX compiler: /usr/bin/c++ - skipped
[1.322s] -- Detecting CXX compile features
[1.322s] -- Detecting CXX compile features - done
[1.330s] -- Found ament_cmake: 1.3.14 (/opt/ros/humble/share/ament_cmake/cmake)
[2.077s] -- Found Python3: /usr/bin/python3 (found version "3.10.12") found components: Interpreter 
[2.720s] -- Found urdf: 2.6.1 (/opt/ros/humble/share/urdf/cmake)
[3.010s] -- Found xacro: 2.1.1 (/opt/ros/humble/share/xacro/cmake)
[3.015s] -- Found ament_lint_auto: 0.12.15 (/opt/ros/humble/share/ament_lint_auto/cmake)
[3.466s] -- Added test 'flake8' to check Python code syntax and style conventions
[3.468s] -- Added test 'lint_cmake' to check CMake code style
[3.469s] -- Added test 'pep257' to check Python code against some of the docstring style conventions in PEP 257
[3.473s] -- Added test 'xmllint' to check XML markup files
[3.484s] -- Configuring done
[3.492s] -- Generating done
[3.505s] -- Build files have been written to: /home/jeff/theimc_robot/build/theimc_description
[3.552s] Invoked command in '/home/jeff/theimc_robot/build/theimc_description' returned '0': CMAKE_PREFIX_PATH=${CMAKE_PREFIX_PATH}:/home/jeff/theimc_robot/install/theimc_teleop:/home/jeff/theimc_robot/install/theimc_bringup:/home/jeff/theimc_robot/install/localizer_server:/home/jeff/theimc_robot/install/decision_making_pkg:/home/jeff/theimc_robot/install/debug_pkg:/home/jeff/theimc_robot/install/camera_perception_pkg:/opt/ros/humble /usr/bin/cmake /home/jeff/theimc_robot/src/theimc_description -DCMAKE_INSTALL_PREFIX=/home/jeff/theimc_robot/install/theimc_description
[3.566s] Invoking command in '/home/jeff/theimc_robot/build/theimc_description': CMAKE_PREFIX_PATH=${CMAKE_PREFIX_PATH}:/home/jeff/theimc_robot/install/theimc_teleop:/home/jeff/theimc_robot/install/theimc_bringup:/home/jeff/theimc_robot/install/localizer_server:/home/jeff/theimc_robot/install/decision_making_pkg:/home/jeff/theimc_robot/install/debug_pkg:/home/jeff/theimc_robot/install/camera_perception_pkg:/opt/ros/humble /usr/bin/cmake --build /home/jeff/theimc_robot/build/theimc_description -- -j6 -l6
[3.938s] Invoked command in '/home/jeff/theimc_robot/build/theimc_description' returned '0': CMAKE_PREFIX_PATH=${CMAKE_PREFIX_PATH}:/home/jeff/theimc_robot/install/theimc_teleop:/home/jeff/theimc_robot/install/theimc_bringup:/home/jeff/theimc_robot/install/localizer_server:/home/jeff/theimc_robot/install/decision_making_pkg:/home/jeff/theimc_robot/install/debug_pkg:/home/jeff/theimc_robot/install/camera_perception_pkg:/opt/ros/humble /usr/bin/cmake --build /home/jeff/theimc_robot/build/theimc_description -- -j6 -l6
[3.986s] Invoking command in '/home/jeff/theimc_robot/build/theimc_description': CMAKE_PREFIX_PATH=${CMAKE_PREFIX_PATH}:/home/jeff/theimc_robot/install/theimc_teleop:/home/jeff/theimc_robot/install/theimc_bringup:/home/jeff/theimc_robot/install/localizer_server:/home/jeff/theimc_robot/install/decision_making_pkg:/home/jeff/theimc_robot/install/debug_pkg:/home/jeff/theimc_robot/install/camera_perception_pkg:/opt/ros/humble /usr/bin/cmake --install /home/jeff/theimc_robot/build/theimc_description
[4.038s] -- Install configuration: ""
[4.043s] -- Installing: /home/jeff/theimc_robot/install/theimc_description/share/theimc_description/launch
[4.044s] -- Installing: /home/jeff/theimc_robot/install/theimc_description/share/theimc_description/launch/theimc_description.launch.py
[4.049s] -- Installing: /home/jeff/theimc_robot/install/theimc_description/share/theimc_description/rviz
[4.050s] -- Installing: /home/jeff/theimc_robot/install/theimc_description/share/theimc_description/rviz/theimc.rviz
[4.051s] -- Installing: /home/jeff/theimc_robot/install/theimc_description/share/theimc_description/rviz/model.rviz
[4.052s] -- Installing: /home/jeff/theimc_robot/install/theimc_description/share/theimc_description/urdf
[4.052s] -- Installing: /home/jeff/theimc_robot/install/theimc_description/share/theimc_description/urdf/theimc.urdf
[4.053s] -- Installing: /home/jeff/theimc_robot/install/theimc_description/share/ament_index/resource_index/package_run_dependencies/theimc_description
[4.054s] -- Installing: /home/jeff/theimc_robot/install/theimc_description/share/ament_index/resource_index/parent_prefix_path/theimc_description
[4.055s] -- Installing: /home/jeff/theimc_robot/install/theimc_description/share/theimc_description/environment/ament_prefix_path.sh
[4.056s] -- Installing: /home/jeff/theimc_robot/install/theimc_description/share/theimc_description/environment/ament_prefix_path.dsv
[4.056s] -- Installing: /home/jeff/theimc_robot/install/theimc_description/share/theimc_description/environment/path.sh
[4.057s] -- Installing: /home/jeff/theimc_robot/install/theimc_description/share/theimc_description/environment/path.dsv
[4.068s] -- Installing: /home/jeff/theimc_robot/install/theimc_description/share/theimc_description/local_setup.bash
[4.069s] -- Installing: /home/jeff/theimc_robot/install/theimc_description/share/theimc_description/local_setup.sh
[4.070s] -- Installing: /home/jeff/theimc_robot/install/theimc_description/share/theimc_description/local_setup.zsh
[4.071s] -- Installing: /home/jeff/theimc_robot/install/theimc_description/share/theimc_description/local_setup.dsv
[4.072s] -- Installing: /home/jeff/theimc_robot/install/theimc_description/share/theimc_description/package.dsv
[4.074s] -- Installing: /home/jeff/theimc_robot/install/theimc_description/share/ament_index/resource_index/packages/theimc_description
[4.077s] -- Installing: /home/jeff/theimc_robot/install/theimc_description/share/theimc_description/cmake/theimc_descriptionConfig.cmake
[4.078s] -- Installing: /home/jeff/theimc_robot/install/theimc_description/share/theimc_description/cmake/theimc_descriptionConfig-version.cmake
[4.079s] -- Installing: /home/jeff/theimc_robot/install/theimc_description/share/theimc_description/package.xml
[4.085s] Invoked command in '/home/jeff/theimc_robot/build/theimc_description' returned '0': CMAKE_PREFIX_PATH=${CMAKE_PREFIX_PATH}:/home/jeff/theimc_robot/install/theimc_teleop:/home/jeff/theimc_robot/install/theimc_bringup:/home/jeff/theimc_robot/install/localizer_server:/home/jeff/theimc_robot/install/decision_making_pkg:/home/jeff/theimc_robot/install/debug_pkg:/home/jeff/theimc_robot/install/camera_perception_pkg:/opt/ros/humble /usr/bin/cmake --install /home/jeff/theimc_robot/build/theimc_description
