-- The C compiler identification is GNU 11.4.0
-- The CXX compiler identification is GNU 11.4.0
-- Detecting C compiler ABI info
-- Detecting C compiler ABI info - done
-- Check for working C compiler: /usr/bin/cc - skipped
-- Detecting C compile features
-- Detecting C compile features - done
-- Detecting CXX compiler ABI info
-- Detecting CXX compiler ABI info - done
-- Check for working CXX compiler: /usr/bin/c++ - skipped
-- Detecting CXX compile features
-- Detecting CXX compile features - done
-- Found ament_cmake: 1.3.14 (/opt/ros/humble/share/ament_cmake/cmake)
-- Found Python3: /usr/bin/python3 (found version "3.10.12") found components: Interpreter 
-- Found ament_index_cpp: 1.4.1 (/opt/ros/humble/share/ament_index_cpp/cmake)
-- Found geometry_msgs: 4.9.1 (/opt/ros/humble/share/geometry_msgs/cmake)
-- Found rosidl_generator_c: 3.1.8 (/opt/ros/humble/share/rosidl_generator_c/cmake)
-- Found rosidl_adapter: 3.1.8 (/opt/ros/humble/share/rosidl_adapter/cmake)
-- Found rosidl_generator_cpp: 3.1.8 (/opt/ros/humble/share/rosidl_generator_cpp/cmake)
-- Using all available rosidl_typesupport_c: rosidl_typesupport_fastrtps_c;rosidl_typesupport_introspection_c
-- Using all available rosidl_typesupport_cpp: rosidl_typesupport_fastrtps_cpp;rosidl_typesupport_introspection_cpp
-- Found interfaces_pkg: 0.0.0 (/home/jeff/theimc_robot/install/interfaces_pkg/share/interfaces_pkg/cmake)
-- Found nav2_behavior_tree: 1.1.20 (/opt/ros/humble/share/nav2_behavior_tree/cmake)
-- Found rmw_implementation_cmake: 6.1.2 (/opt/ros/humble/share/rmw_implementation_cmake/cmake)
-- Found rmw_fastrtps_cpp: 6.2.10 (/opt/ros/humble/share/rmw_fastrtps_cpp/cmake)
-- Found OpenSSL: /usr/lib/aarch64-linux-gnu/libcrypto.so (found version "3.0.2")  
-- Found FastRTPS: /opt/ros/humble/include  
-- Using RMW implementation 'rmw_fastrtps_cpp' as default
-- Looking for pthread.h
-- Looking for pthread.h - found
-- Performing Test CMAKE_HAVE_LIBC_PTHREAD
-- Performing Test CMAKE_HAVE_LIBC_PTHREAD - Success
-- Found Threads: TRUE  
-- Found eigen3_cmake_module: 0.1.1 (/opt/ros/humble/share/eigen3_cmake_module/cmake)
-- Found Eigen3: TRUE (found version "3.4.0") 
-- Ensuring Eigen3 include directory is part of orocos-kdl CMake target
-- Found pluginlib: 5.1.4 (/opt/ros/humble/share/pluginlib/cmake)
-- Found yaml_cpp_vendor: 8.0.2 (/opt/ros/humble/share/yaml_cpp_vendor/cmake)
-- Configuring done
-- Generating done
-- Build files have been written to: /home/jeff/theimc_robot/build/theimc_bt_nodes
[ 29%] [32mBuilding CXX object CMakeFiles/theimc_bt_nodes.dir/src/for_each_rail.cpp.o[0m
[ 29%] [32mBuilding CXX object CMakeFiles/theimc_bt_nodes.dir/src/publish_rail_command.cpp.o[0m
[ 29%] [32mBuilding CXX object CMakeFiles/theimc_bt_nodes.dir/src/get_rail_pose.cpp.o[0m
[ 29%] [32mBuilding CXX object CMakeFiles/mission_bt_runner.dir/src/mission_bt_runner.cpp.o[0m
[ 17%] [32mBuilding CXX object CMakeFiles/theimc_bt_nodes.dir/src/drive_cmd_vel.cpp.o[0m
[ 35%] [32mBuilding CXX object CMakeFiles/theimc_bt_nodes.dir/src/go_to_pose.cpp.o[0m
[ 41%] [32mBuilding CXX object CMakeFiles/theimc_bt_nodes.dir/src/rail_approach.cpp.o[0m
[ 47%] [32mBuilding CXX object CMakeFiles/theimc_bt_nodes.dir/src/return_home_requested.cpp.o[0m
[ 52%] [32mBuilding CXX object CMakeFiles/theimc_bt_nodes.dir/src/register_nodes.cpp.o[0m
[ 58%] [32mBuilding CXX object CMakeFiles/theimc_bt_nodes.dir/src/wait_for_rail_state.cpp.o[0m
[ 64%] [32mBuilding CXX object CMakeFiles/theimc_bt_nodes.dir/src/wait_for_mission_trigger.cpp.o[0m
[01m[K/home/jeff/theimc_robot/src/theimc_bt_nodes/src/register_nodes.cpp:[m[K In function ‘[01m[Kvoid BT_RegisterNodesFromPlugin(BT::BehaviorTreeFactory&)[m[K’:
[01m[K/home/jeff/theimc_robot/src/theimc_bt_nodes/src/register_nodes.cpp:30:45:[m[K [01;31m[Kerror: [m[K‘[01m[KWaitForCharge[m[K’ is not a member of ‘[01m[Ktheimc_bt_nodes[m[K’
   30 |   factory.registerNodeType<theimc_bt_nodes::[01;31m[KWaitForCharge[m[K>("WaitForCharge");
      |                                             [01;31m[K^~~~~~~~~~~~~[m[K
[01m[K/home/jeff/theimc_robot/src/theimc_bt_nodes/src/register_nodes.cpp:30:59:[m[K [01;31m[Kerror: [m[Kno matching function for call to ‘[01m[KBT::BehaviorTreeFactory::registerNodeType<<expression error> >(const char [14])[m[K’
   30 |   [01;31m[Kfactory.registerNodeType<theimc_bt_nodes::WaitForCharge>("WaitForCharge")[m[K;
      |   [01;31m[K~~~~~~~~~~~~~~~~~~~~~~~~~~~~~~~~~~~~~~~~~~~~~~~~~~~~~~~~^~~~~~~~~~~~~~~~~[m[K
In file included from [01m[K/home/jeff/theimc_robot/src/theimc_bt_nodes/src/register_nodes.cpp:1[m[K:
[01m[K/opt/ros/humble/include/behaviortree_cpp_v3/bt_factory.h:364:8:[m[K [01;36m[Knote: [m[Kcandidate: ‘[01m[Ktemplate<class T> void BT::BehaviorTreeFactory::registerNodeType(const string&)[m[K’
  364 |   void [01;36m[KregisterNodeType[m[K(const std::string& ID)
      |        [01;36m[K^~~~~~~~~~~~~~~~[m[K
[01m[K/opt/ros/humble/include/behaviortree_cpp_v3/bt_factory.h:364:8:[m[K [01;36m[Knote: [m[K  template argument deduction/substitution failed:
[01m[K/home/jeff/theimc_robot/src/theimc_bt_nodes/src/register_nodes.cpp:30:59:[m[K [01;31m[Kerror: [m[Ktemplate argument 1 is invalid
   30 |   [01;31m[Kfactory.registerNodeType<theimc_bt_nodes::WaitForCharge>("WaitForCharge")[m[K;
      |   [01;31m[K~~~~~~~~~~~~~~~~~~~~~~~~~~~~~~~~~~~~~~~~~~~~~~~~~~~~~~~~^~~~~~~~~~~~~~~~~[m[K
In file included from [01m[K/home/jeff/theimc_robot/src/theimc_bt_nodes/src/register_nodes.cpp:1[m[K:
[01m[K/opt/ros/humble/include/behaviortree_cpp_v3/bt_factory.h:422:8:[m[K [01;36m[Knote: [m[Kcandidate: ‘[01m[Ktemplate<class T> void BT::BehaviorTreeFactory::registerNodeType(const string&, BT::PortsList)[m[K’
  422 |   void [01;36m[KregisterNodeType[m[K(const std::string& ID, PortsList ports)
      |        [01;36m[K^~~~~~~~~~~~~~~~[m[K
[01m[K/opt/ros/humble/include/behaviortree_cpp_v3/bt_factory.h:422:8:[m[K [01;36m[Knote: [m[K  template argument deduction/substitution failed:
[01m[K/home/jeff/theimc_robot/src/theimc_bt_nodes/src/register_nodes.cpp:30:59:[m[K [01;31m[Kerror: [m[Ktemplate argument 1 is invalid
   30 |   [01;31m[Kfactory.registerNodeType<theimc_bt_nodes::WaitForCharge>("WaitForCharge")[m[K;
      |   [01;31m[K~~~~~~~~~~~~~~~~~~~~~~~~~~~~~~~~~~~~~~~~~~~~~~~~~~~~~~~~^~~~~~~~~~~~~~~~~[m[K
[ 70%] [32mBuilding CXX object CMakeFiles/theimc_bt_nodes.dir/src/wait_seconds.cpp.o[0m
gmake[2]: *** [CMakeFiles/theimc_bt_nodes.dir/build.make:174: CMakeFiles/theimc_bt_nodes.dir/src/register_nodes.cpp.o] Error 1
gmake[2]: *** Waiting for unfinished jobs....
[ 76%] [32m[1mLinking CXX executable mission_bt_runner[0m
[ 76%] Built target mission_bt_runner
gmake[1]: *** [CMakeFiles/Makefile2:139: CMakeFiles/theimc_bt_nodes.dir/all] Error 2
gmake: *** [Makefile:146: all] Error 2
