/home/jeff/theimc_robot/install/decision_making_pkg/lib/python3.10/site-packages/decision_making_pkg/__init__.py
/home/jeff/theimc_robot/install/decision_making_pkg/lib/python3.10/site-packages/decision_making_pkg/rail_approach_action_server_node.py
/home/jeff/theimc_robot/install/decision_making_pkg/lib/python3.10/site-packages/decision_making_pkg/rail_pd_controller_node.py
/home/jeff/theimc_robot/install/decision_making_pkg/lib/python3.10/site-packages/decision_making_pkg/aruco_docker_node.py
/home/jeff/theimc_robot/install/decision_making_pkg/lib/python3.10/site-packages/decision_making_pkg/lib/__init__.py
/home/jeff/theimc_robot/install/decision_making_pkg/lib/python3.10/site-packages/decision_making_pkg/lib/decision_making_function_lib.py
/home/jeff/theimc_robot/install/decision_making_pkg/lib/python3.10/site-packages/decision_making_pkg/__pycache__/__init__.cpython-310.pyc
/home/jeff/theimc_robot/install/decision_making_pkg/lib/python3.10/site-packages/decision_making_pkg/__pycache__/rail_approach_action_server_node.cpython-310.pyc
/home/jeff/theimc_robot/install/decision_making_pkg/lib/python3.10/site-packages/decision_making_pkg/__pycache__/rail_pd_controller_node.cpython-310.pyc
/home/jeff/theimc_robot/install/decision_making_pkg/lib/python3.10/site-packages/decision_making_pkg/__pycache__/aruco_docker_node.cpython-310.pyc
/home/jeff/theimc_robot/install/decision_making_pkg/lib/python3.10/site-packages/decision_making_pkg/lib/__pycache__/__init__.cpython-310.pyc
/home/jeff/theimc_robot/install/decision_making_pkg/lib/python3.10/site-packages/decision_making_pkg/lib/__pycache__/decision_making_function_lib.cpython-310.pyc
/home/jeff/theimc_robot/install/decision_making_pkg/share/ament_index/resource_index/packages/decision_making_pkg
/home/jeff/theimc_robot/install/decision_making_pkg/share/decision_making_pkg/package.xml
/home/jeff/theimc_robot/install/decision_making_pkg/lib/python3.10/site-packages/decision_making_pkg-0.0.0-py3.10.egg-info/top_level.txt
/home/jeff/theimc_robot/install/decision_making_pkg/lib/python3.10/site-packages/decision_making_pkg-0.0.0-py3.10.egg-info/zip-safe
/home/jeff/theimc_robot/install/decision_making_pkg/lib/python3.10/site-packages/decision_making_pkg-0.0.0-py3.10.egg-info/PKG-INFO
/home/jeff/theimc_robot/install/decision_making_pkg/lib/python3.10/site-packages/decision_making_pkg-0.0.0-py3.10.egg-info/SOURCES.txt
/home/jeff/theimc_robot/install/decision_making_pkg/lib/python3.10/site-packages/decision_making_pkg-0.0.0-py3.10.egg-info/requires.txt
/home/jeff/theimc_robot/install/decision_making_pkg/lib/python3.10/site-packages/decision_making_pkg-0.0.0-py3.10.egg-info/dependency_links.txt
/home/jeff/theimc_robot/install/decision_making_pkg/lib/python3.10/site-packages/decision_making_pkg-0.0.0-py3.10.egg-info/entry_points.txt
/home/jeff/theimc_robot/install/decision_making_pkg/lib/decision_making_pkg/aruco_docker_node
/home/jeff/theimc_robot/install/decision_making_pkg/lib/decision_making_pkg/rail_approach_action_server_node
/home/jeff/theimc_robot/install/decision_making_pkg/lib/decision_making_pkg/rail_pd_controller_node
