[0.028s] Invoking command in '/home/jeff/theimc_robot/build/theimc_bt_nodes': CMAKE_PREFIX_PATH=/home/jeff/theimc_robot/install/theimc_navigation2:/home/jeff/theimc_robot/install/interfaces_pkg:/home/jeff/theimc_robot/install/theimc_bt_nodes:/home/jeff/theimc_robot/install/theimc_description:/home/jeff/theimc_robot/install/sllidar_ros2:/home/jeff/theimc_robot/install/theimc_teleop:/home/jeff/theimc_robot/install/theimc_bringup:/home/jeff/theimc_robot/install/localizer_server:/home/jeff/theimc_robot/install/decision_making_pkg:/home/jeff/theimc_robot/install/debug_pkg:/home/jeff/theimc_robot/install/camera_perception_pkg:/opt/ros/humble LD_LIBRARY_PATH=/home/jeff/theimc_robot/install/theimc_navigation2/lib:/home/jeff/theimc_robot/install/interfaces_pkg/lib:/usr/local/cuda/lib64:/usr/local/cuda/lib64:/home/jeff/theimc_robot/install/theimc_bt_nodes/lib:/opt/ros/humble/opt/rviz_ogre_vendor/lib:/opt/ros/humble/lib/aarch64-linux-gnu:/opt/ros/humble/lib /usr/bin/cmake --build /home/jeff/theimc_robot/build/theimc_bt_nodes -- -j6 -l6
[0.136s] [35m[1mConsolidate compiler generated dependencies of target theimc_bt_nodes[0m
[0.153s] [ 11%] Built target mission_bt_runner
[0.251s] [ 23%] [32mBuilding CXX object CMakeFiles/theimc_bt_nodes.dir/src/register_nodes.cpp.o[0m
[0.252s] [ 23%] [32mBuilding CXX object CMakeFiles/theimc_bt_nodes.dir/src/wait_for_charge.cpp.o[0m
[5.844s] [01m[K/home/jeff/theimc_robot/src/theimc_bt_nodes/src/wait_for_charge.cpp:7:1:[m[K [01;31m[Kerror: [m[K‘[01m[KWaitForCharge[m[K’ does not name a type
[5.844s]     7 | [01;31m[KWaitForCharge[m[K::WaitForCharge(
[5.845s]       | [01;31m[K^~~~~~~~~~~~~[m[K
[5.845s] [01m[K/home/jeff/theimc_robot/src/theimc_bt_nodes/src/wait_for_charge.cpp:23:15:[m[K [01;31m[Kerror: [m[K‘[01m[KWaitForCharge[m[K’ has not been declared
[5.845s]    23 | BT::PortsList [01;31m[KWaitForCharge[m[K::providedPorts() {
[5.845s]       |               [01;31m[K^~~~~~~~~~~~~[m[K
[5.849s] [01m[K/home/jeff/theimc_robot/src/theimc_bt_nodes/src/wait_for_charge.cpp:29:16:[m[K [01;31m[Kerror: [m[K‘[01m[KWaitForCharge[m[K’ has not been declared
[5.850s]    29 | BT::NodeStatus [01;31m[KWaitForCharge[m[K::onStart() {
[5.850s]       |                [01;31m[K^~~~~~~~~~~~~[m[K
[5.864s] [01m[K/home/jeff/theimc_robot/src/theimc_bt_nodes/src/wait_for_charge.cpp:[m[K In function ‘[01m[KBT::NodeStatus theimc_bt_nodes::onStart()[m[K’:
[5.864s] [01m[K/home/jeff/theimc_robot/src/theimc_bt_nodes/src/wait_for_charge.cpp:30:37:[m[K [01;31m[Kerror: [m[K‘[01m[Ktarget_battery_[m[K’ was not declared in this scope
[5.864s]    30 |     if (!getInput("target_battery", [01;31m[Ktarget_battery_[m[K)) {
[5.864s]       |                                     [01;31m[K^~~~~~~~~~~~~~~[m[K
[5.874s] [01m[K/home/jeff/theimc_robot/src/theimc_bt_nodes/src/wait_for_charge.cpp:30:10:[m[K [01;31m[Kerror: [m[K‘[01m[KgetInput[m[K’ was not declared in this scope; did you mean ‘[01m[Kgetpt[m[K’?
[5.874s]    30 |     if (![01;31m[KgetInput[m[K("target_battery", target_battery_)) {
[5.875s]       |          [01;31m[K^~~~~~~~[m[K
[5.875s]       |          [32m[Kgetpt[m[K
[5.883s] In file included from [01m[K/opt/ros/humble/include/rclcpp/rclcpp/client.hpp:40[m[K,
[5.883s]                  from [01m[K/opt/ros/humble/include/rclcpp/rclcpp/callback_group.hpp:24[m[K,
[5.883s]                  from [01m[K/opt/ros/humble/include/rclcpp/rclcpp/any_executable.hpp:20[m[K,
[5.884s]                  from [01m[K/opt/ros/humble/include/rclcpp/rclcpp/memory_strategy.hpp:25[m[K,
[5.884s]                  from [01m[K/opt/ros/humble/include/rclcpp/rclcpp/memory_strategies.hpp:18[m[K,
[5.884s]                  from [01m[K/opt/ros/humble/include/rclcpp/rclcpp/executor_options.hpp:20[m[K,
[5.884s]                  from [01m[K/opt/ros/humble/include/rclcpp/rclcpp/executor.hpp:37[m[K,
[5.884s]                  from [01m[K/opt/ros/humble/include/rclcpp/rclcpp/executors/multi_threaded_executor.hpp:25[m[K,
[5.884s]                  from [01m[K/opt/ros/humble/include/rclcpp/rclcpp/executors.hpp:21[m[K,
[5.884s]                  from [01m[K/opt/ros/humble/include/rclcpp/rclcpp/rclcpp.hpp:155[m[K,
[5.885s]                  from [01m[K/home/jeff/theimc_robot/src/theimc_bt_nodes/src/wait_for_charge.cpp:2[m[K:
[5.885s] [01m[K/home/jeff/theimc_robot/src/theimc_bt_nodes/src/wait_for_charge.cpp:31:21:[m[K [01;31m[Kerror: [m[K‘[01m[Knode_[m[K’ was not declared in this scope; did you mean ‘[01m[Kmode_t[m[K’?
[5.885s]    31 |         RCLCPP_WARN([01;31m[Knode_[m[K->get_logger(), "WaitForCharge missing target_battery input, using default %.1f", target_battery_);
[5.885s]       |                     [01;31m[K^~~~~[m[K
[5.885s] [01m[K/home/jeff/theimc_robot/src/theimc_bt_nodes/src/wait_for_charge.cpp:31:9:[m[K [01;31m[Kerror: [m[Ktemplate argument 1 is invalid
[5.885s]    31 |         [01;31m[KRCLCPP_WARN[m[K(node_->get_logger(), "WaitForCharge missing target_battery input, using default %.1f", target_battery_);
[5.885s]       |         [01;31m[K^~~~~~~~~~~[m[K
[5.892s] [01m[K/home/jeff/theimc_robot/src/theimc_bt_nodes/src/wait_for_charge.cpp:34:17:[m[K [01;31m[Kerror: [m[K‘[01m[Knode_[m[K’ was not declared in this scope; did you mean ‘[01m[Kmode_t[m[K’?
[5.892s]    34 |     RCLCPP_INFO([01;31m[Knode_[m[K->get_logger(), "WaitForCharge started. Waiting until battery reaches: %.2f%%", target_battery_);
[5.893s]       |                 [01;31m[K^~~~~[m[K
[5.893s] [01m[K/home/jeff/theimc_robot/src/theimc_bt_nodes/src/wait_for_charge.cpp:34:5:[m[K [01;31m[Kerror: [m[Ktemplate argument 1 is invalid
[5.893s]    34 |     [01;31m[KRCLCPP_INFO[m[K(node_->get_logger(), "WaitForCharge started. Waiting until battery reaches: %.2f%%", target_battery_);
[5.893s]       |     [01;31m[K^~~~~~~~~~~[m[K
[5.905s] In file included from [01m[K/opt/ros/humble/include/rclcpp/rclcpp/logging.hpp:24[m[K,
[5.905s]                  from [01m[K/opt/ros/humble/include/rclcpp/rclcpp/client.hpp:40[m[K,
[5.905s]                  from [01m[K/opt/ros/humble/include/rclcpp/rclcpp/callback_group.hpp:24[m[K,
[5.905s]                  from [01m[K/opt/ros/humble/include/rclcpp/rclcpp/any_executable.hpp:20[m[K,
[5.906s]                  from [01m[K/opt/ros/humble/include/rclcpp/rclcpp/memory_strategy.hpp:25[m[K,
[5.906s]                  from [01m[K/opt/ros/humble/include/rclcpp/rclcpp/memory_strategies.hpp:18[m[K,
[5.906s]                  from [01m[K/opt/ros/humble/include/rclcpp/rclcpp/executor_options.hpp:20[m[K,
[5.906s]                  from [01m[K/opt/ros/humble/include/rclcpp/rclcpp/executor.hpp:37[m[K,
[5.906s]                  from [01m[K/opt/ros/humble/include/rclcpp/rclcpp/executors/multi_threaded_executor.hpp:25[m[K,
[5.906s]                  from [01m[K/opt/ros/humble/include/rclcpp/rclcpp/executors.hpp:21[m[K,
[5.906s]                  from [01m[K/opt/ros/humble/include/rclcpp/rclcpp/rclcpp.hpp:155[m[K,
[5.906s]                  from [01m[K/home/jeff/theimc_robot/src/theimc_bt_nodes/src/wait_for_charge.cpp:2[m[K:
[5.907s] [01m[K/home/jeff/theimc_robot/src/theimc_bt_nodes/src/wait_for_charge.cpp:34:102:[m[K [01;31m[Kerror: [m[K‘[01m[Ktarget_battery_[m[K’ was not declared in this scope
[5.907s]    34 |     RCLCPP_INFO(node_->get_logger(), "WaitForCharge started. Waiting until battery reaches: %.2f%%", [01;31m[Ktarget_battery_[m[K);
[5.907s]       |                                                                                                      [01;31m[K^~~~~~~~~~~~~~~[m[K
[5.907s] [01m[K/home/jeff/theimc_robot/src/theimc_bt_nodes/src/wait_for_charge.cpp:[m[K At global scope:
[5.907s] [01m[K/home/jeff/theimc_robot/src/theimc_bt_nodes/src/wait_for_charge.cpp:38:16:[m[K [01;31m[Kerror: [m[K‘[01m[KWaitForCharge[m[K’ has not been declared
[5.907s]    38 | BT::NodeStatus [01;31m[KWaitForCharge[m[K::onRunning() {
[5.907s]       |                [01;31m[K^~~~~~~~~~~~~[m[K
[5.914s] [01m[K/home/jeff/theimc_robot/src/theimc_bt_nodes/src/wait_for_charge.cpp:[m[K In function ‘[01m[KBT::NodeStatus theimc_bt_nodes::onRunning()[m[K’:
[5.914s] [01m[K/home/jeff/theimc_robot/src/theimc_bt_nodes/src/wait_for_charge.cpp:39:38:[m[K [01;31m[Kerror: [m[K‘[01m[Kmutex_[m[K’ was not declared in this scope
[5.914s]    39 |     std::lock_guard<std::mutex> lock([01;31m[Kmutex_[m[K);
[5.914s]       |                                      [01;31m[K^~~~~~[m[K
[5.927s] [01m[K/home/jeff/theimc_robot/src/theimc_bt_nodes/src/wait_for_charge.cpp:42:10:[m[K [01;31m[Kerror: [m[K‘[01m[Khas_received_data_[m[K’ was not declared in this scope
[5.927s]    42 |     if (![01;31m[Khas_received_data_[m[K) {
[5.927s]       |          [01;31m[K^~~~~~~~~~~~~~~~~~[m[K
[5.939s] [01m[K/home/jeff/theimc_robot/src/theimc_bt_nodes/src/wait_for_charge.cpp:47:9:[m[K [01;31m[Kerror: [m[K‘[01m[Kcurrent_battery_[m[K’ was not declared in this scope
[5.939s]    47 |     if ([01;31m[Kcurrent_battery_[m[K >= target_battery_) {
[5.939s]       |         [01;31m[K^~~~~~~~~~~~~~~~[m[K
[5.950s] [01m[K/home/jeff/theimc_robot/src/theimc_bt_nodes/src/wait_for_charge.cpp:47:29:[m[K [01;31m[Kerror: [m[K‘[01m[Ktarget_battery_[m[K’ was not declared in this scope
[5.950s]    47 |     if (current_battery_ >= [01;31m[Ktarget_battery_[m[K) {
[5.951s]       |                             [01;31m[K^~~~~~~~~~~~~~~[m[K
[5.958s] In file included from [01m[K/opt/ros/humble/include/rclcpp/rclcpp/client.hpp:40[m[K,
[5.958s]                  from [01m[K/opt/ros/humble/include/rclcpp/rclcpp/callback_group.hpp:24[m[K,
[5.958s]                  from [01m[K/opt/ros/humble/include/rclcpp/rclcpp/any_executable.hpp:20[m[K,
[5.958s]                  from [01m[K/opt/ros/humble/include/rclcpp/rclcpp/memory_strategy.hpp:25[m[K,
[5.958s]                  from [01m[K/opt/ros/humble/include/rclcpp/rclcpp/memory_strategies.hpp:18[m[K,
[5.959s]                  from [01m[K/opt/ros/humble/include/rclcpp/rclcpp/executor_options.hpp:20[m[K,
[5.959s]                  from [01m[K/opt/ros/humble/include/rclcpp/rclcpp/executor.hpp:37[m[K,
[5.959s]                  from [01m[K/opt/ros/humble/include/rclcpp/rclcpp/executors/multi_threaded_executor.hpp:25[m[K,
[5.959s]                  from [01m[K/opt/ros/humble/include/rclcpp/rclcpp/executors.hpp:21[m[K,
[5.959s]                  from [01m[K/opt/ros/humble/include/rclcpp/rclcpp/rclcpp.hpp:155[m[K,
[5.959s]                  from [01m[K/home/jeff/theimc_robot/src/theimc_bt_nodes/src/wait_for_charge.cpp:2[m[K:
[5.959s] [01m[K/home/jeff/theimc_robot/src/theimc_bt_nodes/src/wait_for_charge.cpp:48:21:[m[K [01;31m[Kerror: [m[K‘[01m[Knode_[m[K’ was not declared in this scope; did you mean ‘[01m[Kmode_t[m[K’?
[5.960s]    48 |         RCLCPP_INFO([01;31m[Knode_[m[K->get_logger(), "WaitForCharge complete. Current battery: %.2f%% >= Target: %.2f%%",
[5.960s]       |                     [01;31m[K^~~~~[m[K
[5.960s] [01m[K/home/jeff/theimc_robot/src/theimc_bt_nodes/src/wait_for_charge.cpp:48:9:[m[K [01;31m[Kerror: [m[Ktemplate argument 1 is invalid
[5.960s]    48 |         [01;31m[KRCLCPP_INFO[m[K(node_->get_logger(), "WaitForCharge complete. Current battery: %.2f%% >= Target: %.2f%%",
[5.960s]       |         [01;31m[K^~~~~~~~~~~[m[K
[5.966s] [01m[K/home/jeff/theimc_robot/src/theimc_bt_nodes/src/wait_for_charge.cpp:54:26:[m[K [01;31m[Kerror: [m[K‘[01m[Knode_[m[K’ was not declared in this scope; did you mean ‘[01m[Kmode_t[m[K’?
[5.967s]    54 |     RCLCPP_INFO_THROTTLE([01;31m[Knode_[m[K->get_logger(), *node_->get_clock(), 10000,
[5.967s]       |                          [01;31m[K^~~~~[m[K
[5.967s] [01m[K/home/jeff/theimc_robot/src/theimc_bt_nodes/src/wait_for_charge.cpp:54:5:[m[K [01;31m[Kerror: [m[Ktemplate argument 1 is invalid
[5.967s]    54 |     [01;31m[KRCLCPP_INFO_THROTTLE[m[K(node_->get_logger(), *node_->get_clock(), 10000,
[5.967s]       |     [01;31m[K^~~~~~~~~~~~~~~~~~~~[m[K
[5.978s] [01m[K/home/jeff/theimc_robot/src/theimc_bt_nodes/src/wait_for_charge.cpp:[m[K In lambda function:
[5.978s] [01m[K/home/jeff/theimc_robot/src/theimc_bt_nodes/src/wait_for_charge.cpp:54:5:[m[K [01;31m[Kerror: [m[K‘[01m[Kc[m[K’ was not declared in this scope
[5.978s]    54 |     [01;31m[KRCLCPP_INFO_THROTTLE[m[K(node_->get_logger(), *node_->get_clock(), 10000,
[5.978s]       |     [01;31m[K^~~~~~~~~~~~~~~~~~~~[m[K
[5.992s] In file included from [01m[K/opt/ros/humble/include/rclcpp/rclcpp/logging.hpp:24[m[K,
[5.992s]                  from [01m[K/opt/ros/humble/include/rclcpp/rclcpp/client.hpp:40[m[K,
[5.992s]                  from [01m[K/opt/ros/humble/include/rclcpp/rclcpp/callback_group.hpp:24[m[K,
[5.992s]                  from [01m[K/opt/ros/humble/include/rclcpp/rclcpp/any_executable.hpp:20[m[K,
[5.992s]                  from [01m[K/opt/ros/humble/include/rclcpp/rclcpp/memory_strategy.hpp:25[m[K,
[5.993s]                  from [01m[K/opt/ros/humble/include/rclcpp/rclcpp/memory_strategies.hpp:18[m[K,
[5.993s]                  from [01m[K/opt/ros/humble/include/rclcpp/rclcpp/executor_options.hpp:20[m[K,
[5.993s]                  from [01m[K/opt/ros/humble/include/rclcpp/rclcpp/executor.hpp:37[m[K,
[5.993s]                  from [01m[K/opt/ros/humble/include/rclcpp/rclcpp/executors/multi_threaded_executor.hpp:25[m[K,
[5.993s]                  from [01m[K/opt/ros/humble/include/rclcpp/rclcpp/executors.hpp:21[m[K,
[5.993s]                  from [01m[K/opt/ros/humble/include/rclcpp/rclcpp/rclcpp.hpp:155[m[K,
[5.993s]                  from [01m[K/home/jeff/theimc_robot/src/theimc_bt_nodes/src/wait_for_charge.cpp:2[m[K:
[5.993s] [01m[K/home/jeff/theimc_robot/src/theimc_bt_nodes/src/wait_for_charge.cpp:[m[K In function ‘[01m[KBT::NodeStatus theimc_bt_nodes::onRunning()[m[K’:
[5.994s] [01m[K/home/jeff/theimc_robot/src/theimc_bt_nodes/src/wait_for_charge.cpp:55:76:[m[K [01;31m[Kerror: [m[K‘[01m[Kcurrent_battery_[m[K’ was not declared in this scope
[5.994s]    55 |                         "Charging in progress... Current battery: %.2f%%", [01;31m[Kcurrent_battery_[m[K);
[5.994s]       |                                                                            [01;31m[K^~~~~~~~~~~~~~~~[m[K
[5.994s] [01m[K/home/jeff/theimc_robot/src/theimc_bt_nodes/src/wait_for_charge.cpp:[m[K At global scope:
[5.994s] [01m[K/home/jeff/theimc_robot/src/theimc_bt_nodes/src/wait_for_charge.cpp:60:6:[m[K [01;31m[Kerror: [m[K‘[01m[KWaitForCharge[m[K’ has not been declared
[5.994s]    60 | void [01;31m[KWaitForCharge[m[K::onHalted() {
[5.994s]       |      [01;31m[K^~~~~~~~~~~~~[m[K
[6.000s] In file included from [01m[K/opt/ros/humble/include/rclcpp/rclcpp/client.hpp:40[m[K,
[6.000s]                  from [01m[K/opt/ros/humble/include/rclcpp/rclcpp/callback_group.hpp:24[m[K,
[6.000s]                  from [01m[K/opt/ros/humble/include/rclcpp/rclcpp/any_executable.hpp:20[m[K,
[6.000s]                  from [01m[K/opt/ros/humble/include/rclcpp/rclcpp/memory_strategy.hpp:25[m[K,
[6.000s]                  from [01m[K/opt/ros/humble/include/rclcpp/rclcpp/memory_strategies.hpp:18[m[K,
[6.000s]                  from [01m[K/opt/ros/humble/include/rclcpp/rclcpp/executor_options.hpp:20[m[K,
[6.000s]                  from [01m[K/opt/ros/humble/include/rclcpp/rclcpp/executor.hpp:37[m[K,
[6.001s]                  from [01m[K/opt/ros/humble/include/rclcpp/rclcpp/executors/multi_threaded_executor.hpp:25[m[K,
[6.001s]                  from [01m[K/opt/ros/humble/include/rclcpp/rclcpp/executors.hpp:21[m[K,
[6.001s]                  from [01m[K/opt/ros/humble/include/rclcpp/rclcpp/rclcpp.hpp:155[m[K,
[6.001s]                  from [01m[K/home/jeff/theimc_robot/src/theimc_bt_nodes/src/wait_for_charge.cpp:2[m[K:
[6.001s] [01m[K/home/jeff/theimc_robot/src/theimc_bt_nodes/src/wait_for_charge.cpp:[m[K In function ‘[01m[Kvoid theimc_bt_nodes::onHalted()[m[K’:
[6.001s] [01m[K/home/jeff/theimc_robot/src/theimc_bt_nodes/src/wait_for_charge.cpp:61:17:[m[K [01;31m[Kerror: [m[K‘[01m[Knode_[m[K’ was not declared in this scope; did you mean ‘[01m[Kmode_t[m[K’?
[6.001s]    61 |     RCLCPP_WARN([01;31m[Knode_[m[K->get_logger(), "WaitForCharge halted before reaching target battery.");
[6.001s]       |                 [01;31m[K^~~~~[m[K
[6.002s] [01m[K/home/jeff/theimc_robot/src/theimc_bt_nodes/src/wait_for_charge.cpp:61:5:[m[K [01;31m[Kerror: [m[Ktemplate argument 1 is invalid
[6.002s]    61 |     [01;31m[KRCLCPP_WARN[m[K(node_->get_logger(), "WaitForCharge halted before reaching target battery.");
[6.002s]       |     [01;31m[K^~~~~~~~~~~[m[K
[7.180s] gmake[2]: *** [CMakeFiles/theimc_bt_nodes.dir/build.make:244: CMakeFiles/theimc_bt_nodes.dir/src/wait_for_charge.cpp.o] Error 1
[7.180s] gmake[2]: *** Waiting for unfinished jobs....
[7.892s] [01m[K/home/jeff/theimc_robot/src/theimc_bt_nodes/src/register_nodes.cpp:[m[K In function ‘[01m[Kvoid BT_RegisterNodesFromPlugin(BT::BehaviorTreeFactory&)[m[K’:
[7.893s] [01m[K/home/jeff/theimc_robot/src/theimc_bt_nodes/src/register_nodes.cpp:30:45:[m[K [01;31m[Kerror: [m[K‘[01m[KWaitForCharge[m[K’ is not a member of ‘[01m[Ktheimc_bt_nodes[m[K’
[7.893s]    30 |   factory.registerNodeType<theimc_bt_nodes::[01;31m[KWaitForCharge[m[K>("WaitForCharge");
[7.893s]       |                                             [01;31m[K^~~~~~~~~~~~~[m[K
[7.893s] [01m[K/home/jeff/theimc_robot/src/theimc_bt_nodes/src/register_nodes.cpp:30:59:[m[K [01;31m[Kerror: [m[Kno matching function for call to ‘[01m[KBT::BehaviorTreeFactory::registerNodeType<<expression error> >(const char [14])[m[K’
[7.893s]    30 |   [01;31m[Kfactory.registerNodeType<theimc_bt_nodes::WaitForCharge>("WaitForCharge")[m[K;
[7.893s]       |   [01;31m[K~~~~~~~~~~~~~~~~~~~~~~~~~~~~~~~~~~~~~~~~~~~~~~~~~~~~~~~~^~~~~~~~~~~~~~~~~[m[K
[7.894s] In file included from [01m[K/home/jeff/theimc_robot/src/theimc_bt_nodes/src/register_nodes.cpp:1[m[K:
[7.894s] [01m[K/opt/ros/humble/include/behaviortree_cpp_v3/bt_factory.h:364:8:[m[K [01;36m[Knote: [m[Kcandidate: ‘[01m[Ktemplate<class T> void BT::BehaviorTreeFactory::registerNodeType(const string&)[m[K’
[7.894s]   364 |   void [01;36m[KregisterNodeType[m[K(const std::string& ID)
[7.894s]       |        [01;36m[K^~~~~~~~~~~~~~~~[m[K
[7.894s] [01m[K/opt/ros/humble/include/behaviortree_cpp_v3/bt_factory.h:364:8:[m[K [01;36m[Knote: [m[K  template argument deduction/substitution failed:
[7.894s] [01m[K/home/jeff/theimc_robot/src/theimc_bt_nodes/src/register_nodes.cpp:30:59:[m[K [01;31m[Kerror: [m[Ktemplate argument 1 is invalid
[7.894s]    30 |   [01;31m[Kfactory.registerNodeType<theimc_bt_nodes::WaitForCharge>("WaitForCharge")[m[K;
[7.895s]       |   [01;31m[K~~~~~~~~~~~~~~~~~~~~~~~~~~~~~~~~~~~~~~~~~~~~~~~~~~~~~~~~^~~~~~~~~~~~~~~~~[m[K
[7.895s] In file included from [01m[K/home/jeff/theimc_robot/src/theimc_bt_nodes/src/register_nodes.cpp:1[m[K:
[7.895s] [01m[K/opt/ros/humble/include/behaviortree_cpp_v3/bt_factory.h:422:8:[m[K [01;36m[Knote: [m[Kcandidate: ‘[01m[Ktemplate<class T> void BT::BehaviorTreeFactory::registerNodeType(const string&, BT::PortsList)[m[K’
[7.895s]   422 |   void [01;36m[KregisterNodeType[m[K(const std::string& ID, PortsList ports)
[7.895s]       |        [01;36m[K^~~~~~~~~~~~~~~~[m[K
[7.895s] [01m[K/opt/ros/humble/include/behaviortree_cpp_v3/bt_factory.h:422:8:[m[K [01;36m[Knote: [m[K  template argument deduction/substitution failed:
[7.895s] [01m[K/home/jeff/theimc_robot/src/theimc_bt_nodes/src/register_nodes.cpp:30:59:[m[K [01;31m[Kerror: [m[Ktemplate argument 1 is invalid
[7.895s]    30 |   [01;31m[Kfactory.registerNodeType<theimc_bt_nodes::WaitForCharge>("WaitForCharge")[m[K;
[7.896s]       |   [01;31m[K~~~~~~~~~~~~~~~~~~~~~~~~~~~~~~~~~~~~~~~~~~~~~~~~~~~~~~~~^~~~~~~~~~~~~~~~~[m[K
[9.725s] gmake[2]: *** [CMakeFiles/theimc_bt_nodes.dir/build.make:174: CMakeFiles/theimc_bt_nodes.dir/src/register_nodes.cpp.o] Error 1
[9.725s] gmake[1]: *** [CMakeFiles/Makefile2:139: CMakeFiles/theimc_bt_nodes.dir/all] Error 2
[9.726s] gmake: *** [Makefile:146: all] Error 2
[9.732s] Invoked command in '/home/jeff/theimc_robot/build/theimc_bt_nodes' returned '2': CMAKE_PREFIX_PATH=/home/jeff/theimc_robot/install/theimc_navigation2:/home/jeff/theimc_robot/install/interfaces_pkg:/home/jeff/theimc_robot/install/theimc_bt_nodes:/home/jeff/theimc_robot/install/theimc_description:/home/jeff/theimc_robot/install/sllidar_ros2:/home/jeff/theimc_robot/install/theimc_teleop:/home/jeff/theimc_robot/install/theimc_bringup:/home/jeff/theimc_robot/install/localizer_server:/home/jeff/theimc_robot/install/decision_making_pkg:/home/jeff/theimc_robot/install/debug_pkg:/home/jeff/theimc_robot/install/camera_perception_pkg:/opt/ros/humble LD_LIBRARY_PATH=/home/jeff/theimc_robot/install/theimc_navigation2/lib:/home/jeff/theimc_robot/install/interfaces_pkg/lib:/usr/local/cuda/lib64:/usr/local/cuda/lib64:/home/jeff/theimc_robot/install/theimc_bt_nodes/lib:/opt/ros/humble/opt/rviz_ogre_vendor/lib:/opt/ros/humble/lib/aarch64-linux-gnu:/opt/ros/humble/lib /usr/bin/cmake --build /home/jeff/theimc_robot/build/theimc_bt_nodes -- -j6 -l6
