[2.292s] Invoking command in '/home/jeff/theimc_robot/build/theimc_bringup': PYTHONPATH=/home/jeff/theimc_robot/build/theimc_bringup/prefix_override:/usr/lib/python3/dist-packages/colcon_core/task/python/colcon_distutils_commands:/home/jeff/theimc_robot/install/theimc_bringup/lib/python3.10/site-packages:${PYTHONPATH} /usr/bin/python3 -W ignore:setup.py install is deprecated -W ignore:easy_install command is deprecated setup.py develop --editable --build-directory /home/jeff/theimc_robot/build/theimc_bringup/build --no-deps symlink_data
[2.882s] running develop
[3.268s] running egg_info
[3.269s] writing theimc_bringup.egg-info/PKG-INFO
[3.270s] writing dependency_links to theimc_bringup.egg-info/dependency_links.txt
[3.270s] writing entry points to theimc_bringup.egg-info/entry_points.txt
[3.271s] writing requirements to theimc_bringup.egg-info/requires.txt
[3.271s] writing top-level names to theimc_bringup.egg-info/top_level.txt
[3.274s] reading manifest file 'theimc_bringup.egg-info/SOURCES.txt'
[3.277s] writing manifest file 'theimc_bringup.egg-info/SOURCES.txt'
[3.280s] running build_ext
[3.280s] Creating /home/jeff/theimc_robot/install/theimc_bringup/lib/python3.10/site-packages/theimc-bringup.egg-link (link to .)
[3.282s] Installing bringup_node script to /home/jeff/theimc_robot/install/theimc_bringup/lib/theimc_bringup
[3.283s] Installing isaac_vslam_odom_adapter_node script to /home/jeff/theimc_robot/install/theimc_bringup/lib/theimc_bringup
[3.283s] Installing last_pose_manager_node script to /home/jeff/theimc_robot/install/theimc_bringup/lib/theimc_bringup
[3.284s] Installing robot_agent_node script to /home/jeff/theimc_robot/install/theimc_bringup/lib/theimc_bringup
[3.284s] Installing rtabmap_pose_validator_node script to /home/jeff/theimc_robot/install/theimc_bringup/lib/theimc_bringup
[3.284s] 
[3.285s] Installed /home/jeff/theimc_robot/build/theimc_bringup
[3.285s] running symlink_data
[3.369s] Invoked command in '/home/jeff/theimc_robot/build/theimc_bringup' returned '0': PYTHONPATH=/home/jeff/theimc_robot/build/theimc_bringup/prefix_override:/usr/lib/python3/dist-packages/colcon_core/task/python/colcon_distutils_commands:/home/jeff/theimc_robot/install/theimc_bringup/lib/python3.10/site-packages:${PYTHONPATH} /usr/bin/python3 -W ignore:setup.py install is deprecated -W ignore:easy_install command is deprecated setup.py develop --editable --build-directory /home/jeff/theimc_robot/build/theimc_bringup/build --no-deps symlink_data
