[2.122s] Invoking command in '/home/jeff/theimc_robot/build/theimc_bringup': PYTHONPATH=/home/jeff/theimc_robot/build/theimc_bringup/prefix_override:/usr/lib/python3/dist-packages/colcon_core/task/python/colcon_distutils_commands:/home/jeff/theimc_robot/install/theimc_bringup/lib/python3.10/site-packages:${PYTHONPATH} /usr/bin/python3 -W ignore:setup.py install is deprecated -W ignore:easy_install command is deprecated setup.py develop --editable --build-directory /home/jeff/theimc_robot/build/theimc_bringup/build --no-deps symlink_data
[2.723s] running develop
[3.113s] running egg_info
[3.113s] writing theimc_bringup.egg-info/PKG-INFO
[3.114s] writing dependency_links to theimc_bringup.egg-info/dependency_links.txt
[3.114s] writing entry points to theimc_bringup.egg-info/entry_points.txt
[3.115s] writing requirements to theimc_bringup.egg-info/requires.txt
[3.115s] writing top-level names to theimc_bringup.egg-info/top_level.txt
[3.119s] reading manifest file 'theimc_bringup.egg-info/SOURCES.txt'
[3.121s] writing manifest file 'theimc_bringup.egg-info/SOURCES.txt'
[3.125s] running build_ext
[3.125s] Creating /home/jeff/theimc_robot/install/theimc_bringup/lib/python3.10/site-packages/theimc-bringup.egg-link (link to .)
[3.127s] Installing bringup_node script to /home/jeff/theimc_robot/install/theimc_bringup/lib/theimc_bringup
[3.128s] Installing isaac_vslam_odom_adapter_node script to /home/jeff/theimc_robot/install/theimc_bringup/lib/theimc_bringup
[3.128s] Installing last_pose_manager_node script to /home/jeff/theimc_robot/install/theimc_bringup/lib/theimc_bringup
[3.129s] Installing robot_agent_node script to /home/jeff/theimc_robot/install/theimc_bringup/lib/theimc_bringup
[3.129s] Installing rtabmap_pose_validator_node script to /home/jeff/theimc_robot/install/theimc_bringup/lib/theimc_bringup
[3.130s] 
[3.130s] Installed /home/jeff/theimc_robot/build/theimc_bringup
[3.130s] running symlink_data
[3.217s] Invoked command in '/home/jeff/theimc_robot/build/theimc_bringup' returned '0': PYTHONPATH=/home/jeff/theimc_robot/build/theimc_bringup/prefix_override:/usr/lib/python3/dist-packages/colcon_core/task/python/colcon_distutils_commands:/home/jeff/theimc_robot/install/theimc_bringup/lib/python3.10/site-packages:${PYTHONPATH} /usr/bin/python3 -W ignore:setup.py install is deprecated -W ignore:easy_install command is deprecated setup.py develop --editable --build-directory /home/jeff/theimc_robot/build/theimc_bringup/build --no-deps symlink_data
