running egg_info
creating ../../build/debug_pkg/debug_pkg.egg-info
writing ../../build/debug_pkg/debug_pkg.egg-info/PKG-INFO
writing dependency_links to ../../build/debug_pkg/debug_pkg.egg-info/dependency_links.txt
writing entry points to ../../build/debug_pkg/debug_pkg.egg-info/entry_points.txt
writing requirements to ../../build/debug_pkg/debug_pkg.egg-info/requires.txt
writing top-level names to ../../build/debug_pkg/debug_pkg.egg-info/top_level.txt
writing manifest file '../../build/debug_pkg/debug_pkg.egg-info/SOURCES.txt'
reading manifest file '../../build/debug_pkg/debug_pkg.egg-info/SOURCES.txt'
writing manifest file '../../build/debug_pkg/debug_pkg.egg-info/SOURCES.txt'
running build
running build_py
creating /home/jeff/theimc_robot/build/debug_pkg/build
creating /home/jeff/theimc_robot/build/debug_pkg/build/lib
creating /home/jeff/theimc_robot/build/debug_pkg/build/lib/debug_pkg
copying debug_pkg/__init__.py -> /home/jeff/theimc_robot/build/debug_pkg/build/lib/debug_pkg
copying debug_pkg/check_odom_straight.py -> /home/jeff/theimc_robot/build/debug_pkg/build/lib/debug_pkg
copying debug_pkg/ekf_test_cmd_sequence.py -> /home/jeff/theimc_robot/build/debug_pkg/build/lib/debug_pkg
copying debug_pkg/yolov8_visualizer_node.py -> /home/jeff/theimc_robot/build/debug_pkg/build/lib/debug_pkg
creating /home/jeff/theimc_robot/build/debug_pkg/build/lib/debug_pkg/lib
copying debug_pkg/lib/__init__.py -> /home/jeff/theimc_robot/build/debug_pkg/build/lib/debug_pkg/lib
running install
running install_lib
creating /home/jeff/theimc_robot/install/debug_pkg/lib/python3.10/site-packages/debug_pkg
copying /home/jeff/theimc_robot/build/debug_pkg/build/lib/debug_pkg/__init__.py -> /home/jeff/theimc_robot/install/debug_pkg/lib/python3.10/site-packages/debug_pkg
copying /home/jeff/theimc_robot/build/debug_pkg/build/lib/debug_pkg/check_odom_straight.py -> /home/jeff/theimc_robot/install/debug_pkg/lib/python3.10/site-packages/debug_pkg
copying /home/jeff/theimc_robot/build/debug_pkg/build/lib/debug_pkg/ekf_test_cmd_sequence.py -> /home/jeff/theimc_robot/install/debug_pkg/lib/python3.10/site-packages/debug_pkg
creating /home/jeff/theimc_robot/install/debug_pkg/lib/python3.10/site-packages/debug_pkg/lib
copying /home/jeff/theimc_robot/build/debug_pkg/build/lib/debug_pkg/lib/__init__.py -> /home/jeff/theimc_robot/install/debug_pkg/lib/python3.10/site-packages/debug_pkg/lib
copying /home/jeff/theimc_robot/build/debug_pkg/build/lib/debug_pkg/yolov8_visualizer_node.py -> /home/jeff/theimc_robot/install/debug_pkg/lib/python3.10/site-packages/debug_pkg
byte-compiling /home/jeff/theimc_robot/install/debug_pkg/lib/python3.10/site-packages/debug_pkg/__init__.py to __init__.cpython-310.pyc
byte-compiling /home/jeff/theimc_robot/install/debug_pkg/lib/python3.10/site-packages/debug_pkg/check_odom_straight.py to check_odom_straight.cpython-310.pyc
byte-compiling /home/jeff/theimc_robot/install/debug_pkg/lib/python3.10/site-packages/debug_pkg/ekf_test_cmd_sequence.py to ekf_test_cmd_sequence.cpython-310.pyc
byte-compiling /home/jeff/theimc_robot/install/debug_pkg/lib/python3.10/site-packages/debug_pkg/lib/__init__.py to __init__.cpython-310.pyc
byte-compiling /home/jeff/theimc_robot/install/debug_pkg/lib/python3.10/site-packages/debug_pkg/yolov8_visualizer_node.py to yolov8_visualizer_node.cpython-310.pyc
running install_data
creating /home/jeff/theimc_robot/install/debug_pkg/share/ament_index
creating /home/jeff/theimc_robot/install/debug_pkg/share/ament_index/resource_index
creating /home/jeff/theimc_robot/install/debug_pkg/share/ament_index/resource_index/packages
copying resource/debug_pkg -> /home/jeff/theimc_robot/install/debug_pkg/share/ament_index/resource_index/packages
copying package.xml -> /home/jeff/theimc_robot/install/debug_pkg/share/debug_pkg
running install_egg_info
Copying ../../build/debug_pkg/debug_pkg.egg-info to /home/jeff/theimc_robot/install/debug_pkg/lib/python3.10/site-packages/debug_pkg-0.0.0-py3.10.egg-info
running install_scripts
Installing check_odom_straight_node script to /home/jeff/theimc_robot/install/debug_pkg/lib/debug_pkg
Installing ekf_test_cmd_sequence script to /home/jeff/theimc_robot/install/debug_pkg/lib/debug_pkg
Installing yolov8_visualizer_node script to /home/jeff/theimc_robot/install/debug_pkg/lib/debug_pkg
writing list of installed files to '/home/jeff/theimc_robot/build/debug_pkg/install.log'
