[2.855s] Invoking command in '/home/jeff/theimc_robot/src/debug_pkg': PYTHONPATH=/home/jeff/theimc_robot/build/debug_pkg/prefix_override:/usr/lib/python3/dist-packages/colcon_core/task/python/colcon_distutils_commands:/home/jeff/theimc_robot/install/debug_pkg/lib/python3.10/site-packages:${PYTHONPATH} /usr/bin/python3 -W ignore:setup.py install is deprecated -W ignore:easy_install command is deprecated setup.py egg_info --egg-base ../../build/debug_pkg build --build-base /home/jeff/theimc_robot/build/debug_pkg/build install --record /home/jeff/theimc_robot/build/debug_pkg/install.log --install-scripts $base/lib/debug_pkg --single-version-externally-managed install_data
[3.440s] running egg_info
[3.441s] creating ../../build/debug_pkg/debug_pkg.egg-info
[3.442s] writing ../../build/debug_pkg/debug_pkg.egg-info/PKG-INFO
[3.444s] writing dependency_links to ../../build/debug_pkg/debug_pkg.egg-info/dependency_links.txt
[3.444s] writing entry points to ../../build/debug_pkg/debug_pkg.egg-info/entry_points.txt
[3.445s] writing requirements to ../../build/debug_pkg/debug_pkg.egg-info/requires.txt
[3.446s] writing top-level names to ../../build/debug_pkg/debug_pkg.egg-info/top_level.txt
[3.446s] writing manifest file '../../build/debug_pkg/debug_pkg.egg-info/SOURCES.txt'
[3.452s] reading manifest file '../../build/debug_pkg/debug_pkg.egg-info/SOURCES.txt'
[3.454s] writing manifest file '../../build/debug_pkg/debug_pkg.egg-info/SOURCES.txt'
[3.455s] running build
[3.456s] running build_py
[3.456s] creating /home/jeff/theimc_robot/build/debug_pkg/build
[3.457s] creating /home/jeff/theimc_robot/build/debug_pkg/build/lib
[3.457s] creating /home/jeff/theimc_robot/build/debug_pkg/build/lib/debug_pkg
[3.458s] copying debug_pkg/__init__.py -> /home/jeff/theimc_robot/build/debug_pkg/build/lib/debug_pkg
[3.459s] copying debug_pkg/check_odom_straight.py -> /home/jeff/theimc_robot/build/debug_pkg/build/lib/debug_pkg
[3.459s] copying debug_pkg/ekf_test_cmd_sequence.py -> /home/jeff/theimc_robot/build/debug_pkg/build/lib/debug_pkg
[3.460s] copying debug_pkg/yolov8_visualizer_node.py -> /home/jeff/theimc_robot/build/debug_pkg/build/lib/debug_pkg
[3.461s] creating /home/jeff/theimc_robot/build/debug_pkg/build/lib/debug_pkg/lib
[3.462s] copying debug_pkg/lib/__init__.py -> /home/jeff/theimc_robot/build/debug_pkg/build/lib/debug_pkg/lib
[3.463s] running install
[3.464s] running install_lib
[3.467s] creating /home/jeff/theimc_robot/install/debug_pkg/lib/python3.10/site-packages/debug_pkg
[3.468s] copying /home/jeff/theimc_robot/build/debug_pkg/build/lib/debug_pkg/__init__.py -> /home/jeff/theimc_robot/install/debug_pkg/lib/python3.10/site-packages/debug_pkg
[3.469s] copying /home/jeff/theimc_robot/build/debug_pkg/build/lib/debug_pkg/check_odom_straight.py -> /home/jeff/theimc_robot/install/debug_pkg/lib/python3.10/site-packages/debug_pkg
[3.470s] copying /home/jeff/theimc_robot/build/debug_pkg/build/lib/debug_pkg/ekf_test_cmd_sequence.py -> /home/jeff/theimc_robot/install/debug_pkg/lib/python3.10/site-packages/debug_pkg
[3.471s] creating /home/jeff/theimc_robot/install/debug_pkg/lib/python3.10/site-packages/debug_pkg/lib
[3.472s] copying /home/jeff/theimc_robot/build/debug_pkg/build/lib/debug_pkg/lib/__init__.py -> /home/jeff/theimc_robot/install/debug_pkg/lib/python3.10/site-packages/debug_pkg/lib
[3.473s] copying /home/jeff/theimc_robot/build/debug_pkg/build/lib/debug_pkg/yolov8_visualizer_node.py -> /home/jeff/theimc_robot/install/debug_pkg/lib/python3.10/site-packages/debug_pkg
[3.475s] byte-compiling /home/jeff/theimc_robot/install/debug_pkg/lib/python3.10/site-packages/debug_pkg/__init__.py to __init__.cpython-310.pyc
[3.476s] byte-compiling /home/jeff/theimc_robot/install/debug_pkg/lib/python3.10/site-packages/debug_pkg/check_odom_straight.py to check_odom_straight.cpython-310.pyc
[3.478s] byte-compiling /home/jeff/theimc_robot/install/debug_pkg/lib/python3.10/site-packages/debug_pkg/ekf_test_cmd_sequence.py to ekf_test_cmd_sequence.cpython-310.pyc
[3.483s] byte-compiling /home/jeff/theimc_robot/install/debug_pkg/lib/python3.10/site-packages/debug_pkg/lib/__init__.py to __init__.cpython-310.pyc
[3.484s] byte-compiling /home/jeff/theimc_robot/install/debug_pkg/lib/python3.10/site-packages/debug_pkg/yolov8_visualizer_node.py to yolov8_visualizer_node.cpython-310.pyc
[3.494s] running install_data
[3.495s] creating /home/jeff/theimc_robot/install/debug_pkg/share/ament_index
[3.495s] creating /home/jeff/theimc_robot/install/debug_pkg/share/ament_index/resource_index
[3.496s] creating /home/jeff/theimc_robot/install/debug_pkg/share/ament_index/resource_index/packages
[3.496s] copying resource/debug_pkg -> /home/jeff/theimc_robot/install/debug_pkg/share/ament_index/resource_index/packages
[3.497s] copying package.xml -> /home/jeff/theimc_robot/install/debug_pkg/share/debug_pkg
[3.498s] running install_egg_info
[3.503s] Copying ../../build/debug_pkg/debug_pkg.egg-info to /home/jeff/theimc_robot/install/debug_pkg/lib/python3.10/site-packages/debug_pkg-0.0.0-py3.10.egg-info
[3.506s] running install_scripts
[3.557s] Installing check_odom_straight_node script to /home/jeff/theimc_robot/install/debug_pkg/lib/debug_pkg
[3.558s] Installing ekf_test_cmd_sequence script to /home/jeff/theimc_robot/install/debug_pkg/lib/debug_pkg
[3.558s] Installing yolov8_visualizer_node script to /home/jeff/theimc_robot/install/debug_pkg/lib/debug_pkg
[3.560s] writing list of installed files to '/home/jeff/theimc_robot/build/debug_pkg/install.log'
[3.718s] Invoked command in '/home/jeff/theimc_robot/src/debug_pkg' returned '0': PYTHONPATH=/home/jeff/theimc_robot/build/debug_pkg/prefix_override:/usr/lib/python3/dist-packages/colcon_core/task/python/colcon_distutils_commands:/home/jeff/theimc_robot/install/debug_pkg/lib/python3.10/site-packages:${PYTHONPATH} /usr/bin/python3 -W ignore:setup.py install is deprecated -W ignore:easy_install command is deprecated setup.py egg_info --egg-base ../../build/debug_pkg build --build-base /home/jeff/theimc_robot/build/debug_pkg/build install --record /home/jeff/theimc_robot/build/debug_pkg/install.log --install-scripts $base/lib/debug_pkg --single-version-externally-managed install_data
