[1.481s] Invoking command in '/home/jeff/theimc_robot/src/decision_making_pkg': CMAKE_PREFIX_PATH=/home/jeff/theimc_robot/install/interfaces_pkg:/home/jeff/theimc_robot/install/theimc_bt_nodes:/home/jeff/theimc_robot/install/theimc_navigation2:/home/jeff/theimc_robot/install/theimc_description:/home/jeff/theimc_robot/install/sllidar_ros2 LD_LIBRARY_PATH=/home/jeff/theimc_robot/install/interfaces_pkg/lib:/usr/local/cuda/lib64:/usr/local/cuda/lib64:/home/jeff/theimc_robot/install/theimc_bt_nodes/lib:/home/jeff/theimc_robot/install/theimc_navigation2/lib:/opt/ros/humble/opt/rviz_ogre_vendor/lib:/opt/ros/humble/lib/aarch64-linux-gnu:/opt/ros/humble/lib PYTHONPATH=/home/jeff/theimc_robot/build/decision_making_pkg/prefix_override:/usr/lib/python3/dist-packages/colcon_core/task/python/colcon_distutils_commands:/home/jeff/theimc_robot/install/decision_making_pkg/lib/python3.10/site-packages:${PYTHONPATH} /usr/bin/python3 -W ignore:setup.py install is deprecated -W ignore:easy_install command is deprecated setup.py egg_info --egg-base ../../build/decision_making_pkg build --build-base /home/jeff/theimc_robot/build/decision_making_pkg/build install --record /home/jeff/theimc_robot/build/decision_making_pkg/install.log --install-scripts $base/lib/decision_making_pkg --single-version-externally-managed install_data
[2.035s] running egg_info
[2.036s] creating ../../build/decision_making_pkg/decision_making_pkg.egg-info
[2.036s] writing ../../build/decision_making_pkg/decision_making_pkg.egg-info/PKG-INFO
[2.037s] writing dependency_links to ../../build/decision_making_pkg/decision_making_pkg.egg-info/dependency_links.txt
[2.037s] writing entry points to ../../build/decision_making_pkg/decision_making_pkg.egg-info/entry_points.txt
[2.038s] writing requirements to ../../build/decision_making_pkg/decision_making_pkg.egg-info/requires.txt
[2.038s] writing top-level names to ../../build/decision_making_pkg/decision_making_pkg.egg-info/top_level.txt
[2.038s] writing manifest file '../../build/decision_making_pkg/decision_making_pkg.egg-info/SOURCES.txt'
[2.042s] reading manifest file '../../build/decision_making_pkg/decision_making_pkg.egg-info/SOURCES.txt'
[2.043s] writing manifest file '../../build/decision_making_pkg/decision_making_pkg.egg-info/SOURCES.txt'
[2.043s] running build
[2.044s] running build_py
[2.044s] creating /home/jeff/theimc_robot/build/decision_making_pkg/build
[2.044s] creating /home/jeff/theimc_robot/build/decision_making_pkg/build/lib
[2.044s] creating /home/jeff/theimc_robot/build/decision_making_pkg/build/lib/decision_making_pkg
[2.044s] copying decision_making_pkg/__init__.py -> /home/jeff/theimc_robot/build/decision_making_pkg/build/lib/decision_making_pkg
[2.045s] copying decision_making_pkg/rail_approach_action_server_node.py -> /home/jeff/theimc_robot/build/decision_making_pkg/build/lib/decision_making_pkg
[2.045s] copying decision_making_pkg/rail_pd_controller_node.py -> /home/jeff/theimc_robot/build/decision_making_pkg/build/lib/decision_making_pkg
[2.046s] copying decision_making_pkg/aruco_docker_node.py -> /home/jeff/theimc_robot/build/decision_making_pkg/build/lib/decision_making_pkg
[2.046s] creating /home/jeff/theimc_robot/build/decision_making_pkg/build/lib/decision_making_pkg/lib
[2.046s] copying decision_making_pkg/lib/__init__.py -> /home/jeff/theimc_robot/build/decision_making_pkg/build/lib/decision_making_pkg/lib
[2.047s] copying decision_making_pkg/lib/decision_making_function_lib.py -> /home/jeff/theimc_robot/build/decision_making_pkg/build/lib/decision_making_pkg/lib
[2.048s] running install
[2.048s] running install_lib
[2.050s] creating /home/jeff/theimc_robot/install/decision_making_pkg/lib/python3.10/site-packages/decision_making_pkg
[2.050s] copying /home/jeff/theimc_robot/build/decision_making_pkg/build/lib/decision_making_pkg/__init__.py -> /home/jeff/theimc_robot/install/decision_making_pkg/lib/python3.10/site-packages/decision_making_pkg
[2.050s] copying /home/jeff/theimc_robot/build/decision_making_pkg/build/lib/decision_making_pkg/rail_approach_action_server_node.py -> /home/jeff/theimc_robot/install/decision_making_pkg/lib/python3.10/site-packages/decision_making_pkg
[2.050s] copying /home/jeff/theimc_robot/build/decision_making_pkg/build/lib/decision_making_pkg/rail_pd_controller_node.py -> /home/jeff/theimc_robot/install/decision_making_pkg/lib/python3.10/site-packages/decision_making_pkg
[2.051s] copying /home/jeff/theimc_robot/build/decision_making_pkg/build/lib/decision_making_pkg/aruco_docker_node.py -> /home/jeff/theimc_robot/install/decision_making_pkg/lib/python3.10/site-packages/decision_making_pkg
[2.051s] creating /home/jeff/theimc_robot/install/decision_making_pkg/lib/python3.10/site-packages/decision_making_pkg/lib
[2.051s] copying /home/jeff/theimc_robot/build/decision_making_pkg/build/lib/decision_making_pkg/lib/__init__.py -> /home/jeff/theimc_robot/install/decision_making_pkg/lib/python3.10/site-packages/decision_making_pkg/lib
[2.052s] copying /home/jeff/theimc_robot/build/decision_making_pkg/build/lib/decision_making_pkg/lib/decision_making_function_lib.py -> /home/jeff/theimc_robot/install/decision_making_pkg/lib/python3.10/site-packages/decision_making_pkg/lib
[2.053s] byte-compiling /home/jeff/theimc_robot/install/decision_making_pkg/lib/python3.10/site-packages/decision_making_pkg/__init__.py to __init__.cpython-310.pyc
[2.054s] byte-compiling /home/jeff/theimc_robot/install/decision_making_pkg/lib/python3.10/site-packages/decision_making_pkg/rail_approach_action_server_node.py to rail_approach_action_server_node.cpython-310.pyc
[2.059s] byte-compiling /home/jeff/theimc_robot/install/decision_making_pkg/lib/python3.10/site-packages/decision_making_pkg/rail_pd_controller_node.py to rail_pd_controller_node.cpython-310.pyc
[2.063s] byte-compiling /home/jeff/theimc_robot/install/decision_making_pkg/lib/python3.10/site-packages/decision_making_pkg/aruco_docker_node.py to aruco_docker_node.cpython-310.pyc
[2.065s] byte-compiling /home/jeff/theimc_robot/install/decision_making_pkg/lib/python3.10/site-packages/decision_making_pkg/lib/__init__.py to __init__.cpython-310.pyc
[2.066s] byte-compiling /home/jeff/theimc_robot/install/decision_making_pkg/lib/python3.10/site-packages/decision_making_pkg/lib/decision_making_function_lib.py to decision_making_function_lib.cpython-310.pyc
[2.066s] running install_data
[2.067s] creating /home/jeff/theimc_robot/install/decision_making_pkg/share/ament_index
[2.067s] creating /home/jeff/theimc_robot/install/decision_making_pkg/share/ament_index/resource_index
[2.067s] creating /home/jeff/theimc_robot/install/decision_making_pkg/share/ament_index/resource_index/packages
[2.067s] copying resource/decision_making_pkg -> /home/jeff/theimc_robot/install/decision_making_pkg/share/ament_index/resource_index/packages
[2.067s] copying package.xml -> /home/jeff/theimc_robot/install/decision_making_pkg/share/decision_making_pkg
[2.068s] running install_egg_info
[2.072s] Copying ../../build/decision_making_pkg/decision_making_pkg.egg-info to /home/jeff/theimc_robot/install/decision_making_pkg/lib/python3.10/site-packages/decision_making_pkg-0.0.0-py3.10.egg-info
[2.074s] running install_scripts
[2.116s] Installing aruco_docker_node script to /home/jeff/theimc_robot/install/decision_making_pkg/lib/decision_making_pkg
[2.116s] Installing rail_approach_action_server_node script to /home/jeff/theimc_robot/install/decision_making_pkg/lib/decision_making_pkg
[2.117s] Installing rail_pd_controller_node script to /home/jeff/theimc_robot/install/decision_making_pkg/lib/decision_making_pkg
[2.118s] writing list of installed files to '/home/jeff/theimc_robot/build/decision_making_pkg/install.log'
[2.188s] Invoked command in '/home/jeff/theimc_robot/src/decision_making_pkg' returned '0': CMAKE_PREFIX_PATH=/home/jeff/theimc_robot/install/interfaces_pkg:/home/jeff/theimc_robot/install/theimc_bt_nodes:/home/jeff/theimc_robot/install/theimc_navigation2:/home/jeff/theimc_robot/install/theimc_description:/home/jeff/theimc_robot/install/sllidar_ros2 LD_LIBRARY_PATH=/home/jeff/theimc_robot/install/interfaces_pkg/lib:/usr/local/cuda/lib64:/usr/local/cuda/lib64:/home/jeff/theimc_robot/install/theimc_bt_nodes/lib:/home/jeff/theimc_robot/install/theimc_navigation2/lib:/opt/ros/humble/opt/rviz_ogre_vendor/lib:/opt/ros/humble/lib/aarch64-linux-gnu:/opt/ros/humble/lib PYTHONPATH=/home/jeff/theimc_robot/build/decision_making_pkg/prefix_override:/usr/lib/python3/dist-packages/colcon_core/task/python/colcon_distutils_commands:/home/jeff/theimc_robot/install/decision_making_pkg/lib/python3.10/site-packages:${PYTHONPATH} /usr/bin/python3 -W ignore:setup.py install is deprecated -W ignore:easy_install command is deprecated setup.py egg_info --egg-base ../../build/decision_making_pkg build --build-base /home/jeff/theimc_robot/build/decision_making_pkg/build install --record /home/jeff/theimc_robot/build/decision_making_pkg/install.log --install-scripts $base/lib/decision_making_pkg --single-version-externally-managed install_data
