[0.027s] Invoking command in '/home/jeff/theimc_robot/build/theimc_bt_nodes': CMAKE_PREFIX_PATH=/home/jeff/theimc_robot/install/theimc_navigation2:/home/jeff/theimc_robot/install/interfaces_pkg:/home/jeff/theimc_robot/install/theimc_bt_nodes:/home/jeff/theimc_robot/install/theimc_description:/home/jeff/theimc_robot/install/sllidar_ros2:/home/jeff/theimc_robot/install/theimc_teleop:/home/jeff/theimc_robot/install/theimc_bringup:/home/jeff/theimc_robot/install/localizer_server:/home/jeff/theimc_robot/install/decision_making_pkg:/home/jeff/theimc_robot/install/debug_pkg:/home/jeff/theimc_robot/install/camera_perception_pkg:/opt/ros/humble LD_LIBRARY_PATH=/home/jeff/theimc_robot/install/theimc_navigation2/lib:/home/jeff/theimc_robot/install/interfaces_pkg/lib:/usr/local/cuda/lib64:/usr/local/cuda/lib64:/home/jeff/theimc_robot/install/theimc_bt_nodes/lib:/opt/ros/humble/opt/rviz_ogre_vendor/lib:/opt/ros/humble/lib/aarch64-linux-gnu:/opt/ros/humble/lib /usr/bin/cmake --build /home/jeff/theimc_robot/build/theimc_bt_nodes -- -j6 -l6
[0.139s] [35m[1mConsolidate compiler generated dependencies of target theimc_bt_nodes[0m
[0.157s] [ 11%] Built target mission_bt_runner
[0.250s] [ 17%] [32mBuilding CXX object CMakeFiles/theimc_bt_nodes.dir/src/register_nodes.cpp.o[0m
[0.252s] [ 23%] [32mBuilding CXX object CMakeFiles/theimc_bt_nodes.dir/src/wait_for_charge.cpp.o[0m
[5.525s] [01m[K/home/jeff/theimc_robot/src/theimc_bt_nodes/src/wait_for_charge.cpp:6:1:[m[K [01;31m[Kerror: [m[K‘[01m[KWaitForCharge[m[K’ does not name a type
[5.525s]     6 | [01;31m[KWaitForCharge[m[K::WaitForCharge(
[5.525s]       | [01;31m[K^~~~~~~~~~~~~[m[K
[5.526s] [01m[K/home/jeff/theimc_robot/src/theimc_bt_nodes/src/wait_for_charge.cpp:22:1:[m[K [01;31m[Kerror: [m[K‘[01m[KBT[m[K’ does not name a type
[5.526s]    22 | [01;31m[KBT[m[K::PortsList WaitForCharge::providedPorts() {
[5.527s]       | [01;31m[K^~[m[K
[5.528s] [01m[K/home/jeff/theimc_robot/src/theimc_bt_nodes/src/wait_for_charge.cpp:28:1:[m[K [01;31m[Kerror: [m[K‘[01m[KBT[m[K’ does not name a type
[5.528s]    28 | [01;31m[KBT[m[K::NodeStatus WaitForCharge::onStart() {
[5.529s]       | [01;31m[K^~[m[K
[5.530s] [01m[K/home/jeff/theimc_robot/src/theimc_bt_nodes/src/wait_for_charge.cpp:37:1:[m[K [01;31m[Kerror: [m[K‘[01m[KBT[m[K’ does not name a type
[5.531s]    37 | [01;31m[KBT[m[K::NodeStatus WaitForCharge::onRunning() {
[5.531s]       | [01;31m[K^~[m[K
[5.531s] [01m[K/home/jeff/theimc_robot/src/theimc_bt_nodes/src/wait_for_charge.cpp:59:6:[m[K [01;31m[Kerror: [m[K‘[01m[KWaitForCharge[m[K’ has not been declared
[5.531s]    59 | void [01;31m[KWaitForCharge[m[K::onHalted() {
[5.531s]       |      [01;31m[K^~~~~~~~~~~~~[m[K
[5.540s] In file included from [01m[K/opt/ros/humble/include/rclcpp/rclcpp/client.hpp:40[m[K,
[5.540s]                  from [01m[K/opt/ros/humble/include/rclcpp/rclcpp/callback_group.hpp:24[m[K,
[5.540s]                  from [01m[K/opt/ros/humble/include/rclcpp/rclcpp/any_executable.hpp:20[m[K,
[5.540s]                  from [01m[K/opt/ros/humble/include/rclcpp/rclcpp/memory_strategy.hpp:25[m[K,
[5.540s]                  from [01m[K/opt/ros/humble/include/rclcpp/rclcpp/memory_strategies.hpp:18[m[K,
[5.541s]                  from [01m[K/opt/ros/humble/include/rclcpp/rclcpp/executor_options.hpp:20[m[K,
[5.541s]                  from [01m[K/opt/ros/humble/include/rclcpp/rclcpp/executor.hpp:37[m[K,
[5.541s]                  from [01m[K/opt/ros/humble/include/rclcpp/rclcpp/executors/multi_threaded_executor.hpp:25[m[K,
[5.541s]                  from [01m[K/opt/ros/humble/include/rclcpp/rclcpp/executors.hpp:21[m[K,
[5.541s]                  from [01m[K/opt/ros/humble/include/rclcpp/rclcpp/rclcpp.hpp:155[m[K,
[5.541s]                  from [01m[K/home/jeff/theimc_robot/src/theimc_bt_nodes/src/wait_for_charge.cpp:2[m[K:
[5.541s] [01m[K/home/jeff/theimc_robot/src/theimc_bt_nodes/src/wait_for_charge.cpp:[m[K In function ‘[01m[Kvoid theimc_bt_nodes::onHalted()[m[K’:
[5.542s] [01m[K/home/jeff/theimc_robot/src/theimc_bt_nodes/src/wait_for_charge.cpp:60:17:[m[K [01;31m[Kerror: [m[K‘[01m[Knode_[m[K’ was not declared in this scope; did you mean ‘[01m[Kmode_t[m[K’?
[5.542s]    60 |     RCLCPP_WARN([01;31m[Knode_[m[K->get_logger(), "WaitForCharge halted before reaching target battery.");
[5.542s]       |                 [01;31m[K^~~~~[m[K
[5.542s] [01m[K/home/jeff/theimc_robot/src/theimc_bt_nodes/src/wait_for_charge.cpp:60:5:[m[K [01;31m[Kerror: [m[Ktemplate argument 1 is invalid
[5.542s]    60 |     [01;31m[KRCLCPP_WARN[m[K(node_->get_logger(), "WaitForCharge halted before reaching target battery.");
[5.542s]       |     [01;31m[K^~~~~~~~~~~[m[K
[6.559s] gmake[2]: *** [CMakeFiles/theimc_bt_nodes.dir/build.make:244: CMakeFiles/theimc_bt_nodes.dir/src/wait_for_charge.cpp.o] Error 1
[6.559s] gmake[2]: *** Waiting for unfinished jobs....
[7.928s] [01m[K/home/jeff/theimc_robot/src/theimc_bt_nodes/src/register_nodes.cpp:[m[K In function ‘[01m[Kvoid BT_RegisterNodesFromPlugin(BT::BehaviorTreeFactory&)[m[K’:
[7.929s] [01m[K/home/jeff/theimc_robot/src/theimc_bt_nodes/src/register_nodes.cpp:30:45:[m[K [01;31m[Kerror: [m[K‘[01m[KWaitForCharge[m[K’ is not a member of ‘[01m[Ktheimc_bt_nodes[m[K’
[7.929s]    30 |   factory.registerNodeType<theimc_bt_nodes::[01;31m[KWaitForCharge[m[K>("WaitForCharge");
[7.929s]       |                                             [01;31m[K^~~~~~~~~~~~~[m[K
[7.930s] [01m[K/home/jeff/theimc_robot/src/theimc_bt_nodes/src/register_nodes.cpp:30:59:[m[K [01;31m[Kerror: [m[Kno matching function for call to ‘[01m[KBT::BehaviorTreeFactory::registerNodeType<<expression error> >(const char [14])[m[K’
[7.930s]    30 |   [01;31m[Kfactory.registerNodeType<theimc_bt_nodes::WaitForCharge>("WaitForCharge")[m[K;
[7.930s]       |   [01;31m[K~~~~~~~~~~~~~~~~~~~~~~~~~~~~~~~~~~~~~~~~~~~~~~~~~~~~~~~~^~~~~~~~~~~~~~~~~[m[K
[7.931s] In file included from [01m[K/home/jeff/theimc_robot/src/theimc_bt_nodes/src/register_nodes.cpp:1[m[K:
[7.931s] [01m[K/opt/ros/humble/include/behaviortree_cpp_v3/bt_factory.h:364:8:[m[K [01;36m[Knote: [m[Kcandidate: ‘[01m[Ktemplate<class T> void BT::BehaviorTreeFactory::registerNodeType(const string&)[m[K’
[7.931s]   364 |   void [01;36m[KregisterNodeType[m[K(const std::string& ID)
[7.931s]       |        [01;36m[K^~~~~~~~~~~~~~~~[m[K
[7.932s] [01m[K/opt/ros/humble/include/behaviortree_cpp_v3/bt_factory.h:364:8:[m[K [01;36m[Knote: [m[K  template argument deduction/substitution failed:
[7.932s] [01m[K/home/jeff/theimc_robot/src/theimc_bt_nodes/src/register_nodes.cpp:30:59:[m[K [01;31m[Kerror: [m[Ktemplate argument 1 is invalid
[7.932s]    30 |   [01;31m[Kfactory.registerNodeType<theimc_bt_nodes::WaitForCharge>("WaitForCharge")[m[K;
[7.932s]       |   [01;31m[K~~~~~~~~~~~~~~~~~~~~~~~~~~~~~~~~~~~~~~~~~~~~~~~~~~~~~~~~^~~~~~~~~~~~~~~~~[m[K
[7.933s] In file included from [01m[K/home/jeff/theimc_robot/src/theimc_bt_nodes/src/register_nodes.cpp:1[m[K:
[7.933s] [01m[K/opt/ros/humble/include/behaviortree_cpp_v3/bt_factory.h:422:8:[m[K [01;36m[Knote: [m[Kcandidate: ‘[01m[Ktemplate<class T> void BT::BehaviorTreeFactory::registerNodeType(const string&, BT::PortsList)[m[K’
[7.933s]   422 |   void [01;36m[KregisterNodeType[m[K(const std::string& ID, PortsList ports)
[7.933s]       |        [01;36m[K^~~~~~~~~~~~~~~~[m[K
[7.934s] [01m[K/opt/ros/humble/include/behaviortree_cpp_v3/bt_factory.h:422:8:[m[K [01;36m[Knote: [m[K  template argument deduction/substitution failed:
[7.934s] [01m[K/home/jeff/theimc_robot/src/theimc_bt_nodes/src/register_nodes.cpp:30:59:[m[K [01;31m[Kerror: [m[Ktemplate argument 1 is invalid
[7.934s]    30 |   [01;31m[Kfactory.registerNodeType<theimc_bt_nodes::WaitForCharge>("WaitForCharge")[m[K;
[7.934s]       |   [01;31m[K~~~~~~~~~~~~~~~~~~~~~~~~~~~~~~~~~~~~~~~~~~~~~~~~~~~~~~~~^~~~~~~~~~~~~~~~~[m[K
[9.763s] gmake[2]: *** [CMakeFiles/theimc_bt_nodes.dir/build.make:174: CMakeFiles/theimc_bt_nodes.dir/src/register_nodes.cpp.o] Error 1
[9.764s] gmake[1]: *** [CMakeFiles/Makefile2:139: CMakeFiles/theimc_bt_nodes.dir/all] Error 2
[9.765s] gmake: *** [Makefile:146: all] Error 2
[9.771s] Invoked command in '/home/jeff/theimc_robot/build/theimc_bt_nodes' returned '2': CMAKE_PREFIX_PATH=/home/jeff/theimc_robot/install/theimc_navigation2:/home/jeff/theimc_robot/install/interfaces_pkg:/home/jeff/theimc_robot/install/theimc_bt_nodes:/home/jeff/theimc_robot/install/theimc_description:/home/jeff/theimc_robot/install/sllidar_ros2:/home/jeff/theimc_robot/install/theimc_teleop:/home/jeff/theimc_robot/install/theimc_bringup:/home/jeff/theimc_robot/install/localizer_server:/home/jeff/theimc_robot/install/decision_making_pkg:/home/jeff/theimc_robot/install/debug_pkg:/home/jeff/theimc_robot/install/camera_perception_pkg:/opt/ros/humble LD_LIBRARY_PATH=/home/jeff/theimc_robot/install/theimc_navigation2/lib:/home/jeff/theimc_robot/install/interfaces_pkg/lib:/usr/local/cuda/lib64:/usr/local/cuda/lib64:/home/jeff/theimc_robot/install/theimc_bt_nodes/lib:/opt/ros/humble/opt/rviz_ogre_vendor/lib:/opt/ros/humble/lib/aarch64-linux-gnu:/opt/ros/humble/lib /usr/bin/cmake --build /home/jeff/theimc_robot/build/theimc_bt_nodes -- -j6 -l6
