[0.051s] Invoking command in '/home/jeff/theimc_robot/build/theimc_description': CMAKE_PREFIX_PATH=${CMAKE_PREFIX_PATH}:/home/jeff/theimc_robot/install/theimc_teleop:/home/jeff/theimc_robot/install/theimc_bringup:/home/jeff/theimc_robot/install/localizer_server:/home/jeff/theimc_robot/install/decision_making_pkg:/home/jeff/theimc_robot/install/debug_pkg:/home/jeff/theimc_robot/install/camera_perception_pkg:/opt/ros/humble /usr/bin/cmake --build /home/jeff/theimc_robot/build/theimc_description -- -j6 -l6
[0.727s] Invoked command in '/home/jeff/theimc_robot/build/theimc_description' returned '0': CMAKE_PREFIX_PATH=${CMAKE_PREFIX_PATH}:/home/jeff/theimc_robot/install/theimc_teleop:/home/jeff/theimc_robot/install/theimc_bringup:/home/jeff/theimc_robot/install/localizer_server:/home/jeff/theimc_robot/install/decision_making_pkg:/home/jeff/theimc_robot/install/debug_pkg:/home/jeff/theimc_robot/install/camera_perception_pkg:/opt/ros/humble /usr/bin/cmake --build /home/jeff/theimc_robot/build/theimc_description -- -j6 -l6
[0.729s] Invoking command in '/home/jeff/theimc_robot/build/theimc_description': CMAKE_PREFIX_PATH=${CMAKE_PREFIX_PATH}:/home/jeff/theimc_robot/install/theimc_teleop:/home/jeff/theimc_robot/install/theimc_bringup:/home/jeff/theimc_robot/install/localizer_server:/home/jeff/theimc_robot/install/decision_making_pkg:/home/jeff/theimc_robot/install/debug_pkg:/home/jeff/theimc_robot/install/camera_perception_pkg:/opt/ros/humble /usr/bin/cmake --install /home/jeff/theimc_robot/build/theimc_description
[0.749s] -- Install configuration: ""
[0.750s] -- Execute custom install script
[0.751s] -- Up-to-date symlink: /home/jeff/theimc_robot/install/theimc_description/share/theimc_description/launch/theimc_description.launch.py
[0.752s] -- Up-to-date symlink: /home/jeff/theimc_robot/install/theimc_description/share/theimc_description/rviz/model.rviz
[0.752s] -- Up-to-date symlink: /home/jeff/theimc_robot/install/theimc_description/share/theimc_description/rviz/theimc.rviz
[0.753s] -- Up-to-date symlink: /home/jeff/theimc_robot/install/theimc_description/share/theimc_description/urdf/theimc.urdf
[0.754s] -- Up-to-date symlink: /home/jeff/theimc_robot/install/theimc_description/share/ament_index/resource_index/package_run_dependencies/theimc_description
[0.755s] -- Up-to-date symlink: /home/jeff/theimc_robot/install/theimc_description/share/ament_index/resource_index/parent_prefix_path/theimc_description
[0.755s] -- Up-to-date symlink: /home/jeff/theimc_robot/install/theimc_description/share/theimc_description/environment/ament_prefix_path.sh
[0.756s] -- Up-to-date symlink: /home/jeff/theimc_robot/install/theimc_description/share/theimc_description/environment/ament_prefix_path.dsv
[0.756s] -- Up-to-date symlink: /home/jeff/theimc_robot/install/theimc_description/share/theimc_description/environment/path.sh
[0.757s] -- Up-to-date symlink: /home/jeff/theimc_robot/install/theimc_description/share/theimc_description/environment/path.dsv
[0.758s] -- Up-to-date symlink: /home/jeff/theimc_robot/install/theimc_description/share/theimc_description/local_setup.bash
[0.758s] -- Up-to-date symlink: /home/jeff/theimc_robot/install/theimc_description/share/theimc_description/local_setup.sh
[0.760s] -- Up-to-date symlink: /home/jeff/theimc_robot/install/theimc_description/share/theimc_description/local_setup.zsh
[0.760s] -- Up-to-date symlink: /home/jeff/theimc_robot/install/theimc_description/share/theimc_description/local_setup.dsv
[0.760s] -- Symlinking: /home/jeff/theimc_robot/install/theimc_description/share/theimc_description/package.dsv
[0.782s] -- Up-to-date symlink: /home/jeff/theimc_robot/install/theimc_description/share/ament_index/resource_index/packages/theimc_description
[0.783s] -- Up-to-date symlink: /home/jeff/theimc_robot/install/theimc_description/share/theimc_description/cmake/theimc_descriptionConfig.cmake
[0.783s] -- Up-to-date symlink: /home/jeff/theimc_robot/install/theimc_description/share/theimc_description/cmake/theimc_descriptionConfig-version.cmake
[0.783s] -- Up-to-date symlink: /home/jeff/theimc_robot/install/theimc_description/share/theimc_description/package.xml
[0.787s] Invoked command in '/home/jeff/theimc_robot/build/theimc_description' returned '0': CMAKE_PREFIX_PATH=${CMAKE_PREFIX_PATH}:/home/jeff/theimc_robot/install/theimc_teleop:/home/jeff/theimc_robot/install/theimc_bringup:/home/jeff/theimc_robot/install/localizer_server:/home/jeff/theimc_robot/install/decision_making_pkg:/home/jeff/theimc_robot/install/debug_pkg:/home/jeff/theimc_robot/install/camera_perception_pkg:/opt/ros/humble /usr/bin/cmake --install /home/jeff/theimc_robot/build/theimc_description
